Component: ARM Compiler 5.06 update 1 (build 61) Tool: armlink [4d35a8]

==============================================================================

Section Cross References

    main.o(i.mymain) refers to main.o(i.delay) for delay
    main.o(i.mymain) refers to uart.o(i.putchar) for putchar
    start.o(RESET) refers to start.o(.text) for Reset_Handler
    start.o(.text) refers to main.o(i.mymain) for mymain
    uart.o(i.putstr) refers to uart.o(i.putchar) for putchar


==============================================================================

Image Symbol Table

    Local Symbols

    Symbol Name                              Value     Ov Type        Size  Object(Section)

    main.c                                   0x00000000   Number         0  main.o ABSOLUTE
    start.s                                  0x00000000   Number         0  start.o ABSOLUTE
    uart.c                                   0x00000000   Number         0  uart.o ABSOLUTE
    RESET                                    0x20000000   Section        8  start.o(RESET)
    .text                                    0x20000008   Section        8  start.o(.text)
    i.copy_myself                            0x20000010   Section        0  main.o(i.copy_myself)
    i.delay                                  0x20000034   Section        0  main.o(i.delay)
    i.getchar                                0x20000040   Section        0  uart.o(i.getchar)
    i.mymain                                 0x20000058   Section        0  main.o(i.mymain)
    i.putchar                                0x2000007c   Section        0  uart.o(i.putchar)
    i.putstr                                 0x20000094   Section        0  uart.o(i.putstr)
    i.uart_init                              0x200000ac   Section        0  uart.o(i.uart_init)

    Global Symbols

    Symbol Name                              Value     Ov Type        Size  Object(Section)

    BuildAttributes$$THM_ISAv4$P$D$K$B$S$PE$A:L22UL41UL21$X:L11$S22US41US21$IEEE1$IW$USESV6$~STKCKD$USESV7$~SHL$OSPACE$EBA8$STANDARDLIB$REQ8$PRES8$EABIv2 0x00000000   Number         0  anon$$obj.o ABSOLUTE
    __Vectors                                0x20000000   Data           4  start.o(RESET)
    Reset_Handler                            0x20000009   Thumb Code     4  start.o(.text)
    copy_myself                              0x20000011   Thumb Code    36  main.o(i.copy_myself)
    delay                                    0x20000035   Thumb Code    12  main.o(i.delay)
    getchar                                  0x20000041   Thumb Code    18  uart.o(i.getchar)
    mymain                                   0x20000059   Thumb Code    28  main.o(i.mymain)
    putchar                                  0x2000007d   Thumb Code    18  uart.o(i.putchar)
    putstr                                   0x20000095   Thumb Code    22  uart.o(i.putstr)
    uart_init                                0x200000ad   Thumb Code    68  uart.o(i.uart_init)



==============================================================================

Memory Map of the image

  Image entry point : Not specified.

  Load Region LR_IROM1 (Base: 0x20000000, Size: 0x000000fc, Max: 0x00005000, ABSOLUTE)

    Execution Region ER_IROM1 (Base: 0x20000000, Size: 0x000000fc, Max: 0x00005000, ABSOLUTE)

    Base Addr    Size         Type   Attr      Idx    E Section Name        Object

    0x20000000   0x00000008   Data   RO           30    RESET               start.o
    0x20000008   0x00000008   Code   RO           31    .text               start.o
    0x20000010   0x00000024   Code   RO            1    i.copy_myself       main.o
    0x20000034   0x0000000c   Code   RO            2    i.delay             main.o
    0x20000040   0x00000018   Code   RO           36    i.getchar           uart.o
    0x20000058   0x00000024   Code   RO            3    i.mymain            main.o
    0x2000007c   0x00000018   Code   RO           37    i.putchar           uart.o
    0x20000094   0x00000016   Code   RO           38    i.putstr            uart.o
    0x200000aa   0x00000002   PAD
    0x200000ac   0x00000050   Code   RO           39    i.uart_init         uart.o


    Execution Region RW_IRAM1 (Base: 0x20005000, Size: 0x00000000, Max: 0xffffffff, ABSOLUTE)

    **** No section assigned to this execution region ****


==============================================================================

Image component sizes


      Code (inc. data)   RO Data    RW Data    ZI Data      Debug   Object Name

        84          8          0          0          0       2951   main.o
         8          4          8          0          0        360   start.o
       150         24          0          0          0       2381   uart.o

    ----------------------------------------------------------------------
       244         36          8          0          0       5692   Object Totals
         0          0          0          0          0          0   (incl. Generated)
         2          0          0          0          0          0   (incl. Padding)

    ----------------------------------------------------------------------
         0          0          0          0          0          0   Library Totals
         0          0          0          0          0          0   (incl. Padding)

    ----------------------------------------------------------------------

==============================================================================


      Code (inc. data)   RO Data    RW Data    ZI Data      Debug   

       244         36          8          0          0       5484   Grand Totals
       244         36          8          0          0       5484   ELF Image Totals
       244         36          8          0          0          0   ROM Totals

==============================================================================

    Total RO  Size (Code + RO Data)                  252 (   0.25kB)
    Total RW  Size (RW Data + ZI Data)                 0 (   0.00kB)
    Total ROM Size (Code + RO Data + RW Data)        252 (   0.25kB)

==============================================================================

