<html>
<body>
<pre>
<h1>礦ision Build Log</h1>
<h2>Tool Versions:</h2>
IDE-Version: μVision V5.18.0.0
Copyright (C) 2016 ARM Ltd and ARM Germany GmbH. All rights reserved.
License Information: 1324 12341, 2421, LIC=SDA0P-MR52E-30CNC-7KINC-D8AHR-G9FXQ
 
Tool Versions:
Toolchain:       MDK-ARM Standard  Version: 5.18
Toolchain Path:  D:\SingleChip\32\Keil5 Software\ARM\ARMCC\Bin
C Compiler:      Armcc.exe V5.06 update 1 (build 61)
Assembler:       Armasm.exe V5.06 update 1 (build 61)
Linker/Locator:  ArmLink.exe V5.06 update 1 (build 61)
Library Manager: ArmAr.exe V5.06 update 1 (build 61)
Hex Converter:   FromElf.exe V5.06 update 1 (build 61)
CPU DLL:         SARMCM3.DLL V5.18
Dialog DLL:      DCM.DLL V1.13.6.0
Target DLL:      STLink\ST-LINKIII-KEIL_SWO.dll V2.0.18.0
Dialog DLL:      TCM.DLL V1.14.8.0
 
<h2>Project:</h2>
D:\ProjectSet\Test_Bootloader_1220\03_BootLoader根据头部信息复制APP\01_FreeRTOS_Template_app2副本\MDK-ARM\F103_Moduel.uvprojx
Project File Date:  12/28/2025

<h2>Output:</h2>
*** Using Compiler 'V5.06 update 1 (build 61)', folder: 'D:\SingleChip\32\Keil5 Software\ARM\ARMCC\Bin'
Rebuild target 'F103_Moduel'
assembling startup_stm32f103xe.s...
compiling gpio.c...
compiling stm32f1xx_it.c...
compiling usart.c...
compiling stm32f1xx_hal_timebase_tim.c...
compiling freertos.c...
compiling main.c...
compiling stm32f1xx_hal_msp.c...
compiling stm32f1xx_hal.c...
compiling stm32f1xx_hal_rcc_ex.c...
compiling stm32f1xx_hal_rcc.c...
compiling stm32f1xx_hal_cortex.c...
compiling stm32f1xx_hal_gpio.c...
compiling stm32f1xx_hal_gpio_ex.c...
compiling stm32f1xx_hal_dma.c...
compiling stm32f1xx_hal_pwr.c...
compiling stm32f1xx_hal_flash_ex.c...
compiling stm32f1xx_hal_flash.c...
compiling stm32f1xx_hal_uart.c...
compiling stm32f1xx_hal_exti.c...
compiling stm32f1xx_hal_tim_ex.c...
compiling stm32f1xx_hal_tim.c...
compiling croutine.c...
compiling event_groups.c...
compiling list.c...
compiling queue.c...
compiling system_stm32f1xx.c...
compiling driver_usart.c...
..\ModuleDrivers\driver_usart.c(65): warning:  #940-D: missing return statement at end of non-void function "fputc"
  }
..\ModuleDrivers\driver_usart.c: 1 warning, 0 errors
compiling stream_buffer.c...
compiling driver_key.c...
compiling timers.c...
compiling ring_buffer.c...
compiling tasks.c...
compiling heap_4.c...
compiling port.c...
compiling cmsis_os2.c...
linking...
Program Size: Code=16532 RO-data=408 RW-data=152 ZI-data=8624  
FromELF: creating hex file...
After Build - User command #1: fromelf  --text  -a -c  --output=APP2_Freertos.dis  F103_Moduel\F103_Moduel.axf
After Build - User command #2: fromelf  --bin  --output=APP2_Freertos.bin  F103_Moduel\F103_Moduel.axf
"F103_Moduel\F103_Moduel.axf" - 0 Error(s), 1 Warning(s).

<h2>Software Packages used:</h2>

Package Vendor: ARM
                http://www.keil.com/pack/ARM.CMSIS.5.9.0.pack
                ARM::CMSIS:CORE:5.6.0
                CMSIS (Common Microcontroller Software Interface Standard)
   * Component: CORE Version: 5.6.0

<h2>Collection of Component include folders:</h2>
  D:\ProjectSet\Test_Bootloader_1220\03_BootLoader根据头部信息复制APP\01_FreeRTOS_Template_app2副本\MDK-ARM\RTE
  D:\SingleChip\32\Keil5 Software\ARM\CMSIS\5.9.0\CMSIS\Core\Include
  D:\SingleChip\32\Keil5 Software\Keil\STM32F1xx_DFP\2.4.1\Device\Include

<h2>Collection of Component Files used:</h2>

   * Component: ARM::CMSIS:CORE:5.6.0
      Include file:  CMSIS\Core\Include\tz_context.h
      Source file:   CMSIS\Core\Template\ARMv8-M\main_s.c
      Source file:   CMSIS\Core\Template\ARMv8-M\tz_context.c
Build Time Elapsed:  00:00:19
</pre>
</body>
</html>
