Component: ARM Compiler 5.06 update 1 (build 61) Tool: armlink [4d35a8]

==============================================================================

Section Cross References

    startup_stm32f103xe.o(RESET) refers to startup_stm32f103xe.o(STACK) for __initial_sp
    startup_stm32f103xe.o(RESET) refers to startup_stm32f103xe.o(.text) for Reset_Handler
    startup_stm32f103xe.o(RESET) refers to stm32f1xx_it.o(i.NMI_Handler) for NMI_Handler
    startup_stm32f103xe.o(RESET) refers to stm32f1xx_it.o(i.HardFault_Handler) for HardFault_Handler
    startup_stm32f103xe.o(RESET) refers to stm32f1xx_it.o(i.MemManage_Handler) for MemManage_Handler
    startup_stm32f103xe.o(RESET) refers to stm32f1xx_it.o(i.BusFault_Handler) for BusFault_Handler
    startup_stm32f103xe.o(RESET) refers to stm32f1xx_it.o(i.UsageFault_Handler) for UsageFault_Handler
    startup_stm32f103xe.o(RESET) refers to port.o(.emb_text) for SVC_Handler
    startup_stm32f103xe.o(RESET) refers to stm32f1xx_it.o(i.DebugMon_Handler) for DebugMon_Handler
    startup_stm32f103xe.o(RESET) refers to port.o(i.SysTick_Handler) for SysTick_Handler
    startup_stm32f103xe.o(RESET) refers to driver_key.o(i.EXTI0_IRQHandler) for EXTI0_IRQHandler
    startup_stm32f103xe.o(RESET) refers to driver_usart.o(i.USART1_IRQHandler) for USART1_IRQHandler
    startup_stm32f103xe.o(RESET) refers to stm32f1xx_it.o(i.USART3_IRQHandler) for USART3_IRQHandler
    startup_stm32f103xe.o(RESET) refers to driver_key.o(i.EXTI15_10_IRQHandler) for EXTI15_10_IRQHandler
    startup_stm32f103xe.o(RESET) refers to stm32f1xx_it.o(i.TIM8_UP_IRQHandler) for TIM8_UP_IRQHandler
    startup_stm32f103xe.o(.text) refers to system_stm32f1xx.o(i.SystemInit) for SystemInit
    startup_stm32f103xe.o(.text) refers to entry.o(.ARM.Collect$$$$00000000) for __main
    main.o(i.HAL_TIM_PeriodElapsedCallback) refers to stm32f1xx_hal.o(i.HAL_IncTick) for HAL_IncTick
    main.o(i.SystemClock_Config) refers to memseta.o(.text) for __aeabi_memclr4
    main.o(i.SystemClock_Config) refers to stm32f1xx_hal_rcc.o(i.HAL_RCC_OscConfig) for HAL_RCC_OscConfig
    main.o(i.SystemClock_Config) refers to main.o(i.Error_Handler) for Error_Handler
    main.o(i.SystemClock_Config) refers to stm32f1xx_hal_rcc.o(i.HAL_RCC_ClockConfig) for HAL_RCC_ClockConfig
    main.o(i.main) refers to stm32f1xx_hal.o(i.HAL_Init) for HAL_Init
    main.o(i.main) refers to main.o(i.SystemClock_Config) for SystemClock_Config
    main.o(i.main) refers to gpio.o(i.MX_GPIO_Init) for MX_GPIO_Init
    main.o(i.main) refers to usart.o(i.MX_USART1_UART_Init) for MX_USART1_UART_Init
    main.o(i.main) refers to usart.o(i.MX_USART3_UART_Init) for MX_USART3_UART_Init
    main.o(i.main) refers to driver_key.o(i.KEY_GPIO_ReInit) for KEY_GPIO_ReInit
    main.o(i.main) refers to driver_key.o(i.LED_GPIO_ReInit) for LED_GPIO_ReInit
    main.o(i.main) refers to ring_buffer.o(i.ring_buffer_init) for ring_buffer_init
    main.o(i.main) refers to driver_usart.o(i.EnableDebugIRQ) for EnableDebugIRQ
    main.o(i.main) refers to printf1.o(i.__0printf$1) for __2printf
    main.o(i.main) refers to cmsis_os2.o(i.osKernelInitialize) for osKernelInitialize
    main.o(i.main) refers to freertos.o(i.MX_FREERTOS_Init) for MX_FREERTOS_Init
    main.o(i.main) refers to cmsis_os2.o(i.osKernelStart) for osKernelStart
    main.o(i.main) refers to main.o(.bss) for test_buffer
    gpio.o(i.MX_GPIO_Init) refers to stm32f1xx_hal_gpio.o(i.HAL_GPIO_WritePin) for HAL_GPIO_WritePin
    gpio.o(i.MX_GPIO_Init) refers to stm32f1xx_hal_gpio.o(i.HAL_GPIO_Init) for HAL_GPIO_Init
    freertos.o(i.MX_FREERTOS_Init) refers to cmsis_os2.o(i.osThreadNew) for osThreadNew
    freertos.o(i.MX_FREERTOS_Init) refers to freertos.o(.constdata) for defaultTask_attributes
    freertos.o(i.MX_FREERTOS_Init) refers to freertos.o(i.StartDefaultTask) for StartDefaultTask
    freertos.o(i.MX_FREERTOS_Init) refers to freertos.o(.data) for defaultTaskHandle
    freertos.o(i.StartDefaultTask) refers to printf1.o(i.__0printf$1) for __2printf
    freertos.o(i.StartDefaultTask) refers to cmsis_os2.o(i.osDelay) for osDelay
    freertos.o(.constdata) refers to freertos.o(.conststring) for .conststring
    usart.o(i.HAL_UART_MspDeInit) refers to stm32f1xx_hal_gpio.o(i.HAL_GPIO_DeInit) for HAL_GPIO_DeInit
    usart.o(i.HAL_UART_MspDeInit) refers to stm32f1xx_hal_cortex.o(i.HAL_NVIC_DisableIRQ) for HAL_NVIC_DisableIRQ
    usart.o(i.HAL_UART_MspInit) refers to stm32f1xx_hal_gpio.o(i.HAL_GPIO_Init) for HAL_GPIO_Init
    usart.o(i.HAL_UART_MspInit) refers to stm32f1xx_hal_cortex.o(i.HAL_NVIC_SetPriority) for HAL_NVIC_SetPriority
    usart.o(i.HAL_UART_MspInit) refers to stm32f1xx_hal_cortex.o(i.HAL_NVIC_EnableIRQ) for HAL_NVIC_EnableIRQ
    usart.o(i.MX_USART1_UART_Init) refers to stm32f1xx_hal_uart.o(i.HAL_UART_Init) for HAL_UART_Init
    usart.o(i.MX_USART1_UART_Init) refers to main.o(i.Error_Handler) for Error_Handler
[...]
    ../Drivers/STM32F1xx_HAL_Driver/Src/stm32f1xx_hal_flash_ex.c 0x00000000   Number         0  stm32f1xx_hal_flash_ex.o ABSOLUTE
    ../Drivers/STM32F1xx_HAL_Driver/Src/stm32f1xx_hal_gpio.c 0x00000000   Number         0  stm32f1xx_hal_gpio.o ABSOLUTE
    ../Drivers/STM32F1xx_HAL_Driver/Src/stm32f1xx_hal_gpio_ex.c 0x00000000   Number         0  stm32f1xx_hal_gpio_ex.o ABSOLUTE
    ../Drivers/STM32F1xx_HAL_Driver/Src/stm32f1xx_hal_pwr.c 0x00000000   Number         0  stm32f1xx_hal_pwr.o ABSOLUTE
    ../Drivers/STM32F1xx_HAL_Driver/Src/stm32f1xx_hal_rcc.c 0x00000000   Number         0  stm32f1xx_hal_rcc.o ABSOLUTE
    ../Drivers/STM32F1xx_HAL_Driver/Src/stm32f1xx_hal_rcc_ex.c 0x00000000   Number         0  stm32f1xx_hal_rcc_ex.o ABSOLUTE
    ../Drivers/STM32F1xx_HAL_Driver/Src/stm32f1xx_hal_tim.c 0x00000000   Number         0  stm32f1xx_hal_tim.o ABSOLUTE
    ../Drivers/STM32F1xx_HAL_Driver/Src/stm32f1xx_hal_tim_ex.c 0x00000000   Number         0  stm32f1xx_hal_tim_ex.o ABSOLUTE
    ../Drivers/STM32F1xx_HAL_Driver/Src/stm32f1xx_hal_uart.c 0x00000000   Number         0  stm32f1xx_hal_uart.o ABSOLUTE
    ../Middlewares/Third_Party/FreeRTOS/Source/CMSIS_RTOS_V2/cmsis_os2.c 0x00000000   Number         0  cmsis_os2.o ABSOLUTE
    ../Middlewares/Third_Party/FreeRTOS/Source/croutine.c 0x00000000   Number         0  croutine.o ABSOLUTE
    ../Middlewares/Third_Party/FreeRTOS/Source/event_groups.c 0x00000000   Number         0  event_groups.o ABSOLUTE
    ../Middlewares/Third_Party/FreeRTOS/Source/list.c 0x00000000   Number         0  list.o ABSOLUTE
    ../Middlewares/Third_Party/FreeRTOS/Source/portable/MemMang/heap_4.c 0x00000000   Number         0  heap_4.o ABSOLUTE
    ../Middlewares/Third_Party/FreeRTOS/Source/portable/RVDS/ARM_CM3/port.c 0x00000000   Number         0  port.o ABSOLUTE
    ../Middlewares/Third_Party/FreeRTOS/Source/queue.c 0x00000000   Number         0  queue.o ABSOLUTE
    ../Middlewares/Third_Party/FreeRTOS/Source/stream_buffer.c 0x00000000   Number         0  stream_buffer.o ABSOLUTE
    ../Middlewares/Third_Party/FreeRTOS/Source/tasks.c 0x00000000   Number         0  tasks.o ABSOLUTE
    ../Middlewares/Third_Party/FreeRTOS/Source/timers.c 0x00000000   Number         0  timers.o ABSOLUTE
    ../clib/microlib/division.c              0x00000000   Number         0  uidiv.o ABSOLUTE
    ../clib/microlib/division.c              0x00000000   Number         0  uldiv.o ABSOLUTE
    ../clib/microlib/init/entry.s            0x00000000   Number         0  entry9b.o ABSOLUTE
    ../clib/microlib/init/entry.s            0x00000000   Number         0  entry7a.o ABSOLUTE
    ../clib/microlib/init/entry.s            0x00000000   Number         0  entry7b.o ABSOLUTE
    ../clib/microlib/init/entry.s            0x00000000   Number         0  entry8b.o ABSOLUTE
    ../clib/microlib/init/entry.s            0x00000000   Number         0  entry11a.o ABSOLUTE
    ../clib/microlib/init/entry.s            0x00000000   Number         0  entry10b.o ABSOLUTE
    ../clib/microlib/init/entry.s            0x00000000   Number         0  entry11b.o ABSOLUTE
    ../clib/microlib/init/entry.s            0x00000000   Number         0  entry.o ABSOLUTE
    ../clib/microlib/init/entry.s            0x00000000   Number         0  entry9a.o ABSOLUTE
    ../clib/microlib/init/entry.s            0x00000000   Number         0  entry5.o ABSOLUTE
    ../clib/microlib/init/entry.s            0x00000000   Number         0  entry8a.o ABSOLUTE
    ../clib/microlib/init/entry.s            0x00000000   Number         0  entry10a.o ABSOLUTE
    ../clib/microlib/init/entry.s            0x00000000   Number         0  entry2.o ABSOLUTE
    ../clib/microlib/longlong.c              0x00000000   Number         0  llsshr.o ABSOLUTE
    ../clib/microlib/longlong.c              0x00000000   Number         0  llushr.o ABSOLUTE
    ../clib/microlib/longlong.c              0x00000000   Number         0  llshl.o ABSOLUTE
    ../clib/microlib/printf/printf.c         0x00000000   Number         0  printf2.o ABSOLUTE
    ../clib/microlib/printf/printf.c         0x00000000   Number         0  printfb.o ABSOLUTE
    ../clib/microlib/printf/printf.c         0x00000000   Number         0  printf3.o ABSOLUTE
    ../clib/microlib/printf/printf.c         0x00000000   Number         0  printf7.o ABSOLUTE
    ../clib/microlib/printf/printf.c         0x00000000   Number         0  printf8.o ABSOLUTE
    ../clib/microlib/printf/printf.c         0x00000000   Number         0  printfa.o ABSOLUTE
    ../clib/microlib/printf/printf.c         0x00000000   Number         0  printf0.o ABSOLUTE
    ../clib/microlib/printf/printf.c         0x00000000   Number         0  printf1.o ABSOLUTE
    ../clib/microlib/printf/printf.c         0x00000000   Number         0  printf4.o ABSOLUTE
    ../clib/microlib/printf/printf.c         0x00000000   Number         0  printf5.o ABSOLUTE
    ../clib/microlib/printf/printf.c         0x00000000   Number         0  printf6.o ABSOLUTE
    ../clib/microlib/printf/stubs.s          0x00000000   Number         0  stubs.o ABSOLUTE
    ../clib/microlib/stdio/streams.c         0x00000000   Number         0  stdout.o ABSOLUTE
    ../clib/microlib/string/memcpy.c         0x00000000   Number         0  memcpya.o ABSOLUTE
    ../clib/microlib/string/memcpy.c         0x00000000   Number         0  memcpyb.o ABSOLUTE
    ../clib/microlib/string/memset.c         0x00000000   Number         0  memset.o ABSOLUTE
    ../clib/microlib/string/memset.c         0x00000000   Number         0  memseta.o ABSOLUTE
    ../clib/microlib/stubs.s                 0x00000000   Number         0  iusefp.o ABSOLUTE
    ../fplib/microlib/fpadd.c                0x00000000   Number         0  dadd.o ABSOLUTE
    ../fplib/microlib/fpdiv.c                0x00000000   Number         0  ddiv.o ABSOLUTE
    ../fplib/microlib/fpepilogue.c           0x00000000   Number         0  depilogue.o ABSOLUTE
    ../fplib/microlib/fpfix.c                0x00000000   Number         0  dfixul.o ABSOLUTE
    ../fplib/microlib/fpmul.c                0x00000000   Number         0  dmul.o ABSOLUTE
    ..\Core\Src\freertos.c                   0x00000000   Number         0  freertos.o ABSOLUTE
    ..\Core\Src\gpio.c                       0x00000000   Number         0  gpio.o ABSOLUTE
    ..\Core\Src\main.c                       0x00000000   Number         0  main.o ABSOLUTE
    ..\Core\Src\stm32f1xx_hal_msp.c          0x00000000   Number         0  stm32f1xx_hal_msp.o ABSOLUTE
    ..\Core\Src\stm32f1xx_hal_timebase_tim.c 0x00000000   Number         0  stm32f1xx_hal_timebase_tim.o ABSOLUTE
    ..\Core\Src\stm32f1xx_it.c               0x00000000   Number         0  stm32f1xx_it.o ABSOLUTE
    ..\Core\Src\system_stm32f1xx.c           0x00000000   Number         0  system_stm32f1xx.o ABSOLUTE
    ..\Core\Src\usart.c                      0x00000000   Number         0  usart.o ABSOLUTE
    ..\Drivers\STM32F1xx_HAL_Driver\Src\stm32f1xx_hal.c 0x00000000   Number         0  stm32f1xx_hal.o ABSOLUTE
    ..\Drivers\STM32F1xx_HAL_Driver\Src\stm32f1xx_hal_cortex.c 0x00000000   Number         0  stm32f1xx_hal_cortex.o ABSOLUTE
    ..\Drivers\STM32F1xx_HAL_Driver\Src\stm32f1xx_hal_dma.c 0x00000000   Number         0  stm32f1xx_hal_dma.o ABSOLUTE
    ..\Drivers\STM32F1xx_HAL_Driver\Src\stm32f1xx_hal_exti.c 0x00000000   Number         0  stm32f1xx_hal_exti.o ABSOLUTE
    ..\Drivers\STM32F1xx_HAL_Driver\Src\stm32f1xx_hal_flash.c 0x00000000   Number         0  stm32f1xx_hal_flash.o ABSOLUTE
    ..\Drivers\STM32F1xx_HAL_Driver\Src\stm32f1xx_hal_flash_ex.c 0x00000000   Number         0  stm32f1xx_hal_flash_ex.o ABSOLUTE
    ..\Drivers\STM32F1xx_HAL_Driver\Src\stm32f1xx_hal_gpio.c 0x00000000   Number         0  stm32f1xx_hal_gpio.o ABSOLUTE
    ..\Drivers\STM32F1xx_HAL_Driver\Src\stm32f1xx_hal_gpio_ex.c 0x00000000   Number         0  stm32f1xx_hal_gpio_ex.o ABSOLUTE
    ..\Drivers\STM32F1xx_HAL_Driver\Src\stm32f1xx_hal_pwr.c 0x00000000   Number         0  stm32f1xx_hal_pwr.o ABSOLUTE
    ..\Drivers\STM32F1xx_HAL_Driver\Src\stm32f1xx_hal_rcc.c 0x00000000   Number         0  stm32f1xx_hal_rcc.o ABSOLUTE
    ..\Drivers\STM32F1xx_HAL_Driver\Src\stm32f1xx_hal_rcc_ex.c 0x00000000   Number         0  stm32f1xx_hal_rcc_ex.o ABSOLUTE
    ..\Drivers\STM32F1xx_HAL_Driver\Src\stm32f1xx_hal_tim.c 0x00000000   Number         0  stm32f1xx_hal_tim.o ABSOLUTE
    ..\Drivers\STM32F1xx_HAL_Driver\Src\stm32f1xx_hal_tim_ex.c 0x00000000   Number         0  stm32f1xx_hal_tim_ex.o ABSOLUTE
    ..\Drivers\STM32F1xx_HAL_Driver\Src\stm32f1xx_hal_uart.c 0x00000000   Number         0  stm32f1xx_hal_uart.o ABSOLUTE
    ..\Middlewares\Third_Party\FreeRTOS\Source\CMSIS_RTOS_V2\cmsis_os2.c 0x00000000   Number         0  cmsis_os2.o ABSOLUTE
    ..\Middlewares\Third_Party\FreeRTOS\Source\portable\RVDS\ARM_CM3\port.c 0x00000000   Number         0  port.o ABSOLUTE
    ..\ModuleDrivers\driver_key.c            0x00000000   Number         0  driver_key.o ABSOLUTE
    ..\ModuleDrivers\driver_usart.c          0x00000000   Number         0  driver_usart.o ABSOLUTE
    ..\ModuleDrivers\ring_buffer.c           0x00000000   Number         0  ring_buffer.o ABSOLUTE
    ..\\ModuleDrivers\\driver_key.c          0x00000000   Number         0  driver_key.o ABSOLUTE
    ..\\ModuleDrivers\\driver_usart.c        0x00000000   Number         0  driver_usart.o ABSOLUTE
    ..\\ModuleDrivers\\ring_buffer.c         0x00000000   Number         0  ring_buffer.o ABSOLUTE
    cdrcmple.s                               0x00000000   Number         0  cdrcmple.o ABSOLUTE
    dc.s                                     0x00000000   Number         0  dc.o ABSOLUTE
    handlers.s                               0x00000000   Number         0  handlers.o ABSOLUTE
    init.s                                   0x00000000   Number         0  init.o ABSOLUTE
    startup_stm32f103xe.s                    0x00000000   Number         0  startup_stm32f103xe.o ABSOLUTE
    RESET                                    0x08009000   Section      304  startup_stm32f103xe.o(RESET)
    .ARM.Collect$$$$00000000                 0x08009130   Section        0  entry.o(.ARM.Collect$$$$00000000)
    .ARM.Collect$$$$00000001                 0x08009130   Section        4  entry2.o(.ARM.Collect$$$$00000001)
    .ARM.Collect$$$$00000004                 0x08009134   Section        4  entry5.o(.ARM.Collect$$$$00000004)
    .ARM.Collect$$$$00000008                 0x08009138   Section        0  entry7b.o(.ARM.Collect$$$$00000008)
    .ARM.Collect$$$$0000000A                 0x08009138   Section        0  entry8b.o(.ARM.Collect$$$$0000000A)
    .ARM.Collect$$$$0000000B                 0x08009138   Section        8  entry9a.o(.ARM.Collect$$$$0000000B)
    .ARM.Collect$$$$0000000D                 0x08009140   Section        0  entry10a.o(.ARM.Collect$$$$0000000D)
    .ARM.Collect$$$$0000000F                 0x08009140   Section        0  entry11a.o(.ARM.Collect$$$$0000000F)
    .ARM.Collect$$$$00002712                 0x08009140   Section        4  entry2.o(.ARM.Collect$$$$00002712)
    __lit__00000000                          0x08009140   Data           4  entry2.o(.ARM.Collect$$$$00002712)
    .emb_text                                0x08009144   Section      150  port.o(.emb_text)
    .text                                    0x080091dc   Section       36  startup_stm32f103xe.o(.text)
    .text                                    0x08009200   Section        0  memcpya.o(.text)
    .text                                    0x08009224   Section        0  memseta.o(.text)
    .text                                    0x08009248   Section        0  uidiv.o(.text)
    .text                                    0x08009274   Section       36  init.o(.text)
    i.BusFault_Handler                       0x08009298   Section        0  stm32f1xx_it.o(i.BusFault_Handler)
    i.DebugMon_Handler                       0x0800929c   Section        0  stm32f1xx_it.o(i.DebugMon_Handler)
    i.EXTI0_IRQHandler                       0x0800929e   Section        0  driver_key.o(i.EXTI0_IRQHandler)
    i.EXTI15_10_IRQHandler                   0x080092a8   Section        0  driver_key.o(i.EXTI15_10_IRQHandler)
    i.EnableDebugIRQ                         0x080092b4   Section        0  driver_usart.o(i.EnableDebugIRQ)
    i.Error_Handler                          0x080092dc   Section        0  main.o(i.Error_Handler)
    i.HAL_DMA_Abort                          0x080092e2   Section        0  stm32f1xx_hal_dma.o(i.HAL_DMA_Abort)
    i.HAL_DMA_Abort_IT                       0x08009338   Section        0  stm32f1xx_hal_dma.o(i.HAL_DMA_Abort_IT)
    i.HAL_GPIO_EXTI_Callback                 0x080094e0   Section        0  driver_key.o(i.HAL_GPIO_EXTI_Callback)
    i.HAL_GPIO_EXTI_IRQHandler               0x08009530   Section        0  stm32f1xx_hal_gpio.o(i.HAL_GPIO_EXTI_IRQHandler)
    i.HAL_GPIO_Init                          0x0800954c   Section        0  stm32f1xx_hal_gpio.o(i.HAL_GPIO_Init)
    i.HAL_GPIO_ReadPin                       0x0800988c   Section        0  stm32f1xx_hal_gpio.o(i.HAL_GPIO_ReadPin)
    i.HAL_GPIO_TogglePin                     0x0800989c   Section        0  stm32f1xx_hal_gpio.o(i.HAL_GPIO_TogglePin)
    i.HAL_GPIO_WritePin                      0x080098b0   Section        0  stm32f1xx_hal_gpio.o(i.HAL_GPIO_WritePin)
    i.HAL_GetTick                            0x080098bc   Section        0  stm32f1xx_hal.o(i.HAL_GetTick)
    i.HAL_IncTick                            0x080098c8   Section        0  stm32f1xx_hal.o(i.HAL_IncTick)
    i.HAL_Init                               0x080098e0   Section        0  stm32f1xx_hal.o(i.HAL_Init)
    i.HAL_InitTick                           0x08009908   Section        0  stm32f1xx_hal_timebase_tim.o(i.HAL_InitTick)
    i.HAL_MspInit                            0x08009990   Section        0  stm32f1xx_hal_msp.o(i.HAL_MspInit)
    i.HAL_NVIC_EnableIRQ                     0x080099f0   Section        0  stm32f1xx_hal_cortex.o(i.HAL_NVIC_EnableIRQ)
    i.HAL_NVIC_SetPriority                   0x08009a10   Section        0  stm32f1xx_hal_cortex.o(i.HAL_NVIC_SetPriority)
    i.HAL_NVIC_SetPriorityGrouping           0x08009a8c   Section        0  stm32f1xx_hal_cortex.o(i.HAL_NVIC_SetPriorityGrouping)
    i.HAL_RCC_ClockConfig                    0x08009ab4   Section        0  stm32f1xx_hal_rcc.o(i.HAL_RCC_ClockConfig)
    i.HAL_RCC_GetClockConfig                 0x08009c40   Section        0  stm32f1xx_hal_rcc.o(i.HAL_RCC_GetClockConfig)
    i.HAL_RCC_GetHCLKFreq                    0x08009c84   Section        0  stm32f1xx_hal_rcc.o(i.HAL_RCC_GetHCLKFreq)
    i.HAL_RCC_GetPCLK1Freq                   0x08009c90   Section        0  stm32f1xx_hal_rcc.o(i.HAL_RCC_GetPCLK1Freq)
    i.HAL_RCC_GetPCLK2Freq                   0x08009cb0   Section        0  stm32f1xx_hal_rcc.o(i.HAL_RCC_GetPCLK2Freq)
    i.HAL_RCC_GetSysClockFreq                0x08009cd0   Section        0  stm32f1xx_hal_rcc.o(i.HAL_RCC_GetSysClockFreq)
    i.HAL_RCC_OscConfig                      0x08009d64   Section        0  stm32f1xx_hal_rcc.o(i.HAL_RCC_OscConfig)
    i.HAL_TIMEx_BreakCallback                0x0800a1c8   Section        0  stm32f1xx_hal_tim_ex.o(i.HAL_TIMEx_BreakCallback)
    i.HAL_TIMEx_CommutCallback               0x0800a1ca   Section        0  stm32f1xx_hal_tim_ex.o(i.HAL_TIMEx_CommutCallback)
    i.HAL_TIM_Base_Init                      0x0800a1cc   Section        0  stm32f1xx_hal_tim.o(i.HAL_TIM_Base_Init)
    i.HAL_TIM_Base_MspInit                   0x0800a232   Section        0  stm32f1xx_hal_tim.o(i.HAL_TIM_Base_MspInit)
    i.HAL_TIM_Base_Start_IT                  0x0800a234   Section        0  stm32f1xx_hal_tim.o(i.HAL_TIM_Base_Start_IT)
    i.HAL_TIM_IC_CaptureCallback             0x0800a2c4   Section        0  stm32f1xx_hal_tim.o(i.HAL_TIM_IC_CaptureCallback)
    i.HAL_TIM_IRQHandler                     0x0800a2c6   Section        0  stm32f1xx_hal_tim.o(i.HAL_TIM_IRQHandler)
    i.HAL_TIM_OC_DelayElapsedCallback        0x0800a45c   Section        0  stm32f1xx_hal_tim.o(i.HAL_TIM_OC_DelayElapsedCallback)
    i.HAL_TIM_PWM_PulseFinishedCallback      0x0800a45e   Section        0  stm32f1xx_hal_tim.o(i.HAL_TIM_PWM_PulseFinishedCallback)
    i.HAL_TIM_PeriodElapsedCallback          0x0800a460   Section        0  main.o(i.HAL_TIM_PeriodElapsedCallback)
    i.HAL_TIM_TriggerCallback                0x0800a478   Section        0  stm32f1xx_hal_tim.o(i.HAL_TIM_TriggerCallback)
    i.HAL_UARTEx_RxEventCallback             0x0800a47a   Section        0  stm32f1xx_hal_uart.o(i.HAL_UARTEx_RxEventCallback)
    i.HAL_UART_ErrorCallback                 0x0800a47c   Section        0  stm32f1xx_hal_uart.o(i.HAL_UART_ErrorCallback)
    i.HAL_UART_IRQHandler                    0x0800a480   Section        0  stm32f1xx_hal_uart.o(i.HAL_UART_IRQHandler)
    i.HAL_UART_Init                          0x0800a6cc   Section        0  stm32f1xx_hal_uart.o(i.HAL_UART_Init)
    i.HAL_UART_MspInit                       0x0800a740   Section        0  usart.o(i.HAL_UART_MspInit)
    i.HAL_UART_RxCpltCallback                0x0800a864   Section        0  driver_usart.o(i.HAL_UART_RxCpltCallback)
    i.HAL_UART_Transmit_IT                   0x0800a87c   Section        0  stm32f1xx_hal_uart.o(i.HAL_UART_Transmit_IT)
    i.HAL_UART_TxCpltCallback                0x0800a8d4   Section        0  driver_usart.o(i.HAL_UART_TxCpltCallback)
    i.HardFault_Handler                      0x0800a8ec   Section        0  stm32f1xx_it.o(i.HardFault_Handler)
    i.KEY_GPIO_ReInit                        0x0800a8f0   Section        0  driver_key.o(i.KEY_GPIO_ReInit)
    i.LED_GPIO_ReInit                        0x0800a988   Section        0  driver_key.o(i.LED_GPIO_ReInit)
    i.MX_FREERTOS_Init                       0x0800aa08   Section        0  freertos.o(i.MX_FREERTOS_Init)
    i.MX_GPIO_Init                           0x0800aa28   Section        0  gpio.o(i.MX_GPIO_Init)
    i.MX_USART1_UART_Init                    0x0800ab48   Section        0  usart.o(i.MX_USART1_UART_Init)
    i.MX_USART3_UART_Init                    0x0800ab80   Section        0  usart.o(i.MX_USART3_UART_Init)
    i.MemManage_Handler                      0x0800abb8   Section        0  stm32f1xx_it.o(i.MemManage_Handler)
    i.NMI_Handler                            0x0800abbc   Section        0  stm32f1xx_it.o(i.NMI_Handler)
    i.RCC_Delay                              0x0800abc0   Section        0  stm32f1xx_hal_rcc.o(i.RCC_Delay)
    RCC_Delay                                0x0800abc1   Thumb Code    36  stm32f1xx_hal_rcc.o(i.RCC_Delay)
    i.StartDefaultTask                       0x0800abe8   Section        0  freertos.o(i.StartDefaultTask)
    i.SysTick_Handler                        0x0800ac24   Section        0  port.o(i.SysTick_Handler)
    i.SystemClock_Config                     0x0800ac58   Section        0  main.o(i.SystemClock_Config)
    i.SystemInit                             0x0800acbe   Section        0  system_stm32f1xx.o(i.SystemInit)
    i.TIM8_UP_IRQHandler                     0x0800acc0   Section        0  stm32f1xx_it.o(i.TIM8_UP_IRQHandler)
    i.TIM_Base_SetConfig                     0x0800acd0   Section        0  stm32f1xx_hal_tim.o(i.TIM_Base_SetConfig)
    i.UART_DMAAbortOnError                   0x0800ad6c   Section        0  stm32f1xx_hal_uart.o(i.UART_DMAAbortOnError)
    UART_DMAAbortOnError                     0x0800ad6d   Thumb Code    20  stm32f1xx_hal_uart.o(i.UART_DMAAbortOnError)
    i.UART_EndRxTransfer                     0x0800ad80   Section        0  stm32f1xx_hal_uart.o(i.UART_EndRxTransfer)
    UART_EndRxTransfer                       0x0800ad81   Thumb Code    54  stm32f1xx_hal_uart.o(i.UART_EndRxTransfer)
    i.UART_EndTransmit_IT                    0x0800adb6   Section        0  stm32f1xx_hal_uart.o(i.UART_EndTransmit_IT)
    UART_EndTransmit_IT                      0x0800adb7   Thumb Code    32  stm32f1xx_hal_uart.o(i.UART_EndTransmit_IT)
    i.UART_Receive_IT                        0x0800add6   Section        0  stm32f1xx_hal_uart.o(i.UART_Receive_IT)
    UART_Receive_IT                          0x0800add7   Thumb Code   228  stm32f1xx_hal_uart.o(i.UART_Receive_IT)
    i.UART_SetConfig                         0x0800aebc   Section        0  stm32f1xx_hal_uart.o(i.UART_SetConfig)
    UART_SetConfig                           0x0800aebd   Thumb Code   248  stm32f1xx_hal_uart.o(i.UART_SetConfig)
    i.UART_Transmit_IT                       0x0800afb8   Section        0  stm32f1xx_hal_uart.o(i.UART_Transmit_IT)
    UART_Transmit_IT                         0x0800afb9   Thumb Code    96  stm32f1xx_hal_uart.o(i.UART_Transmit_IT)
    i.USART1_IRQHandler                      0x0800b018   Section        0  driver_usart.o(i.USART1_IRQHandler)
    i.USART3_IRQHandler                      0x0800b04c   Section        0  stm32f1xx_it.o(i.USART3_IRQHandler)
    i.UsageFault_Handler                     0x0800b05c   Section        0  stm32f1xx_it.o(i.UsageFault_Handler)
    i.__0printf$1                            0x0800b060   Section        0  printf1.o(i.__0printf$1)
    i.__NVIC_GetPriorityGrouping             0x0800b080   Section        0  stm32f1xx_hal_cortex.o(i.__NVIC_GetPriorityGrouping)
    __NVIC_GetPriorityGrouping               0x0800b081   Thumb Code    10  stm32f1xx_hal_cortex.o(i.__NVIC_GetPriorityGrouping)
    i.__NVIC_SetPriority                     0x0800b090   Section        0  stm32f1xx_hal_cortex.o(i.__NVIC_SetPriority)
    __NVIC_SetPriority                       0x0800b091   Thumb Code    32  stm32f1xx_hal_cortex.o(i.__NVIC_SetPriority)
    i.__get_BASEPRI                          0x0800b0b8   Section        0  cmsis_os2.o(i.__get_BASEPRI)
    __get_BASEPRI                            0x0800b0b9   Thumb Code     6  cmsis_os2.o(i.__get_BASEPRI)
    i.__get_IPSR                             0x0800b0be   Section        0  cmsis_os2.o(i.__get_IPSR)
    __get_IPSR                               0x0800b0bf   Thumb Code     6  cmsis_os2.o(i.__get_IPSR)
    i.__get_PRIMASK                          0x0800b0c4   Section        0  cmsis_os2.o(i.__get_PRIMASK)
    __get_PRIMASK                            0x0800b0c5   Thumb Code     6  cmsis_os2.o(i.__get_PRIMASK)
    i.__scatterload_copy                     0x0800b0ca   Section       14  handlers.o(i.__scatterload_copy)
    i.__scatterload_null                     0x0800b0d8   Section        2  handlers.o(i.__scatterload_null)
    i.__scatterload_zeroinit                 0x0800b0da   Section       14  handlers.o(i.__scatterload_zeroinit)
    i._printf_core                           0x0800b0e8   Section        0  printf1.o(i._printf_core)
    _printf_core                             0x0800b0e9   Thumb Code   336  printf1.o(i._printf_core)
    i.fputc                                  0x0800b23c   Section        0  driver_usart.o(i.fputc)
    i.main                                   0x0800b264   Section        0  main.o(i.main)
    i.osDelay                                0x0800b2b8   Section        0  cmsis_os2.o(i.osDelay)
    i.osKernelInitialize                     0x0800b2f0   Section        0  cmsis_os2.o(i.osKernelInitialize)
    i.osKernelStart                          0x0800b330   Section        0  cmsis_os2.o(i.osKernelStart)
    i.osThreadNew                            0x0800b374   Section        0  cmsis_os2.o(i.osThreadNew)
    i.prvAddCurrentTaskToDelayedList         0x0800b450   Section        0  tasks.o(i.prvAddCurrentTaskToDelayedList)
    prvAddCurrentTaskToDelayedList           0x0800b451   Thumb Code   100  tasks.o(i.prvAddCurrentTaskToDelayedList)
    i.prvAddNewTaskToReadyList               0x0800b4cc   Section        0  tasks.o(i.prvAddNewTaskToReadyList)
    prvAddNewTaskToReadyList                 0x0800b4cd   Thumb Code   154  tasks.o(i.prvAddNewTaskToReadyList)
    i.prvCheckForValidListAndQueue           0x0800b584   Section        0  timers.o(i.prvCheckForValidListAndQueue)
    prvCheckForValidListAndQueue             0x0800b585   Thumb Code    78  timers.o(i.prvCheckForValidListAndQueue)
    i.prvCheckTasksWaitingTermination        0x0800b5f8   Section        0  tasks.o(i.prvCheckTasksWaitingTermination)
    prvCheckTasksWaitingTermination          0x0800b5f9   Thumb Code    60  tasks.o(i.prvCheckTasksWaitingTermination)
    i.prvCopyDataFromQueue                   0x0800b640   Section        0  queue.o(i.prvCopyDataFromQueue)
    prvCopyDataFromQueue                     0x0800b641   Thumb Code    42  queue.o(i.prvCopyDataFromQueue)
    i.prvCopyDataToQueue                     0x0800b66a   Section        0  queue.o(i.prvCopyDataToQueue)
    prvCopyDataToQueue                       0x0800b66b   Thumb Code   124  queue.o(i.prvCopyDataToQueue)
    i.prvDeleteTCB                           0x0800b6e6   Section        0  tasks.o(i.prvDeleteTCB)
    prvDeleteTCB                             0x0800b6e7   Thumb Code    80  tasks.o(i.prvDeleteTCB)
    i.prvGetNextExpireTime                   0x0800b738   Section        0  timers.o(i.prvGetNextExpireTime)
    prvGetNextExpireTime                     0x0800b739   Thumb Code    36  timers.o(i.prvGetNextExpireTime)
    i.prvHeapInit                            0x0800b760   Section        0  heap_4.o(i.prvHeapInit)
    prvHeapInit                              0x0800b761   Thumb Code    98  heap_4.o(i.prvHeapInit)
    i.prvIdleTask                            0x0800b7dc   Section        0  tasks.o(i.prvIdleTask)
    prvIdleTask                              0x0800b7dd   Thumb Code    32  tasks.o(i.prvIdleTask)
    i.prvInitialiseNewQueue                  0x0800b804   Section        0  queue.o(i.prvInitialiseNewQueue)
    prvInitialiseNewQueue                    0x0800b805   Thumb Code    42  queue.o(i.prvInitialiseNewQueue)
    i.prvInitialiseNewTask                   0x0800b82e   Section        0  tasks.o(i.prvInitialiseNewTask)
    prvInitialiseNewTask                     0x0800b82f   Thumb Code   180  tasks.o(i.prvInitialiseNewTask)
    i.prvInitialiseTaskLists                 0x0800b8e4   Section        0  tasks.o(i.prvInitialiseTaskLists)
    prvInitialiseTaskLists                   0x0800b8e5   Thumb Code    70  tasks.o(i.prvInitialiseTaskLists)
    i.prvInsertBlockIntoFreeList             0x0800b94c   Section        0  heap_4.o(i.prvInsertBlockIntoFreeList)
    prvInsertBlockIntoFreeList               0x0800b94d   Thumb Code    96  heap_4.o(i.prvInsertBlockIntoFreeList)
    i.prvInsertTimerInActiveList             0x0800b9b4   Section        0  timers.o(i.prvInsertTimerInActiveList)
    prvInsertTimerInActiveList               0x0800b9b5   Thumb Code    80  timers.o(i.prvInsertTimerInActiveList)
    i.prvIsQueueEmpty                        0x0800ba0c   Section        0  queue.o(i.prvIsQueueEmpty)
    prvIsQueueEmpty                          0x0800ba0d   Thumb Code    26  queue.o(i.prvIsQueueEmpty)
    i.prvIsQueueFull                         0x0800ba26   Section        0  queue.o(i.prvIsQueueFull)
    prvIsQueueFull                           0x0800ba27   Thumb Code    30  queue.o(i.prvIsQueueFull)
    i.prvProcessExpiredTimer                 0x0800ba44   Section        0  timers.o(i.prvProcessExpiredTimer)
    prvProcessExpiredTimer                   0x0800ba45   Thumb Code    94  timers.o(i.prvProcessExpiredTimer)
    i.prvProcessReceivedCommands             0x0800baa8   Section        0  timers.o(i.prvProcessReceivedCommands)
    prvProcessReceivedCommands               0x0800baa9   Thumb Code   290  timers.o(i.prvProcessReceivedCommands)
    i.prvProcessTimerOrBlockTask             0x0800bbd0   Section        0  timers.o(i.prvProcessTimerOrBlockTask)
    prvProcessTimerOrBlockTask               0x0800bbd1   Thumb Code   102  timers.o(i.prvProcessTimerOrBlockTask)
    i.prvResetNextTaskUnblockTime            0x0800bc44   Section        0  tasks.o(i.prvResetNextTaskUnblockTime)
    prvResetNextTaskUnblockTime              0x0800bc45   Thumb Code    42  tasks.o(i.prvResetNextTaskUnblockTime)
    i.prvSampleTimeNow                       0x0800bc78   Section        0  timers.o(i.prvSampleTimeNow)
    prvSampleTimeNow                         0x0800bc79   Thumb Code    40  timers.o(i.prvSampleTimeNow)
    i.prvSwitchTimerLists                    0x0800bca4   Section        0  timers.o(i.prvSwitchTimerLists)
    prvSwitchTimerLists                      0x0800bca5   Thumb Code   150  timers.o(i.prvSwitchTimerLists)
    i.prvTaskExitError                       0x0800bd44   Section        0  port.o(i.prvTaskExitError)
    prvTaskExitError                         0x0800bd45   Thumb Code    60  port.o(i.prvTaskExitError)
    i.prvTimerTask                           0x0800bd84   Section        0  timers.o(i.prvTimerTask)
    prvTimerTask                             0x0800bd85   Thumb Code    26  timers.o(i.prvTimerTask)
    i.prvUnlockQueue                         0x0800bd9e   Section        0  queue.o(i.prvUnlockQueue)
    prvUnlockQueue                           0x0800bd9f   Thumb Code   126  queue.o(i.prvUnlockQueue)
    i.pvPortMalloc                           0x0800be1c   Section        0  heap_4.o(i.pvPortMalloc)
    i.pxPortInitialiseStack                  0x0800bf58   Section        0  port.o(i.pxPortInitialiseStack)
    i.ring_buffer_init                       0x0800bf7c   Section        0  ring_buffer.o(i.ring_buffer_init)
    i.ring_buffer_write                      0x0800bf88   Section        0  ring_buffer.o(i.ring_buffer_write)
    i.uxListRemove                           0x0800bfa6   Section        0  list.o(i.uxListRemove)
    i.vApplicationGetIdleTaskMemory          0x0800bfd0   Section        0  cmsis_os2.o(i.vApplicationGetIdleTaskMemory)
    i.vApplicationGetTimerTaskMemory         0x0800bfe8   Section        0  cmsis_os2.o(i.vApplicationGetTimerTaskMemory)
    i.vListInitialise                        0x0800c000   Section        0  list.o(i.vListInitialise)
    i.vListInitialiseItem                    0x0800c01a   Section        0  list.o(i.vListInitialiseItem)
    i.vListInsert                            0x0800c020   Section        0  list.o(i.vListInsert)
    i.vListInsertEnd                         0x0800c054   Section        0  list.o(i.vListInsertEnd)
    i.vPortEnterCritical                     0x0800c06c   Section        0  port.o(i.vPortEnterCritical)
    i.vPortExitCritical                      0x0800c0c0   Section        0  port.o(i.vPortExitCritical)
    i.vPortFree                              0x0800c0fc   Section        0  heap_4.o(i.vPortFree)
    i.vPortSetupTimerInterrupt               0x0800c190   Section        0  port.o(i.vPortSetupTimerInterrupt)
    i.vPortValidateInterruptPriority         0x0800c1b8   Section        0  port.o(i.vPortValidateInterruptPriority)
    i.vQueueAddToRegistry                    0x0800c230   Section        0  queue.o(i.vQueueAddToRegistry)
    i.vQueueWaitForMessageRestricted         0x0800c25c   Section        0  queue.o(i.vQueueWaitForMessageRestricted)
    i.vTaskDelay                             0x0800c2a8   Section        0  tasks.o(i.vTaskDelay)
    i.vTaskInternalSetTimeOutState           0x0800c304   Section        0  tasks.o(i.vTaskInternalSetTimeOutState)
    i.vTaskMissedYield                       0x0800c31c   Section        0  tasks.o(i.vTaskMissedYield)
    i.vTaskPlaceOnEventList                  0x0800c328   Section        0  tasks.o(i.vTaskPlaceOnEventList)
    i.vTaskPlaceOnEventListRestricted        0x0800c360   Section        0  tasks.o(i.vTaskPlaceOnEventListRestricted)
    i.vTaskStartScheduler                    0x0800c3a0   Section        0  tasks.o(i.vTaskStartScheduler)
    i.vTaskSuspendAll                        0x0800c458   Section        0  tasks.o(i.vTaskSuspendAll)
    i.vTaskSwitchContext                     0x0800c468   Section        0  tasks.o(i.vTaskSwitchContext)
    i.xPortStartScheduler                    0x0800c4f8   Section        0  port.o(i.xPortStartScheduler)
    i.xQueueGenericCreateStatic              0x0800c5f0   Section        0  queue.o(i.xQueueGenericCreateStatic)
    i.xQueueGenericReset                     0x0800c6d0   Section        0  queue.o(i.xQueueGenericReset)
    i.xQueueGenericSend                      0x0800c768   Section        0  queue.o(i.xQueueGenericSend)
    i.xQueueGenericSendFromISR               0x0800c910   Section        0  queue.o(i.xQueueGenericSendFromISR)
    i.xQueueReceive                          0x0800ca08   Section        0  queue.o(i.xQueueReceive)
    i.xTaskCheckForTimeOut                   0x0800cb70   Section        0  tasks.o(i.xTaskCheckForTimeOut)
    i.xTaskCreate                            0x0800cbfc   Section        0  tasks.o(i.xTaskCreate)
    i.xTaskCreateStatic                      0x0800cc60   Section        0  tasks.o(i.xTaskCreateStatic)
    i.xTaskGetSchedulerState                 0x0800cd18   Section        0  tasks.o(i.xTaskGetSchedulerState)
    i.xTaskGetTickCount                      0x0800cd38   Section        0  tasks.o(i.xTaskGetTickCount)
    i.xTaskIncrementTick                     0x0800cd44   Section        0  tasks.o(i.xTaskIncrementTick)
    i.xTaskPriorityDisinherit                0x0800ce88   Section        0  tasks.o(i.xTaskPriorityDisinherit)
    i.xTaskRemoveFromEventList               0x0800cf2c   Section        0  tasks.o(i.xTaskRemoveFromEventList)
    i.xTaskResumeAll                         0x0800cfc4   Section        0  tasks.o(i.xTaskResumeAll)
    i.xTimerCreateTimerTask                  0x0800d0c8   Section        0  timers.o(i.xTimerCreateTimerTask)
    i.xTimerGenericCommand                   0x0800d140   Section        0  timers.o(i.xTimerGenericCommand)
    .constdata                               0x0800d1c4   Section       36  freertos.o(.constdata)
    .constdata                               0x0800d1e8   Section       24  system_stm32f1xx.o(.constdata)
    .conststring                             0x0800d200   Section       12  freertos.o(.conststring)
    .data                                    0x20000000   Section        4  freertos.o(.data)
    .data                                    0x20000004   Section        9  stm32f1xx_hal.o(.data)
    .data                                    0x20000010   Section        4  system_stm32f1xx.o(.data)
    .data                                    0x20000014   Section        3  driver_usart.o(.data)
    txcplt_flag                              0x20000014   Data           1  driver_usart.o(.data)
    rxcplt_flag                              0x20000015   Data           1  driver_usart.o(.data)
    rx_data                                  0x20000016   Data           1  driver_usart.o(.data)
    .data                                    0x20000017   Section        2  driver_key.o(.data)
    key1_val                                 0x20000017   Data           1  driver_key.o(.data)
    key2_val                                 0x20000018   Data           1  driver_key.o(.data)
    .data                                    0x2000001c   Section       60  tasks.o(.data)
    pxDelayedTaskList                        0x20000020   Data           4  tasks.o(.data)
    pxOverflowDelayedTaskList                0x20000024   Data           4  tasks.o(.data)
    uxDeletedTasksWaitingCleanUp             0x20000028   Data           4  tasks.o(.data)
    uxCurrentNumberOfTasks                   0x2000002c   Data           4  tasks.o(.data)
    xTickCount                               0x20000030   Data           4  tasks.o(.data)
    uxTopReadyPriority                       0x20000034   Data           4  tasks.o(.data)
    xSchedulerRunning                        0x20000038   Data           4  tasks.o(.data)
    uxPendedTicks                            0x2000003c   Data           4  tasks.o(.data)
    xYieldPending                            0x20000040   Data           4  tasks.o(.data)
    xNumOfOverflows                          0x20000044   Data           4  tasks.o(.data)
    uxTaskNumber                             0x20000048   Data           4  tasks.o(.data)
    xNextTaskUnblockTime                     0x2000004c   Data           4  tasks.o(.data)
    xIdleTaskHandle                          0x20000050   Data           4  tasks.o(.data)
    uxSchedulerSuspended                     0x20000054   Data           4  tasks.o(.data)
    .data                                    0x20000058   Section       20  timers.o(.data)
    pxCurrentTimerList                       0x20000058   Data           4  timers.o(.data)
    pxOverflowTimerList                      0x2000005c   Data           4  timers.o(.data)
    xTimerQueue                              0x20000060   Data           4  timers.o(.data)
    xTimerTaskHandle                         0x20000064   Data           4  timers.o(.data)
    xLastTime                                0x20000068   Data           4  timers.o(.data)
    .data                                    0x2000006c   Section        4  cmsis_os2.o(.data)
    KernelState                              0x2000006c   Data           4  cmsis_os2.o(.data)
    .data                                    0x20000070   Section       24  heap_4.o(.data)
    xStart                                   0x20000070   Data           8  heap_4.o(.data)
    pxEnd                                    0x20000078   Data           4  heap_4.o(.data)
    xFreeBytesRemaining                      0x2000007c   Data           4  heap_4.o(.data)
    xMinimumEverFreeBytesRemaining           0x20000080   Data           4  heap_4.o(.data)
    xBlockAllocatedBit                       0x20000084   Data           4  heap_4.o(.data)
    .data                                    0x20000088   Section       12  port.o(.data)
    uxCriticalNesting                        0x20000088   Data           4  port.o(.data)
    ucMaxSysCallPriority                     0x2000008c   Data           1  port.o(.data)
    ulMaxPRIGROUPValue                       0x20000090   Data           4  port.o(.data)
    .data                                    0x20000094   Section        4  stdout.o(.data)
    .bss                                     0x20000098   Section     1032  main.o(.bss)
    .bss                                     0x200004a0   Section      136  usart.o(.bss)
    .bss                                     0x20000528   Section       72  stm32f1xx_hal_timebase_tim.o(.bss)
    .bss                                     0x20000570   Section       64  queue.o(.bss)
    .bss                                     0x200005b0   Section     1220  tasks.o(.bss)
    pxReadyTasksLists                        0x200005b0   Data        1120  tasks.o(.bss)
    xDelayedTaskList1                        0x20000a10   Data          20  tasks.o(.bss)
    xDelayedTaskList2                        0x20000a24   Data          20  tasks.o(.bss)
    xPendingReadyList                        0x20000a38   Data          20  tasks.o(.bss)
    xTasksWaitingTermination                 0x20000a4c   Data          20  tasks.o(.bss)
    xSuspendedTaskList                       0x20000a60   Data          20  tasks.o(.bss)
    .bss                                     0x20000a74   Section      280  timers.o(.bss)
    xActiveTimerList1                        0x20000a74   Data          20  timers.o(.bss)
    xActiveTimerList2                        0x20000a88   Data          20  timers.o(.bss)
    xStaticTimerQueue                        0x20000a9c   Data          80  timers.o(.bss)
    ucStaticTimerQueueStorage                0x20000aec   Data         160  timers.o(.bss)
    .bss                                     0x20000b8c   Section     1720  cmsis_os2.o(.bss)
    Idle_TCB                                 0x20000b8c   Data          92  cmsis_os2.o(.bss)
    Idle_Stack                               0x20000be8   Data         512  cmsis_os2.o(.bss)
    Timer_TCB                                0x20000de8   Data          92  cmsis_os2.o(.bss)
    Timer_Stack                              0x20000e44   Data        1024  cmsis_os2.o(.bss)
    .bss                                     0x20001244   Section     3072  heap_4.o(.bss)
    ucHeap                                   0x20001244   Data        3072  heap_4.o(.bss)
    STACK                                    0x20001e48   Section     1024  startup_stm32f103xe.o(STACK)

    Global Symbols

    Symbol Name                              Value     Ov Type        Size  Object(Section)

    BuildAttributes$$THM_ISAv4$P$D$K$B$S$PE$A:L22UL41UL21$X:L11$S22US41US21$IEEE1$IW$USESV6$~STKCKD$USESV7$~SHL$OSPACE$ROPI$EBA8$MICROLIB$REQ8$PRES8$EABIv2 0x00000000   Number         0  anon$$obj.o ABSOLUTE
    __ARM_use_no_argv                        0x00000000   Number         0  main.o ABSOLUTE
    _printf_a                                0x00000000   Number         0  stubs.o ABSOLUTE
    _printf_c                                0x00000000   Number         0  stubs.o ABSOLUTE
    _printf_charcount                        0x00000000   Number         0  stubs.o ABSOLUTE
    _printf_d                                0x00000000   Number         0  stubs.o ABSOLUTE
    _printf_e                                0x00000000   Number         0  stubs.o ABSOLUTE
    _printf_f                                0x00000000   Number         0  stubs.o ABSOLUTE
    _printf_flags                            0x00000000   Number         0  stubs.o ABSOLUTE
    _printf_fp_dec                           0x00000000   Number         0  stubs.o ABSOLUTE
    _printf_fp_hex                           0x00000000   Number         0  stubs.o ABSOLUTE
    _printf_g                                0x00000000   Number         0  stubs.o ABSOLUTE
    _printf_i                                0x00000000   Number         0  stubs.o ABSOLUTE
    _printf_int_dec                          0x00000000   Number         0  stubs.o ABSOLUTE
    _printf_l                                0x00000000   Number         0  stubs.o ABSOLUTE
    _printf_lc                               0x00000000   Number         0  stubs.o ABSOLUTE
    _printf_ll                               0x00000000   Number         0  stubs.o ABSOLUTE
    _printf_lld                              0x00000000   Number         0  stubs.o ABSOLUTE
    _printf_lli                              0x00000000   Number         0  stubs.o ABSOLUTE
    _printf_llo                              0x00000000   Number         0  stubs.o ABSOLUTE
    _printf_llu                              0x00000000   Number         0  stubs.o ABSOLUTE
    _printf_llx                              0x00000000   Number         0  stubs.o ABSOLUTE
    _printf_longlong_dec                     0x00000000   Number         0  stubs.o ABSOLUTE
    _printf_longlong_hex                     0x00000000   Number         0  stubs.o ABSOLUTE
    _printf_longlong_oct                     0x00000000   Number         0  stubs.o ABSOLUTE
    _printf_ls                               0x00000000   Number         0  stubs.o ABSOLUTE
    _printf_mbtowc                           0x00000000   Number         0  stubs.o ABSOLUTE
    _printf_n                                0x00000000   Number         0  stubs.o ABSOLUTE
    _printf_o                                0x00000000   Number         0  stubs.o ABSOLUTE
    _printf_p                                0x00000000   Number         0  stubs.o ABSOLUTE
    _printf_percent                          0x00000000   Number         0  stubs.o ABSOLUTE
    _printf_pre_padding                      0x00000000   Number         0  stubs.o ABSOLUTE
    _printf_return_value                     0x00000000   Number         0  stubs.o ABSOLUTE
    _printf_s                                0x00000000   Number         0  stubs.o ABSOLUTE
    _printf_sizespec                         0x00000000   Number         0  stubs.o ABSOLUTE
    _printf_str                              0x00000000   Number         0  stubs.o ABSOLUTE
    _printf_truncate_signed                  0x00000000   Number         0  stubs.o ABSOLUTE
    _printf_truncate_unsigned                0x00000000   Number         0  stubs.o ABSOLUTE
    _printf_u                                0x00000000   Number         0  stubs.o ABSOLUTE
    _printf_wc                               0x00000000   Number         0  stubs.o ABSOLUTE
    _printf_wctomb                           0x00000000   Number         0  stubs.o ABSOLUTE
    _printf_widthprec                        0x00000000   Number         0  stubs.o ABSOLUTE
    _printf_x                                0x00000000   Number         0  stubs.o ABSOLUTE
    __cpp_initialize__aeabi_                  - Undefined Weak Reference
    __cxa_finalize                            - Undefined Weak Reference
    __decompress                              - Undefined Weak Reference
    _clock_init                               - Undefined Weak Reference
    _microlib_exit                            - Undefined Weak Reference
    __Vectors_Size                           0x00000130   Number         0  startup_stm32f103xe.o ABSOLUTE
    __Vectors                                0x08009000   Data           4  startup_stm32f103xe.o(RESET)
    __Vectors_End                            0x08009130   Data           0  startup_stm32f103xe.o(RESET)
    __main                                   0x08009131   Thumb Code     0  entry.o(.ARM.Collect$$$$00000000)
    _main_stk                                0x08009131   Thumb Code     0  entry2.o(.ARM.Collect$$$$00000001)
    _main_scatterload                        0x08009135   Thumb Code     0  entry5.o(.ARM.Collect$$$$00000004)
    __main_after_scatterload                 0x08009139   Thumb Code     0  entry5.o(.ARM.Collect$$$$00000004)
    _main_clock                              0x08009139   Thumb Code     0  entry7b.o(.ARM.Collect$$$$00000008)
    _main_cpp_init                           0x08009139   Thumb Code     0  entry8b.o(.ARM.Collect$$$$0000000A)
    _main_init                               0x08009139   Thumb Code     0  entry9a.o(.ARM.Collect$$$$0000000B)
    __rt_final_cpp                           0x08009141   Thumb Code     0  entry10a.o(.ARM.Collect$$$$0000000D)
    __rt_final_exit                          0x08009141   Thumb Code     0  entry11a.o(.ARM.Collect$$$$0000000F)
    SVC_Handler                              0x08009145   Thumb Code    32  port.o(.emb_text)
    __asm___6_port_c_39a90d8d__prvStartFirstTask 0x08009169   Thumb Code    28  port.o(.emb_text)
    PendSV_Handler                           0x08009189   Thumb Code    72  port.o(.emb_text)
    vPortGetIPSR                             0x080091d5   Thumb Code     6  port.o(.emb_text)
    Reset_Handler                            0x080091dd   Thumb Code     8  startup_stm32f103xe.o(.text)
    ADC1_2_IRQHandler                        0x080091f7   Thumb Code     0  startup_stm32f103xe.o(.text)
    ADC3_IRQHandler                          0x080091f7   Thumb Code     0  startup_stm32f103xe.o(.text)
    CAN1_RX1_IRQHandler                      0x080091f7   Thumb Code     0  startup_stm32f103xe.o(.text)
    CAN1_SCE_IRQHandler                      0x080091f7   Thumb Code     0  startup_stm32f103xe.o(.text)
    DMA1_Channel1_IRQHandler                 0x080091f7   Thumb Code     0  startup_stm32f103xe.o(.text)
    DMA1_Channel2_IRQHandler                 0x080091f7   Thumb Code     0  startup_stm32f103xe.o(.text)
    DMA1_Channel3_IRQHandler                 0x080091f7   Thumb Code     0  startup_stm32f103xe.o(.text)
    DMA1_Channel4_IRQHandler                 0x080091f7   Thumb Code     0  startup_stm32f103xe.o(.text)
    DMA1_Channel5_IRQHandler                 0x080091f7   Thumb Code     0  startup_stm32f103xe.o(.text)
    DMA1_Channel6_IRQHandler                 0x080091f7   Thumb Code     0  startup_stm32f103xe.o(.text)
    DMA1_Channel7_IRQHandler                 0x080091f7   Thumb Code     0  startup_stm32f103xe.o(.text)
    DMA2_Channel1_IRQHandler                 0x080091f7   Thumb Code     0  startup_stm32f103xe.o(.text)
    DMA2_Channel2_IRQHandler                 0x080091f7   Thumb Code     0  startup_stm32f103xe.o(.text)
    DMA2_Channel3_IRQHandler                 0x080091f7   Thumb Code     0  startup_stm32f103xe.o(.text)
    DMA2_Channel4_5_IRQHandler               0x080091f7   Thumb Code     0  startup_stm32f103xe.o(.text)
    EXTI1_IRQHandler                         0x080091f7   Thumb Code     0  startup_stm32f103xe.o(.text)
    EXTI2_IRQHandler                         0x080091f7   Thumb Code     0  startup_stm32f103xe.o(.text)
    EXTI3_IRQHandler                         0x080091f7   Thumb Code     0  startup_stm32f103xe.o(.text)
    EXTI4_IRQHandler                         0x080091f7   Thumb Code     0  startup_stm32f103xe.o(.text)
    EXTI9_5_IRQHandler                       0x080091f7   Thumb Code     0  startup_stm32f103xe.o(.text)
    FLASH_IRQHandler                         0x080091f7   Thumb Code     0  startup_stm32f103xe.o(.text)
    FSMC_IRQHandler                          0x080091f7   Thumb Code     0  startup_stm32f103xe.o(.text)
    I2C1_ER_IRQHandler                       0x080091f7   Thumb Code     0  startup_stm32f103xe.o(.text)
    I2C1_EV_IRQHandler                       0x080091f7   Thumb Code     0  startup_stm32f103xe.o(.text)
    I2C2_ER_IRQHandler                       0x080091f7   Thumb Code     0  startup_stm32f103xe.o(.text)
    I2C2_EV_IRQHandler                       0x080091f7   Thumb Code     0  startup_stm32f103xe.o(.text)
    PVD_IRQHandler                           0x080091f7   Thumb Code     0  startup_stm32f103xe.o(.text)
    RCC_IRQHandler                           0x080091f7   Thumb Code     0  startup_stm32f103xe.o(.text)
    RTC_Alarm_IRQHandler                     0x080091f7   Thumb Code     0  startup_stm32f103xe.o(.text)
    RTC_IRQHandler                           0x080091f7   Thumb Code     0  startup_stm32f103xe.o(.text)
    SDIO_IRQHandler                          0x080091f7   Thumb Code     0  startup_stm32f103xe.o(.text)
    SPI1_IRQHandler                          0x080091f7   Thumb Code     0  startup_stm32f103xe.o(.text)
    SPI2_IRQHandler                          0x080091f7   Thumb Code     0  startup_stm32f103xe.o(.text)
    SPI3_IRQHandler                          0x080091f7   Thumb Code     0  startup_stm32f103xe.o(.text)
    TAMPER_IRQHandler                        0x080091f7   Thumb Code     0  startup_stm32f103xe.o(.text)
    TIM1_BRK_IRQHandler                      0x080091f7   Thumb Code     0  startup_stm32f103xe.o(.text)
    TIM1_CC_IRQHandler                       0x080091f7   Thumb Code     0  startup_stm32f103xe.o(.text)
    TIM1_TRG_COM_IRQHandler                  0x080091f7   Thumb Code     0  startup_stm32f103xe.o(.text)
    TIM1_UP_IRQHandler                       0x080091f7   Thumb Code     0  startup_stm32f103xe.o(.text)
    TIM2_IRQHandler                          0x080091f7   Thumb Code     0  startup_stm32f103xe.o(.text)
    TIM3_IRQHandler                          0x080091f7   Thumb Code     0  startup_stm32f103xe.o(.text)
    TIM4_IRQHandler                          0x080091f7   Thumb Code     0  startup_stm32f103xe.o(.text)
    TIM5_IRQHandler                          0x080091f7   Thumb Code     0  startup_stm32f103xe.o(.text)
    TIM6_IRQHandler                          0x080091f7   Thumb Code     0  startup_stm32f103xe.o(.text)
    TIM7_IRQHandler                          0x080091f7   Thumb Code     0  startup_stm32f103xe.o(.text)
    TIM8_BRK_IRQHandler                      0x080091f7   Thumb Code     0  startup_stm32f103xe.o(.text)
    TIM8_CC_IRQHandler                       0x080091f7   Thumb Code     0  startup_stm32f103xe.o(.text)
    TIM8_TRG_COM_IRQHandler                  0x080091f7   Thumb Code     0  startup_stm32f103xe.o(.text)
    UART4_IRQHandler                         0x080091f7   Thumb Code     0  startup_stm32f103xe.o(.text)
    UART5_IRQHandler                         0x080091f7   Thumb Code     0  startup_stm32f103xe.o(.text)
    USART2_IRQHandler                        0x080091f7   Thumb Code     0  startup_stm32f103xe.o(.text)
    USBWakeUp_IRQHandler                     0x080091f7   Thumb Code     0  startup_stm32f103xe.o(.text)
    USB_HP_CAN1_TX_IRQHandler                0x080091f7   Thumb Code     0  startup_stm32f103xe.o(.text)
    USB_LP_CAN1_RX0_IRQHandler               0x080091f7   Thumb Code     0  startup_stm32f103xe.o(.text)
    WWDG_IRQHandler                          0x080091f7   Thumb Code     0  startup_stm32f103xe.o(.text)
    __aeabi_memcpy                           0x08009201   Thumb Code    36  memcpya.o(.text)
    __aeabi_memcpy4                          0x08009201   Thumb Code     0  memcpya.o(.text)
    __aeabi_memcpy8                          0x08009201   Thumb Code     0  memcpya.o(.text)
    __aeabi_memset                           0x08009225   Thumb Code    14  memseta.o(.text)
    __aeabi_memset4                          0x08009225   Thumb Code     0  memseta.o(.text)
    __aeabi_memset8                          0x08009225   Thumb Code     0  memseta.o(.text)
    __aeabi_memclr                           0x08009233   Thumb Code     4  memseta.o(.text)
    __aeabi_memclr4                          0x08009233   Thumb Code     0  memseta.o(.text)
    __aeabi_memclr8                          0x08009233   Thumb Code     0  memseta.o(.text)
    memset                                   0x08009237   Thumb Code    18  memseta.o(.text)
    __aeabi_uidiv                            0x08009249   Thumb Code     0  uidiv.o(.text)
    __aeabi_uidivmod                         0x08009249   Thumb Code    44  uidiv.o(.text)
    __scatterload                            0x08009275   Thumb Code    28  init.o(.text)
    __scatterload_rt2                        0x08009275   Thumb Code     0  init.o(.text)
    BusFault_Handler                         0x08009299   Thumb Code     4  stm32f1xx_it.o(i.BusFault_Handler)
    DebugMon_Handler                         0x0800929d   Thumb Code     2  stm32f1xx_it.o(i.DebugMon_Handler)
    EXTI0_IRQHandler                         0x0800929f   Thumb Code    10  driver_key.o(i.EXTI0_IRQHandler)
    EXTI15_10_IRQHandler                     0x080092a9   Thumb Code    12  driver_key.o(i.EXTI15_10_IRQHandler)
    EnableDebugIRQ                           0x080092b5   Thumb Code    36  driver_usart.o(i.EnableDebugIRQ)
    Error_Handler                            0x080092dd   Thumb Code     6  main.o(i.Error_Handler)
    HAL_DMA_Abort                            0x080092e3   Thumb Code    86  stm32f1xx_hal_dma.o(i.HAL_DMA_Abort)
    HAL_DMA_Abort_IT                         0x08009339   Thumb Code   414  stm32f1xx_hal_dma.o(i.HAL_DMA_Abort_IT)
    HAL_GPIO_EXTI_Callback                   0x080094e1   Thumb Code    60  driver_key.o(i.HAL_GPIO_EXTI_Callback)
    HAL_GPIO_EXTI_IRQHandler                 0x08009531   Thumb Code    24  stm32f1xx_hal_gpio.o(i.HAL_GPIO_EXTI_IRQHandler)
    HAL_GPIO_Init                            0x0800954d   Thumb Code   792  stm32f1xx_hal_gpio.o(i.HAL_GPIO_Init)
    HAL_GPIO_ReadPin                         0x0800988d   Thumb Code    16  stm32f1xx_hal_gpio.o(i.HAL_GPIO_ReadPin)
    HAL_GPIO_TogglePin                       0x0800989d   Thumb Code    20  stm32f1xx_hal_gpio.o(i.HAL_GPIO_TogglePin)
    HAL_GPIO_WritePin                        0x080098b1   Thumb Code    12  stm32f1xx_hal_gpio.o(i.HAL_GPIO_WritePin)
    HAL_GetTick                              0x080098bd   Thumb Code     6  stm32f1xx_hal.o(i.HAL_GetTick)
    HAL_IncTick                              0x080098c9   Thumb Code    16  stm32f1xx_hal.o(i.HAL_IncTick)
    HAL_Init                                 0x080098e1   Thumb Code    34  stm32f1xx_hal.o(i.HAL_Init)
    HAL_InitTick                             0x08009909   Thumb Code   118  stm32f1xx_hal_timebase_tim.o(i.HAL_InitTick)
    HAL_MspInit                              0x08009991   Thumb Code    86  stm32f1xx_hal_msp.o(i.HAL_MspInit)
    HAL_NVIC_EnableIRQ                       0x080099f1   Thumb Code    32  stm32f1xx_hal_cortex.o(i.HAL_NVIC_EnableIRQ)
    HAL_NVIC_SetPriority                     0x08009a11   Thumb Code   124  stm32f1xx_hal_cortex.o(i.HAL_NVIC_SetPriority)
    HAL_NVIC_SetPriorityGrouping             0x08009a8d   Thumb Code    32  stm32f1xx_hal_cortex.o(i.HAL_NVIC_SetPriorityGrouping)
    HAL_RCC_ClockConfig                      0x08009ab5   Thumb Code   376  stm32f1xx_hal_rcc.o(i.HAL_RCC_ClockConfig)
    HAL_RCC_GetClockConfig                   0x08009c41   Thumb Code    58  stm32f1xx_hal_rcc.o(i.HAL_RCC_GetClockConfig)
    HAL_RCC_GetHCLKFreq                      0x08009c85   Thumb Code     6  stm32f1xx_hal_rcc.o(i.HAL_RCC_GetHCLKFreq)
    HAL_RCC_GetPCLK1Freq                     0x08009c91   Thumb Code    22  stm32f1xx_hal_rcc.o(i.HAL_RCC_GetPCLK1Freq)
    HAL_RCC_GetPCLK2Freq                     0x08009cb1   Thumb Code    22  stm32f1xx_hal_rcc.o(i.HAL_RCC_GetPCLK2Freq)
    HAL_RCC_GetSysClockFreq                  0x08009cd1   Thumb Code   116  stm32f1xx_hal_rcc.o(i.HAL_RCC_GetSysClockFreq)
    HAL_RCC_OscConfig                        0x08009d65   Thumb Code  1114  stm32f1xx_hal_rcc.o(i.HAL_RCC_OscConfig)
    HAL_TIMEx_BreakCallback                  0x0800a1c9   Thumb Code     2  stm32f1xx_hal_tim_ex.o(i.HAL_TIMEx_BreakCallback)
    HAL_TIMEx_CommutCallback                 0x0800a1cb   Thumb Code     2  stm32f1xx_hal_tim_ex.o(i.HAL_TIMEx_CommutCallback)
    HAL_TIM_Base_Init                        0x0800a1cd   Thumb Code   102  stm32f1xx_hal_tim.o(i.HAL_TIM_Base_Init)
    HAL_TIM_Base_MspInit                     0x0800a233   Thumb Code     2  stm32f1xx_hal_tim.o(i.HAL_TIM_Base_MspInit)
    HAL_TIM_Base_Start_IT                    0x0800a235   Thumb Code   122  stm32f1xx_hal_tim.o(i.HAL_TIM_Base_Start_IT)
    HAL_TIM_IC_CaptureCallback               0x0800a2c5   Thumb Code     2  stm32f1xx_hal_tim.o(i.HAL_TIM_IC_CaptureCallback)
    HAL_TIM_IRQHandler                       0x0800a2c7   Thumb Code   406  stm32f1xx_hal_tim.o(i.HAL_TIM_IRQHandler)
    HAL_TIM_OC_DelayElapsedCallback          0x0800a45d   Thumb Code     2  stm32f1xx_hal_tim.o(i.HAL_TIM_OC_DelayElapsedCallback)
    HAL_TIM_PWM_PulseFinishedCallback        0x0800a45f   Thumb Code     2  stm32f1xx_hal_tim.o(i.HAL_TIM_PWM_PulseFinishedCallback)
    HAL_TIM_PeriodElapsedCallback            0x0800a461   Thumb Code    18  main.o(i.HAL_TIM_PeriodElapsedCallback)
    HAL_TIM_TriggerCallback                  0x0800a479   Thumb Code     2  stm32f1xx_hal_tim.o(i.HAL_TIM_TriggerCallback)
    HAL_UARTEx_RxEventCallback               0x0800a47b   Thumb Code     2  stm32f1xx_hal_uart.o(i.HAL_UARTEx_RxEventCallback)
    HAL_UART_ErrorCallback                   0x0800a47d   Thumb Code     2  stm32f1xx_hal_uart.o(i.HAL_UART_ErrorCallback)
    HAL_UART_IRQHandler                      0x0800a481   Thumb Code   582  stm32f1xx_hal_uart.o(i.HAL_UART_IRQHandler)
    HAL_UART_Init                            0x0800a6cd   Thumb Code   114  stm32f1xx_hal_uart.o(i.HAL_UART_Init)
    HAL_UART_MspInit                         0x0800a741   Thumb Code   266  usart.o(i.HAL_UART_MspInit)
    HAL_UART_RxCpltCallback                  0x0800a865   Thumb Code    16  driver_usart.o(i.HAL_UART_RxCpltCallback)
    HAL_UART_Transmit_IT                     0x0800a87d   Thumb Code    88  stm32f1xx_hal_uart.o(i.HAL_UART_Transmit_IT)
    HAL_UART_TxCpltCallback                  0x0800a8d5   Thumb Code    16  driver_usart.o(i.HAL_UART_TxCpltCallback)
    HardFault_Handler                        0x0800a8ed   Thumb Code     4  stm32f1xx_it.o(i.HardFault_Handler)
    KEY_GPIO_ReInit                          0x0800a8f1   Thumb Code   136  driver_key.o(i.KEY_GPIO_ReInit)
    LED_GPIO_ReInit                          0x0800a989   Thumb Code   120  driver_key.o(i.LED_GPIO_ReInit)
    MX_FREERTOS_Init                         0x0800aa09   Thumb Code    18  freertos.o(i.MX_FREERTOS_Init)
    MX_GPIO_Init                             0x0800aa29   Thumb Code   272  gpio.o(i.MX_GPIO_Init)
    MX_USART1_UART_Init                      0x0800ab49   Thumb Code    46  usart.o(i.MX_USART1_UART_Init)
    MX_USART3_UART_Init                      0x0800ab81   Thumb Code    46  usart.o(i.MX_USART3_UART_Init)
    MemManage_Handler                        0x0800abb9   Thumb Code     4  stm32f1xx_it.o(i.MemManage_Handler)
    NMI_Handler                              0x0800abbd   Thumb Code     4  stm32f1xx_it.o(i.NMI_Handler)
    StartDefaultTask                         0x0800abe9   Thumb Code    30  freertos.o(i.StartDefaultTask)
    SysTick_Handler                          0x0800ac25   Thumb Code    46  port.o(i.SysTick_Handler)
    SystemClock_Config                       0x0800ac59   Thumb Code   102  main.o(i.SystemClock_Config)
    SystemInit                               0x0800acbf   Thumb Code     2  system_stm32f1xx.o(i.SystemInit)
    TIM8_UP_IRQHandler                       0x0800acc1   Thumb Code    10  stm32f1xx_it.o(i.TIM8_UP_IRQHandler)
    TIM_Base_SetConfig                       0x0800acd1   Thumb Code   134  stm32f1xx_hal_tim.o(i.TIM_Base_SetConfig)
    USART1_IRQHandler                        0x0800b019   Thumb Code    38  driver_usart.o(i.USART1_IRQHandler)
    USART3_IRQHandler                        0x0800b04d   Thumb Code    10  stm32f1xx_it.o(i.USART3_IRQHandler)
    UsageFault_Handler                       0x0800b05d   Thumb Code     4  stm32f1xx_it.o(i.UsageFault_Handler)
    __0printf$1                              0x0800b061   Thumb Code    22  printf1.o(i.__0printf$1)
    __1printf$1                              0x0800b061   Thumb Code     0  printf1.o(i.__0printf$1)
    __2printf                                0x0800b061   Thumb Code     0  printf1.o(i.__0printf$1)
    __scatterload_copy                       0x0800b0cb   Thumb Code    14  handlers.o(i.__scatterload_copy)
    __scatterload_null                       0x0800b0d9   Thumb Code     2  handlers.o(i.__scatterload_null)
    __scatterload_zeroinit                   0x0800b0db   Thumb Code    14  handlers.o(i.__scatterload_zeroinit)
    fputc                                    0x0800b23d   Thumb Code    32  driver_usart.o(i.fputc)
    main                                     0x0800b265   Thumb Code    62  main.o(i.main)
    osDelay                                  0x0800b2b9   Thumb Code    50  cmsis_os2.o(i.osDelay)
    osKernelInitialize                       0x0800b2f1   Thumb Code    58  cmsis_os2.o(i.osKernelInitialize)
    osKernelStart                            0x0800b331   Thumb Code    64  cmsis_os2.o(i.osKernelStart)
    osThreadNew                              0x0800b375   Thumb Code   216  cmsis_os2.o(i.osThreadNew)
    pvPortMalloc                             0x0800be1d   Thumb Code   296  heap_4.o(i.pvPortMalloc)
    pxPortInitialiseStack                    0x0800bf59   Thumb Code    30  port.o(i.pxPortInitialiseStack)
    ring_buffer_init                         0x0800bf7d   Thumb Code    12  ring_buffer.o(i.ring_buffer_init)
    ring_buffer_write                        0x0800bf89   Thumb Code    30  ring_buffer.o(i.ring_buffer_write)
    uxListRemove                             0x0800bfa7   Thumb Code    40  list.o(i.uxListRemove)
    vApplicationGetIdleTaskMemory            0x0800bfd1   Thumb Code    14  cmsis_os2.o(i.vApplicationGetIdleTaskMemory)
    vApplicationGetTimerTaskMemory           0x0800bfe9   Thumb Code    16  cmsis_os2.o(i.vApplicationGetTimerTaskMemory)
    vListInitialise                          0x0800c001   Thumb Code    26  list.o(i.vListInitialise)
    vListInitialiseItem                      0x0800c01b   Thumb Code     6  list.o(i.vListInitialiseItem)
    vListInsert                              0x0800c021   Thumb Code    52  list.o(i.vListInsert)
    vListInsertEnd                           0x0800c055   Thumb Code    24  list.o(i.vListInsertEnd)
    vPortEnterCritical                       0x0800c06d   Thumb Code    76  port.o(i.vPortEnterCritical)
    vPortExitCritical                        0x0800c0c1   Thumb Code    56  port.o(i.vPortExitCritical)
    vPortFree                                0x0800c0fd   Thumb Code   140  heap_4.o(i.vPortFree)
    vPortSetupTimerInterrupt                 0x0800c191   Thumb Code    36  port.o(i.vPortSetupTimerInterrupt)
    vPortValidateInterruptPriority           0x0800c1b9   Thumb Code   106  port.o(i.vPortValidateInterruptPriority)
    vQueueAddToRegistry                      0x0800c231   Thumb Code    38  queue.o(i.vQueueAddToRegistry)
    vQueueWaitForMessageRestricted           0x0800c25d   Thumb Code    74  queue.o(i.vQueueWaitForMessageRestricted)
    vTaskDelay                               0x0800c2a9   Thumb Code    82  tasks.o(i.vTaskDelay)
    vTaskInternalSetTimeOutState             0x0800c305   Thumb Code    14  tasks.o(i.vTaskInternalSetTimeOutState)
    vTaskMissedYield                         0x0800c31d   Thumb Code     8  tasks.o(i.vTaskMissedYield)
    vTaskPlaceOnEventList                    0x0800c329   Thumb Code    52  tasks.o(i.vTaskPlaceOnEventList)
    vTaskPlaceOnEventListRestricted          0x0800c361   Thumb Code    60  tasks.o(i.vTaskPlaceOnEventListRestricted)
    vTaskStartScheduler                      0x0800c3a1   Thumb Code   156  tasks.o(i.vTaskStartScheduler)
    vTaskSuspendAll                          0x0800c459   Thumb Code    12  tasks.o(i.vTaskSuspendAll)
    vTaskSwitchContext                       0x0800c469   Thumb Code   122  tasks.o(i.vTaskSwitchContext)
    xPortStartScheduler                      0x0800c4f9   Thumb Code   228  port.o(i.xPortStartScheduler)
    xQueueGenericCreateStatic                0x0800c5f1   Thumb Code   222  queue.o(i.xQueueGenericCreateStatic)
    xQueueGenericReset                       0x0800c6d1   Thumb Code   146  queue.o(i.xQueueGenericReset)
    xQueueGenericSend                        0x0800c769   Thumb Code   420  queue.o(i.xQueueGenericSend)
    xQueueGenericSendFromISR                 0x0800c911   Thumb Code   248  queue.o(i.xQueueGenericSendFromISR)
    xQueueReceive                            0x0800ca09   Thumb Code   356  queue.o(i.xQueueReceive)
    xTaskCheckForTimeOut                     0x0800cb71   Thumb Code   132  tasks.o(i.xTaskCheckForTimeOut)
    xTaskCreate                              0x0800cbfd   Thumb Code   100  tasks.o(i.xTaskCreate)
    xTaskCreateStatic                        0x0800cc61   Thumb Code   184  tasks.o(i.xTaskCreateStatic)
    xTaskGetSchedulerState                   0x0800cd19   Thumb Code    24  tasks.o(i.xTaskGetSchedulerState)
    xTaskGetTickCount                        0x0800cd39   Thumb Code     6  tasks.o(i.xTaskGetTickCount)
    xTaskIncrementTick                       0x0800cd45   Thumb Code   280  tasks.o(i.xTaskIncrementTick)
    xTaskPriorityDisinherit                  0x0800ce89   Thumb Code   152  tasks.o(i.xTaskPriorityDisinherit)
    xTaskRemoveFromEventList                 0x0800cf2d   Thumb Code   126  tasks.o(i.xTaskRemoveFromEventList)
    xTaskResumeAll                           0x0800cfc5   Thumb Code   222  tasks.o(i.xTaskResumeAll)
    xTimerCreateTimerTask                    0x0800d0c9   Thumb Code   100  timers.o(i.xTimerCreateTimerTask)
    xTimerGenericCommand                     0x0800d141   Thumb Code   128  timers.o(i.xTimerGenericCommand)
    defaultTask_attributes                   0x0800d1c4   Data          36  freertos.o(.constdata)
    AHBPrescTable                            0x0800d1e8   Data          16  system_stm32f1xx.o(.constdata)
    APBPrescTable                            0x0800d1f8   Data           8  system_stm32f1xx.o(.constdata)
    Region$$Table$$Base                      0x0800d20c   Number         0  anon$$obj.o(Region$$Table)
    Region$$Table$$Limit                     0x0800d22c   Number         0  anon$$obj.o(Region$$Table)
    defaultTaskHandle                        0x20000000   Data           4  freertos.o(.data)
    uwTick                                   0x20000004   Data           4  stm32f1xx_hal.o(.data)
    uwTickPrio                               0x20000008   Data           4  stm32f1xx_hal.o(.data)
    uwTickFreq                               0x2000000c   Data           1  stm32f1xx_hal.o(.data)
    SystemCoreClock                          0x20000010   Data           4  system_stm32f1xx.o(.data)
    pxCurrentTCB                             0x2000001c   Data           4  tasks.o(.data)
    __stdout                                 0x20000094   Data           4  stdout.o(.data)
    test_buffer                              0x20000098   Data        1032  main.o(.bss)
    huart1                                   0x200004a0   Data          68  usart.o(.bss)
    huart3                                   0x200004e4   Data          68  usart.o(.bss)
    htim8                                    0x20000528   Data          72  stm32f1xx_hal_timebase_tim.o(.bss)
    xQueueRegistry                           0x20000570   Data          64  queue.o(.bss)
    __initial_sp                             0x20002248   Data           0  startup_stm32f103xe.o(STACK)



==============================================================================

Memory Map of the image

  Image Entry point : 0x08009131

  Load Region LR_IROM1 (Base: 0x08009000, Size: 0x000042c4, Max: 0x00020000, ABSOLUTE)

    Execution Region ER_IROM1 (Base: 0x08009000, Size: 0x0000422c, Max: 0x00020000, ABSOLUTE)

    Base Addr    Size         Type   Attr      Idx    E Section Name        Object

    0x08009000   0x00000130   Data   RO            3    RESET               startup_stm32f103xe.o
    0x08009130   0x00000000   Code   RO         4703  * .ARM.Collect$$$$00000000  mc_w.l(entry.o)
    0x08009130   0x00000004   Code   RO         4977    .ARM.Collect$$$$00000001  mc_w.l(entry2.o)
    0x08009134   0x00000004   Code   RO         4980    .ARM.Collect$$$$00000004  mc_w.l(entry5.o)
    0x08009138   0x00000000   Code   RO         4982    .ARM.Collect$$$$00000008  mc_w.l(entry7b.o)
    0x08009138   0x00000000   Code   RO         4984    .ARM.Collect$$$$0000000A  mc_w.l(entry8b.o)
    0x08009138   0x00000008   Code   RO         4985    .ARM.Collect$$$$0000000B  mc_w.l(entry9a.o)
    0x08009140   0x00000000   Code   RO         4987    .ARM.Collect$$$$0000000D  mc_w.l(entry10a.o)
    0x08009140   0x00000000   Code   RO         4989    .ARM.Collect$$$$0000000F  mc_w.l(entry11a.o)
    0x08009140   0x00000004   Code   RO         4978    .ARM.Collect$$$$00002712  mc_w.l(entry2.o)
    0x08009144   0x00000096   Code   RO         4626    .emb_text           port.o
    0x080091da   0x00000002   PAD
    0x080091dc   0x00000024   Code   RO            4    .text               startup_stm32f103xe.o
    0x08009200   0x00000024   Code   RO         4708    .text               mc_w.l(memcpya.o)
    0x08009224   0x00000024   Code   RO         4712    .text               mc_w.l(memseta.o)
    0x08009248   0x0000002c   Code   RO         4992    .text               mc_w.l(uidiv.o)
    0x08009274   0x00000024   Code   RO         5007    .text               mc_w.l(init.o)
    0x08009298   0x00000004   Code   RO          318    i.BusFault_Handler  stm32f1xx_it.o
    0x0800929c   0x00000002   Code   RO          319    i.DebugMon_Handler  stm32f1xx_it.o
    0x0800929e   0x0000000a   Code   RO         2979    i.EXTI0_IRQHandler  driver_key.o
    0x080092a8   0x0000000c   Code   RO         2980    i.EXTI15_10_IRQHandler  driver_key.o
    0x080092b4   0x00000028   Code   RO         2882    i.EnableDebugIRQ    driver_usart.o
    0x080092dc   0x00000006   Code   RO           13    i.Error_Handler     main.o
    0x080092e2   0x00000056   Code   RO          871    i.HAL_DMA_Abort     stm32f1xx_hal_dma.o
    0x08009338   0x000001a8   Code   RO          872    i.HAL_DMA_Abort_IT  stm32f1xx_hal_dma.o
    0x080094e0   0x00000050   Code   RO         2981    i.HAL_GPIO_EXTI_Callback  driver_key.o
    0x08009530   0x0000001c   Code   RO          806    i.HAL_GPIO_EXTI_IRQHandler  stm32f1xx_hal_gpio.o
    0x0800954c   0x00000340   Code   RO          807    i.HAL_GPIO_Init     stm32f1xx_hal_gpio.o
    0x0800988c   0x00000010   Code   RO          809    i.HAL_GPIO_ReadPin  stm32f1xx_hal_gpio.o
    0x0800989c   0x00000014   Code   RO          810    i.HAL_GPIO_TogglePin  stm32f1xx_hal_gpio.o
    0x080098b0   0x0000000c   Code   RO          811    i.HAL_GPIO_WritePin  stm32f1xx_hal_gpio.o
    0x080098bc   0x0000000c   Code   RO          498    i.HAL_GetTick       stm32f1xx_hal.o
    0x080098c8   0x00000018   Code   RO          504    i.HAL_IncTick       stm32f1xx_hal.o
    0x080098e0   0x00000028   Code   RO          505    i.HAL_Init          stm32f1xx_hal.o
    0x08009908   0x00000088   Code   RO          412    i.HAL_InitTick      stm32f1xx_hal_timebase_tim.o
    0x08009990   0x00000060   Code   RO          388    i.HAL_MspInit       stm32f1xx_hal_msp.o
    0x080099f0   0x00000020   Code   RO          967    i.HAL_NVIC_EnableIRQ  stm32f1xx_hal_cortex.o
    0x08009a10   0x0000007c   Code   RO          973    i.HAL_NVIC_SetPriority  stm32f1xx_hal_cortex.o
    0x08009a8c   0x00000028   Code   RO          974    i.HAL_NVIC_SetPriorityGrouping  stm32f1xx_hal_cortex.o
    0x08009ab4   0x0000018c   Code   RO          662    i.HAL_RCC_ClockConfig  stm32f1xx_hal_rcc.o
    0x08009c40   0x00000044   Code   RO          666    i.HAL_RCC_GetClockConfig  stm32f1xx_hal_rcc.o
    0x08009c84   0x0000000c   Code   RO          667    i.HAL_RCC_GetHCLKFreq  stm32f1xx_hal_rcc.o
    0x08009c90   0x00000020   Code   RO          669    i.HAL_RCC_GetPCLK1Freq  stm32f1xx_hal_rcc.o
    0x08009cb0   0x00000020   Code   RO          670    i.HAL_RCC_GetPCLK2Freq  stm32f1xx_hal_rcc.o
    0x08009cd0   0x00000094   Code   RO          671    i.HAL_RCC_GetSysClockFreq  stm32f1xx_hal_rcc.o
    0x08009d64   0x00000464   Code   RO          674    i.HAL_RCC_OscConfig  stm32f1xx_hal_rcc.o
    0x0800a1c8   0x00000002   Code   RO         2210    i.HAL_TIMEx_BreakCallback  stm32f1xx_hal_tim_ex.o
    0x0800a1ca   0x00000002   Code   RO         2211    i.HAL_TIMEx_CommutCallback  stm32f1xx_hal_tim_ex.o
    0x0800a1cc   0x00000066   Code   RO         1495    i.HAL_TIM_Base_Init  stm32f1xx_hal_tim.o
    0x0800a232   0x00000002   Code   RO         1497    i.HAL_TIM_Base_MspInit  stm32f1xx_hal_tim.o
    0x0800a234   0x00000090   Code   RO         1500    i.HAL_TIM_Base_Start_IT  stm32f1xx_hal_tim.o
    0x0800a2c4   0x00000002   Code   RO         1529    i.HAL_TIM_IC_CaptureCallback  stm32f1xx_hal_tim.o
    0x0800a2c6   0x00000196   Code   RO         1543    i.HAL_TIM_IRQHandler  stm32f1xx_hal_tim.o
    0x0800a45c   0x00000002   Code   RO         1546    i.HAL_TIM_OC_DelayElapsedCallback  stm32f1xx_hal_tim.o
    0x0800a45e   0x00000002   Code   RO         1573    i.HAL_TIM_PWM_PulseFinishedCallback  stm32f1xx_hal_tim.o
    0x0800a460   0x00000018   Code   RO           14    i.HAL_TIM_PeriodElapsedCallback  main.o
    0x0800a478   0x00000002   Code   RO         1586    i.HAL_TIM_TriggerCallback  stm32f1xx_hal_tim.o
    0x0800a47a   0x00000002   Code   RO         2488    i.HAL_UARTEx_RxEventCallback  stm32f1xx_hal_uart.o
    0x0800a47c   0x00000002   Code   RO         2502    i.HAL_UART_ErrorCallback  stm32f1xx_hal_uart.o
    0x0800a47e   0x00000002   PAD
    0x0800a480   0x0000024c   Code   RO         2505    i.HAL_UART_IRQHandler  stm32f1xx_hal_uart.o
    0x0800a6cc   0x00000072   Code   RO         2506    i.HAL_UART_Init     stm32f1xx_hal_uart.o
    0x0800a73e   0x00000002   PAD
    0x0800a740   0x00000124   Code   RO          271    i.HAL_UART_MspInit  usart.o
    0x0800a864   0x00000018   Code   RO         2883    i.HAL_UART_RxCpltCallback  driver_usart.o
    0x0800a87c   0x00000058   Code   RO         2516    i.HAL_UART_Transmit_IT  stm32f1xx_hal_uart.o
    0x0800a8d4   0x00000018   Code   RO         2884    i.HAL_UART_TxCpltCallback  driver_usart.o
    0x0800a8ec   0x00000004   Code   RO          320    i.HardFault_Handler  stm32f1xx_it.o
    0x0800a8f0   0x00000098   Code   RO         2984    i.KEY_GPIO_ReInit   driver_key.o
    0x0800a988   0x00000080   Code   RO         2985    i.LED_GPIO_ReInit   driver_key.o
    0x0800aa08   0x00000020   Code   RO          221    i.MX_FREERTOS_Init  freertos.o
    0x0800aa28   0x00000120   Code   RO          193    i.MX_GPIO_Init      gpio.o
    0x0800ab48   0x00000038   Code   RO          272    i.MX_USART1_UART_Init  usart.o
    0x0800ab80   0x00000038   Code   RO          273    i.MX_USART3_UART_Init  usart.o
    0x0800abb8   0x00000004   Code   RO          321    i.MemManage_Handler  stm32f1xx_it.o
    0x0800abbc   0x00000004   Code   RO          322    i.NMI_Handler       stm32f1xx_it.o
    0x0800abc0   0x00000028   Code   RO          675    i.RCC_Delay         stm32f1xx_hal_rcc.o
    0x0800abe8   0x0000003c   Code   RO          222    i.StartDefaultTask  freertos.o
    0x0800ac24   0x00000034   Code   RO         4627    i.SysTick_Handler   port.o
    0x0800ac58   0x00000066   Code   RO           15    i.SystemClock_Config  main.o
    0x0800acbe   0x00000002   Code   RO         2845    i.SystemInit        system_stm32f1xx.o
    0x0800acc0   0x00000010   Code   RO          323    i.TIM8_UP_IRQHandler  stm32f1xx_it.o
    0x0800acd0   0x0000009c   Code   RO         1588    i.TIM_Base_SetConfig  stm32f1xx_hal_tim.o
    0x0800ad6c   0x00000014   Code   RO         2519    i.UART_DMAAbortOnError  stm32f1xx_hal_uart.o
    0x0800ad80   0x00000036   Code   RO         2529    i.UART_EndRxTransfer  stm32f1xx_hal_uart.o
    0x0800adb6   0x00000020   Code   RO         2530    i.UART_EndTransmit_IT  stm32f1xx_hal_uart.o
    0x0800add6   0x000000e4   Code   RO         2532    i.UART_Receive_IT   stm32f1xx_hal_uart.o
    0x0800aeba   0x00000002   PAD
    0x0800aebc   0x000000fc   Code   RO         2533    i.UART_SetConfig    stm32f1xx_hal_uart.o
    0x0800afb8   0x00000060   Code   RO         2536    i.UART_Transmit_IT  stm32f1xx_hal_uart.o
    0x0800b018   0x00000034   Code   RO         2885    i.USART1_IRQHandler  driver_usart.o
    0x0800b04c   0x00000010   Code   RO          324    i.USART3_IRQHandler  stm32f1xx_it.o
    0x0800b05c   0x00000004   Code   RO          325    i.UsageFault_Handler  stm32f1xx_it.o
    0x0800b060   0x00000020   Code   RO         4761    i.__0printf$1       mc_w.l(printf1.o)
    0x0800b080   0x00000010   Code   RO          980    i.__NVIC_GetPriorityGrouping  stm32f1xx_hal_cortex.o
    0x0800b090   0x00000028   Code   RO          981    i.__NVIC_SetPriority  stm32f1xx_hal_cortex.o
    0x0800b0b8   0x00000006   Code   RO         4141    i.__get_BASEPRI     cmsis_os2.o
    0x0800b0be   0x00000006   Code   RO         4142    i.__get_IPSR        cmsis_os2.o
    0x0800b0c4   0x00000006   Code   RO         4143    i.__get_PRIMASK     cmsis_os2.o
    0x0800b0ca   0x0000000e   Code   RO         5017    i.__scatterload_copy  mc_w.l(handlers.o)
    0x0800b0d8   0x00000002   Code   RO         5018    i.__scatterload_null  mc_w.l(handlers.o)
    0x0800b0da   0x0000000e   Code   RO         5019    i.__scatterload_zeroinit  mc_w.l(handlers.o)
    0x0800b0e8   0x00000154   Code   RO         4768    i._printf_core      mc_w.l(printf1.o)
    0x0800b23c   0x00000028   Code   RO         2887    i.fputc             driver_usart.o
    0x0800b264   0x00000054   Code   RO           16    i.main              main.o
    0x0800b2b8   0x00000038   Code   RO         4144    i.osDelay           cmsis_os2.o
    0x0800b2f0   0x00000040   Code   RO         4158    i.osKernelInitialize  cmsis_os2.o
    0x0800b330   0x00000044   Code   RO         4161    i.osKernelStart     cmsis_os2.o
    0x0800b374   0x000000dc   Code   RO         4195    i.osThreadNew       cmsis_os2.o
    0x0800b450   0x0000007c   Code   RO         3616    i.prvAddCurrentTaskToDelayedList  tasks.o
    0x0800b4cc   0x000000b8   Code   RO         3617    i.prvAddNewTaskToReadyList  tasks.o
    0x0800b584   0x00000074   Code   RO         3977    i.prvCheckForValidListAndQueue  timers.o
    0x0800b5f8   0x00000048   Code   RO         3618    i.prvCheckTasksWaitingTermination  tasks.o
    0x0800b640   0x0000002a   Code   RO         3209    i.prvCopyDataFromQueue  queue.o
    0x0800b66a   0x0000007c   Code   RO         3210    i.prvCopyDataToQueue  queue.o
    0x0800b6e6   0x00000050   Code   RO         3619    i.prvDeleteTCB      tasks.o
    0x0800b736   0x00000002   PAD
    0x0800b738   0x00000028   Code   RO         3978    i.prvGetNextExpireTime  timers.o
    0x0800b760   0x0000007c   Code   RO         4577    i.prvHeapInit       heap_4.o
    0x0800b7dc   0x00000028   Code   RO         3620    i.prvIdleTask       tasks.o
    0x0800b804   0x0000002a   Code   RO         3213    i.prvInitialiseNewQueue  queue.o
    0x0800b82e   0x000000b4   Code   RO         3621    i.prvInitialiseNewTask  tasks.o
    0x0800b8e2   0x00000002   PAD
    0x0800b8e4   0x00000068   Code   RO         3622    i.prvInitialiseTaskLists  tasks.o
    0x0800b94c   0x00000068   Code   RO         4578    i.prvInsertBlockIntoFreeList  heap_4.o
    0x0800b9b4   0x00000058   Code   RO         3980    i.prvInsertTimerInActiveList  timers.o
    0x0800ba0c   0x0000001a   Code   RO         3214    i.prvIsQueueEmpty   queue.o
    0x0800ba26   0x0000001e   Code   RO         3215    i.prvIsQueueFull    queue.o
    0x0800ba44   0x00000064   Code   RO         3981    i.prvProcessExpiredTimer  timers.o
    0x0800baa8   0x00000128   Code   RO         3982    i.prvProcessReceivedCommands  timers.o
    0x0800bbd0   0x00000074   Code   RO         3983    i.prvProcessTimerOrBlockTask  timers.o
    0x0800bc44   0x00000034   Code   RO         3624    i.prvResetNextTaskUnblockTime  tasks.o
    0x0800bc78   0x0000002c   Code   RO         3984    i.prvSampleTimeNow  timers.o
    0x0800bca4   0x000000a0   Code   RO         3985    i.prvSwitchTimerLists  timers.o
    0x0800bd44   0x00000040   Code   RO         4628    i.prvTaskExitError  port.o
    0x0800bd84   0x0000001a   Code   RO         3986    i.prvTimerTask      timers.o
    0x0800bd9e   0x0000007e   Code   RO         3216    i.prvUnlockQueue    queue.o
    0x0800be1c   0x0000013c   Code   RO         4579    i.pvPortMalloc      heap_4.o
    0x0800bf58   0x00000024   Code   RO         4629    i.pxPortInitialiseStack  port.o
    0x0800bf7c   0x0000000c   Code   RO         2943    i.ring_buffer_init  ring_buffer.o
    0x0800bf88   0x0000001e   Code   RO         2945    i.ring_buffer_write  ring_buffer.o
    0x0800bfa6   0x00000028   Code   RO         3169    i.uxListRemove      list.o
    0x0800bfce   0x00000002   PAD
    0x0800bfd0   0x00000018   Code   RO         4207    i.vApplicationGetIdleTaskMemory  cmsis_os2.o
    0x0800bfe8   0x00000018   Code   RO         4208    i.vApplicationGetTimerTaskMemory  cmsis_os2.o
    0x0800c000   0x0000001a   Code   RO         3170    i.vListInitialise   list.o
    0x0800c01a   0x00000006   Code   RO         3171    i.vListInitialiseItem  list.o
    0x0800c020   0x00000034   Code   RO         3172    i.vListInsert       list.o
    0x0800c054   0x00000018   Code   RO         3173    i.vListInsertEnd    list.o
    0x0800c06c   0x00000054   Code   RO         4631    i.vPortEnterCritical  port.o
    0x0800c0c0   0x0000003c   Code   RO         4632    i.vPortExitCritical  port.o
    0x0800c0fc   0x00000094   Code   RO         4580    i.vPortFree         heap_4.o
    0x0800c190   0x00000028   Code   RO         4633    i.vPortSetupTimerInterrupt  port.o
    0x0800c1b8   0x00000078   Code   RO         4634    i.vPortValidateInterruptPriority  port.o
    0x0800c230   0x0000002c   Code   RO         3222    i.vQueueAddToRegistry  queue.o
    0x0800c25c   0x0000004a   Code   RO         3226    i.vQueueWaitForMessageRestricted  queue.o
    0x0800c2a6   0x00000002   PAD
    0x0800c2a8   0x0000005c   Code   RO         3636    i.vTaskDelay        tasks.o
    0x0800c304   0x00000018   Code   RO         3641    i.vTaskInternalSetTimeOutState  tasks.o
    0x0800c31c   0x0000000c   Code   RO         3642    i.vTaskMissedYield  tasks.o
    0x0800c328   0x00000038   Code   RO         3644    i.vTaskPlaceOnEventList  tasks.o
    0x0800c360   0x00000040   Code   RO         3645    i.vTaskPlaceOnEventListRestricted  tasks.o
    0x0800c3a0   0x000000b8   Code   RO         3653    i.vTaskStartScheduler  tasks.o
    0x0800c458   0x00000010   Code   RO         3655    i.vTaskSuspendAll   tasks.o
    0x0800c468   0x00000090   Code   RO         3656    i.vTaskSwitchContext  tasks.o
    0x0800c4f8   0x000000f8   Code   RO         4635    i.xPortStartScheduler  port.o
    0x0800c5f0   0x000000de   Code   RO         3232    i.xQueueGenericCreateStatic  queue.o
    0x0800c6ce   0x00000002   PAD
    0x0800c6d0   0x00000098   Code   RO         3233    i.xQueueGenericReset  queue.o
    0x0800c768   0x000001a8   Code   RO         3234    i.xQueueGenericSend  queue.o
    0x0800c910   0x000000f8   Code   RO         3235    i.xQueueGenericSendFromISR  queue.o
    0x0800ca08   0x00000168   Code   RO         3244    i.xQueueReceive     queue.o
    0x0800cb70   0x0000008c   Code   RO         3657    i.xTaskCheckForTimeOut  tasks.o
    0x0800cbfc   0x00000064   Code   RO         3658    i.xTaskCreate       tasks.o
    0x0800cc60   0x000000b8   Code   RO         3659    i.xTaskCreateStatic  tasks.o
    0x0800cd18   0x00000020   Code   RO         3663    i.xTaskGetSchedulerState  tasks.o
    0x0800cd38   0x0000000c   Code   RO         3664    i.xTaskGetTickCount  tasks.o
    0x0800cd44   0x00000144   Code   RO         3666    i.xTaskIncrementTick  tasks.o
    0x0800ce88   0x000000a4   Code   RO         3669    i.xTaskPriorityDisinherit  tasks.o
    0x0800cf2c   0x00000098   Code   RO         3671    i.xTaskRemoveFromEventList  tasks.o
    0x0800cfc4   0x00000104   Code   RO         3672    i.xTaskResumeAll    tasks.o
    0x0800d0c8   0x00000078   Code   RO         3993    i.xTimerCreateTimerTask  timers.o
    0x0800d140   0x00000084   Code   RO         3994    i.xTimerGenericCommand  timers.o
    0x0800d1c4   0x00000024   Data   RO          223    .constdata          freertos.o
    0x0800d1e8   0x00000018   Data   RO         2846    .constdata          system_stm32f1xx.o
    0x0800d200   0x0000000c   Data   RO          224    .conststring        freertos.o
    0x0800d20c   0x00000020   Data   RO         5015    Region$$Table       anon$$obj.o


    Execution Region RW_IRAM1 (Base: 0x20000000, Size: 0x00002248, Max: 0x00010000, ABSOLUTE)

    Base Addr    Size         Type   Attr      Idx    E Section Name        Object

    0x20000000   0x00000004   Data   RW          225    .data               freertos.o
    0x20000004   0x00000009   Data   RW          512    .data               stm32f1xx_hal.o
    0x2000000d   0x00000003   PAD
    0x20000010   0x00000004   Data   RW         2847    .data               system_stm32f1xx.o
    0x20000014   0x00000003   Data   RW         2888    .data               driver_usart.o
    0x20000017   0x00000002   Data   RW         2986    .data               driver_key.o
    0x20000019   0x00000003   PAD
    0x2000001c   0x0000003c   Data   RW         3675    .data               tasks.o
    0x20000058   0x00000014   Data   RW         4002    .data               timers.o
    0x2000006c   0x00000004   Data   RW         4210    .data               cmsis_os2.o
    0x20000070   0x00000018   Data   RW         4585    .data               heap_4.o
    0x20000088   0x0000000c   Data   RW         4636    .data               port.o
    0x20000094   0x00000004   Data   RW         4991    .data               mc_w.l(stdout.o)
    0x20000098   0x00000408   Zero   RW           17    .bss                main.o
    0x200004a0   0x00000088   Zero   RW          274    .bss                usart.o
    0x20000528   0x00000048   Zero   RW          415    .bss                stm32f1xx_hal_timebase_tim.o
    0x20000570   0x00000040   Zero   RW         3248    .bss                queue.o
    0x200005b0   0x000004c4   Zero   RW         3674    .bss                tasks.o
    0x20000a74   0x00000118   Zero   RW         4001    .bss                timers.o
    0x20000b8c   0x000006b8   Zero   RW         4209    .bss                cmsis_os2.o
    0x20001244   0x00000c00   Zero   RW         4584    .bss                heap_4.o
    0x20001e44   0x00000004   PAD
    0x20001e48   0x00000400   Zero   RW            1    STACK               startup_stm32f103xe.o


==============================================================================

Image component sizes


      Code (inc. data)   RO Data    RW Data    ZI Data      Debug   Object Name

       474         38          0          4       1720      15598   cmsis_os2.o
       382         44          0          2          0       3575   driver_key.o
       180         42          0          3          0       3577   driver_usart.o
         0          0          0          0          0      20448   event_groups.o
        92         44         48          4          0       4665   freertos.o
       288         16          0          0          0       1115   gpio.o
       692         62          0         24       3072       4947   heap_4.o
       148          0          0          0          0       3698   list.o
       216         28          0          0       1032     498990   main.o
       854         78          0         12          0      11413   port.o
      1914         20          0          0         64      17460   queue.o
        42          0          0          0          0       1539   ring_buffer.o
        36          8        304          0       1024        840   startup_stm32f103xe.o
        76         20          0          9          0       5506   stm32f1xx_hal.o
       252         22          0          0          0      28954   stm32f1xx_hal_cortex.o
       510         10          0          0          0       2023   stm32f1xx_hal_dma.o
       908         44          0          0          0       4807   stm32f1xx_hal_gpio.o
        96         10          0          0          0        982   stm32f1xx_hal_msp.o
      1852        120          0          0          0       7013   stm32f1xx_hal_rcc.o
       818         44          0          0          0       6578   stm32f1xx_hal_tim.o
         4          0          0          0          0       1645   stm32f1xx_hal_tim_ex.o
       136         18          0          0         72       1591   stm32f1xx_hal_timebase_tim.o
      1476         10          0          0          0       8635   stm32f1xx_hal_uart.o
        54         12          0          0          0       3886   stm32f1xx_it.o
         0          0          0          0          0       9000   stream_buffer.o
         2          0         24          4          0       1251   system_stm32f1xx.o
      2796        346          0         60       1220      24834   tasks.o
      1238        124          0         20        280      27391   timers.o
       404         46          0          0        136       2575   usart.o

    ----------------------------------------------------------------------
     15958       1206        408        148       8624     724536   Object Totals
         0          0         32          0          0          0   (incl. Generated)
        18          0          0          6          4          0   (incl. Padding)

    ----------------------------------------------------------------------

      Code (inc. data)   RO Data    RW Data    ZI Data      Debug   Library Member Name

         0          0          0          0          0          0   entry.o
         0          0          0          0          0          0   entry10a.o
         0          0          0          0          0          0   entry11a.o
         8          4          0          0          0          0   entry2.o
         4          0          0          0          0          0   entry5.o
         0          0          0          0          0          0   entry7b.o
         0          0          0          0          0          0   entry8b.o
         8          4          0          0          0          0   entry9a.o
        30          0          0          0          0          0   handlers.o
        36          8          0          0          0         68   init.o
        36          0          0          0          0         68   memcpya.o
        36          0          0          0          0        108   memseta.o
       372         14          0          0          0        184   printf1.o
         0          0          0          4          0          0   stdout.o
        44          0          0          0          0         80   uidiv.o

    ----------------------------------------------------------------------
       574         30          0          4          0        508   Library Totals
         0          0          0          0          0          0   (incl. Padding)

    ----------------------------------------------------------------------

      Code (inc. data)   RO Data    RW Data    ZI Data      Debug   Library Name

       574         30          0          4          0        508   mc_w.l

    ----------------------------------------------------------------------
       574         30          0          4          0        508   Library Totals

    ----------------------------------------------------------------------

==============================================================================


      Code (inc. data)   RO Data    RW Data    ZI Data      Debug   

     16532       1236        408        152       8624     717240   Grand Totals
     16532       1236        408        152       8624     717240   ELF Image Totals
     16532       1236        408        152          0          0   ROM Totals

==============================================================================

    Total RO  Size (Code + RO Data)                16940 (  16.54kB)
    Total RW  Size (RW Data + ZI Data)              8776 (   8.57kB)
    Total ROM Size (Code + RO Data + RW Data)      17092 (  16.69kB)

==============================================================================

