<html>
<body>
<pre>
<h1>µVision Build Log</h1>
<h2>Tool Versions:</h2>
IDE-Version: ¦ÌVision V5.18.0.0
Copyright (C) 2016 ARM Ltd and ARM Germany GmbH. All rights reserved.
License Information: 1324 12341, 2421, LIC=SDA0P-MR52E-30CNC-7KINC-D8AHR-G9FXQ
 
Tool Versions:
Toolchain:       MDK-ARM Standard  Version: 5.18
Toolchain Path:  D:\SingleChip\32\Keil5 Software\ARM\ARMCC\Bin
C Compiler:      Armcc.exe V5.06 update 1 (build 61)
Assembler:       Armasm.exe V5.06 update 1 (build 61)
Linker/Locator:  ArmLink.exe V5.06 update 1 (build 61)
Library Manager: ArmAr.exe V5.06 update 1 (build 61)
Hex Converter:   FromElf.exe V5.06 update 1 (build 61)
CPU DLL:         SARMCM3.DLL V5.18
Dialog DLL:      DCM.DLL V1.13.6.0
Target DLL:      STLink\ST-LINKIII-KEIL_SWO.dll V2.0.18.0
Dialog DLL:      TCM.DLL V1.14.8.0
 
<h2>Project:</h2>
D:\ProjectSet\Test_Bootloader_1220\hal_Bootloader_1227\Bootloader_hal_0111_finished\MDK-ARM\Bootloader_hal_1227_2.uvprojx
Project File Date:  03/17/2026

<h2>Output:</h2>
*** Using Compiler 'V5.06 update 1 (build 61)', folder: 'D:\SingleChip\32\Keil5 Software\ARM\ARMCC\Bin'
Build target 'Bootloader_hal_1227_2'
assembling startup_stm32f103xe.s...
compiling spi.c...
compiling main.c...
compiling usart.c...
compiling stm32f1xx_it.c...
compiling gpio.c...
compiling stm32f1xx_hal_msp.c...
compiling tim.c...
compiling stm32f1xx_hal_gpio_ex.c...
compiling stm32f1xx_hal.c...
compiling stm32f1xx_hal_gpio.c...
compiling stm32f1xx_hal_spi.c...
compiling stm32f1xx_hal_rcc_ex.c...
compiling stm32f1xx_hal_rcc.c...
compiling stm32f1xx_hal_dma.c...
compiling stm32f1xx_hal_cortex.c...
compiling stm32f1xx_hal_pwr.c...
compiling stm32f1xx_hal_flash.c...
compiling stm32f1xx_hal_flash_ex.c...
compiling stm32f1xx_hal_exti.c...
compiling string.c...
compiling stm32f1xx_hal_tim_ex.c...
compiling command.c...
compiling ring_buffer.c...
compiling stm32f1xx_hal_tim.c...
compiling stm32f1xx_hal_uart.c...
compiling system_stm32f1xx.c...
compiling file.c...
compiling shell.c...
compiling parser.c...
compiling crctab.c...
compiling help_cmd.c...
compiling mrz.c...
compiling lrz.c...
..\Drivers\rz\lrz.c(1265): warning:  #177-D: variable "neu" was declared but never referenced
  				oosb_t *neu;
..\Drivers\rz\lrz.c(147): warning:  #177-D: function "rz_checkpath" was declared but never referenced
  static void rz_checkpath (rz_t *rz, const char *name);
..\Drivers\rz\lrz.c: 2 warnings, 0 errors
compiling go_cmd.c...
compiling rbsb.c...
compiling flash_cmd.c...
compiling mem_cmd.c...
compiling stm_flash.c...
compiling Init_cmd.c...
compiling zreadline.c...
compiling bsp_esp8266.c...
compiling w5500_conf.c...
compiling core_delay.c...
compiling zm.c...
..\Drivers\rz\zm.c(751): warning:  #111-D: statement is unreachable
  		break;
..\Drivers\rz\zm.c(761): warning:  #111-D: statement is unreachable
  			break;
..\Drivers\rz\zm.c(767): warning:  #111-D: statement is unreachable
  			break;
..\Drivers\rz\zm.c(789): warning:  #111-D: statement is unreachable
  		break;
..\Drivers\rz\zm.c(733): warning:  #177-D: variable "intro_msg" was declared but never referenced
  	char *intro_msg;
..\Drivers\rz\zm.c(1197): warning:  #111-D: statement is unreachable
  				break;
..\Drivers\rz\zm.c(1202): warning:  #111-D: statement is unreachable
  				break;
..\Drivers\rz\zm.c(55): warning:  #177-D: variable "frametypes" was declared but never referenced
  static const char *frametypes[] = {
..\Drivers\rz\zm.c: 8 warnings, 0 errors
compiling bsp_esp8266_test.c...
compiling w5500.c...
compiling socket.c...
compiling utility.c...
compiling tcp_demo.c...
compiling FileTransferProtocol.c...
compiling FileTransferReceiver.c...
linking...
Program Size: Code=26528 RO-data=1224 RW-data=1840 ZI-data=16344  
FromELF: creating hex file...
After Build - User command #1: fromelf --text -a -c --output=bootloader.dis Bootloader_hal_1227_2\Bootloader_hal_1227_2.axf
"Bootloader_hal_1227_2\Bootloader_hal_1227_2.axf" - 0 Error(s), 10 Warning(s).

<h2>Software Packages used:</h2>

Package Vendor: ARM
                http://www.keil.com/pack/ARM.CMSIS.5.9.0.pack
                ARM::CMSIS:CORE:5.6.0
                CMSIS (Common Microcontroller Software Interface Standard)
   * Component: CORE Version: 5.6.0

<h2>Collection of Component include folders:</h2>
  D:\ProjectSet\Test_Bootloader_1220\hal_Bootloader_1227\Bootloader_hal_0111_finished\MDK-ARM\RTE
  D:\SingleChip\32\Keil5 Software\ARM\CMSIS\5.9.0\CMSIS\Core\Include
  D:\SingleChip\32\Keil5 Software\Keil\STM32F1xx_DFP\2.4.1\Device\Include

<h2>Collection of Component Files used:</h2>

   * Component: ARM::CMSIS:CORE:5.6.0
      Include file:  CMSIS\Core\Include\tz_context.h
      Source file:   CMSIS\Core\Template\ARMv8-M\main_s.c
      Source file:   CMSIS\Core\Template\ARMv8-M\tz_context.c
Build Time Elapsed:  00:00:20
</pre>
</body>
</html>
