Component: ARM Compiler 5.06 update 1 (build 61) Tool: armlink [4d35a8]

==============================================================================

Section Cross References

    startup_stm32f103xe.o(RESET) refers to startup_stm32f103xe.o(STACK) for __initial_sp
    startup_stm32f103xe.o(RESET) refers to startup_stm32f103xe.o(.text) for Reset_Handler
    startup_stm32f103xe.o(RESET) refers to stm32f1xx_it.o(i.NMI_Handler) for NMI_Handler
    startup_stm32f103xe.o(RESET) refers to stm32f1xx_it.o(i.HardFault_Handler) for HardFault_Handler
    startup_stm32f103xe.o(RESET) refers to stm32f1xx_it.o(i.MemManage_Handler) for MemManage_Handler
    startup_stm32f103xe.o(RESET) refers to stm32f1xx_it.o(i.BusFault_Handler) for BusFault_Handler
    startup_stm32f103xe.o(RESET) refers to stm32f1xx_it.o(i.UsageFault_Handler) for UsageFault_Handler
    startup_stm32f103xe.o(RESET) refers to stm32f1xx_it.o(i.SVC_Handler) for SVC_Handler
    startup_stm32f103xe.o(RESET) refers to stm32f1xx_it.o(i.DebugMon_Handler) for DebugMon_Handler
    startup_stm32f103xe.o(RESET) refers to stm32f1xx_it.o(i.PendSV_Handler) for PendSV_Handler
    startup_stm32f103xe.o(RESET) refers to stm32f1xx_it.o(i.SysTick_Handler) for SysTick_Handler
    startup_stm32f103xe.o(RESET) refers to stm32f1xx_it.o(i.EXTI9_5_IRQHandler) for EXTI9_5_IRQHandler
    startup_stm32f103xe.o(RESET) refers to stm32f1xx_it.o(i.USART1_IRQHandler) for USART1_IRQHandler
    startup_stm32f103xe.o(RESET) refers to stm32f1xx_it.o(i.USART3_IRQHandler) for USART3_IRQHandler
    startup_stm32f103xe.o(RESET) refers to stm32f1xx_it.o(i.TIM6_IRQHandler) for TIM6_IRQHandler
    startup_stm32f103xe.o(.text) refers to system_stm32f1xx.o(i.SystemInit) for SystemInit
    startup_stm32f103xe.o(.text) refers to entry.o(.ARM.Collect$$$$00000000) for __main
    main.o(i.SystemClock_Config) refers to memseta.o(.text) for __aeabi_memclr4
    main.o(i.SystemClock_Config) refers to stm32f1xx_hal_rcc.o(i.HAL_RCC_OscConfig) for HAL_RCC_OscConfig
    main.o(i.SystemClock_Config) refers to stm32f1xx_hal_rcc.o(i.HAL_RCC_ClockConfig) for HAL_RCC_ClockConfig
    main.o(i.main) refers to stm32f1xx_hal.o(i.HAL_Init) for HAL_Init
    main.o(i.main) refers to main.o(i.SystemClock_Config) for SystemClock_Config
    main.o(i.main) refers to gpio.o(i.MX_GPIO_Init) for MX_GPIO_Init
    main.o(i.main) refers to tim.o(i.MX_TIM6_Init) for MX_TIM6_Init
    main.o(i.main) refers to usart.o(i.MX_USART1_UART_Init) for MX_USART1_UART_Init
    main.o(i.main) refers to spi.o(i.MX_SPI2_Init) for MX_SPI2_Init
    main.o(i.main) refers to stm32f1xx_hal_tim.o(i.HAL_TIM_Base_Start_IT) for HAL_TIM_Base_Start_IT
    main.o(i.main) refers to utility.o(i.systick_init) for systick_init
    main.o(i.main) refers to printfa.o(i.__0printf) for __2printf
    main.o(i.main) refers to ring_buffer.o(i.ring_buffer_read) for ring_buffer_read
    main.o(i.main) refers to tim.o(i.Delay_ms_TIM6) for Delay_ms_TIM6
    main.o(i.main) refers to stm32f1xx_hal_tim.o(i.HAL_TIM_Base_Stop_IT) for HAL_TIM_Base_Stop_IT
    main.o(i.main) refers to startup_stm32f103xe.o(.text) for start_app
    main.o(i.main) refers to shell.o(i.shell) for shell
    main.o(i.main) refers to tim.o(.bss) for htim6
    main.o(i.main) refers to usart.o(.bss) for huart1
    main.o(i.relocate_and_startappp) refers to stm_flash.o(i.get_flash) for get_flash
    main.o(i.relocate_and_startappp) refers to usart.o(i.putstr) for putstr
    main.o(i.relocate_and_startappp) refers to main.o(i.be32_to_cpu) for be32_to_cpu
    main.o(i.relocate_and_startappp) refers to printfa.o(i.__0printf) for __2printf
    main.o(i.relocate_and_startappp) refers to startup_stm32f103xe.o(.text) for start_app
    gpio.o(i.HAL_GPIO_EXTI_Callback) refers to w5500.o(i.getSn_IR) for getSn_IR
    gpio.o(i.HAL_GPIO_EXTI_Callback) refers to w5500.o(i.getSn_RX_RSR) for getSn_RX_RSR
    gpio.o(i.HAL_GPIO_EXTI_Callback) refers to socket.o(i.recv) for recv
    gpio.o(i.HAL_GPIO_EXTI_Callback) refers to filetransferreceiver.o(i.fileReceiverHandleData_W5500) for fileReceiverHandleData_W5500
    gpio.o(i.HAL_GPIO_EXTI_Callback) refers to ring_buffer.o(i.ring_buffer_write) for ring_buffer_write
    gpio.o(i.HAL_GPIO_EXTI_Callback) refers to w5500.o(i.setSn_IR) for setSn_IR
    gpio.o(i.HAL_GPIO_EXTI_Callback) refers to tcp_demo.o(.bss) for buff
    gpio.o(i.HAL_GPIO_EXTI_Callback) refers to filetransferreceiver.o(.bss) for fileReceiver
    gpio.o(i.HAL_GPIO_EXTI_Callback) refers to usart.o(.bss) for rx_buf
    gpio.o(i.MX_GPIO_Init) refers to stm32f1xx_hal_gpio.o(i.HAL_GPIO_WritePin) for HAL_GPIO_WritePin
    gpio.o(i.MX_GPIO_Init) refers to stm32f1xx_hal_gpio.o(i.HAL_GPIO_Init) for HAL_GPIO_Init
    gpio.o(i.MX_GPIO_Init) refers to stm32f1xx_hal_cortex.o(i.HAL_NVIC_SetPriority) for HAL_NVIC_SetPriority
    gpio.o(i.MX_GPIO_Init) refers to stm32f1xx_hal_cortex.o(i.HAL_NVIC_EnableIRQ) for HAL_NVIC_EnableIRQ
[...]
    i.zm_escape_sequence_init                0x08006028   Section        0  zm.o(i.zm_escape_sequence_init)
    zm_escape_sequence_init                  0x08006029   Thumb Code    96  zm.o(i.zm_escape_sequence_init)
    i.zm_get_ascii_char                      0x08006088   Section        0  zm.o(i.zm_get_ascii_char)
    zm_get_ascii_char                        0x08006089   Thumb Code    56  zm.o(i.zm_get_ascii_char)
    i.zm_get_escaped_char                    0x080060c0   Section        0  zm.o(i.zm_get_escaped_char)
    zm_get_escaped_char                      0x080060c1   Thumb Code    32  zm.o(i.zm_get_escaped_char)
    i.zm_get_escaped_char_internal           0x080060e0   Section        0  zm.o(i.zm_get_escaped_char_internal)
    zm_get_escaped_char_internal             0x080060e1   Thumb Code   226  zm.o(i.zm_get_escaped_char_internal)
    i.zm_get_header                          0x080061c2   Section        0  zm.o(i.zm_get_header)
    i.zm_get_hex_encoded_byte                0x08006316   Section        0  zm.o(i.zm_get_hex_encoded_byte)
    zm_get_hex_encoded_byte                  0x08006317   Thumb Code    62  zm.o(i.zm_get_hex_encoded_byte)
    i.zm_init                                0x08006354   Section        0  zm.o(i.zm_init)
    i.zm_read_binary_header                  0x080063a0   Section        0  zm.o(i.zm_read_binary_header)
    zm_read_binary_header                    0x080063a1   Thumb Code   120  zm.o(i.zm_read_binary_header)
    i.zm_read_binary_header32                0x08006418   Section        0  zm.o(i.zm_read_binary_header32)
    zm_read_binary_header32                  0x08006419   Thumb Code   114  zm.o(i.zm_read_binary_header32)
    i.zm_read_data32                         0x08006490   Section        0  zm.o(i.zm_read_data32)
    zm_read_data32                           0x08006491   Thumb Code   198  zm.o(i.zm_read_data32)
    i.zm_read_hex_header                     0x0800655c   Section        0  zm.o(i.zm_read_hex_header)
    zm_read_hex_header                       0x0800655d   Thumb Code   140  zm.o(i.zm_read_hex_header)
    i.zm_receive_data                        0x080065e8   Section        0  zm.o(i.zm_receive_data)
    i.zm_reclaim_receive_header              0x080066a4   Section        0  zm.o(i.zm_reclaim_receive_header)
    i.zm_send_hex_header                     0x080066bc   Section        0  zm.o(i.zm_send_hex_header)
    i.zm_set_header_payload                  0x08006774   Section        0  zm.o(i.zm_set_header_payload)
    i.zm_set_header_payload_bytes            0x08006784   Section        0  zm.o(i.zm_set_header_payload_bytes)
    i.zmodem_receive                         0x08006794   Section        0  lrz.o(i.zmodem_receive)
    i.zputhex                                0x08006870   Section        0  zm.o(i.zputhex)
    zputhex                                  0x08006871   Thumb Code    20  zm.o(i.zputhex)
    i.zreadline_canit                        0x08006888   Section        0  zreadline.o(i.zreadline_canit)
    i.zreadline_flushline                    0x080068a0   Section        0  zreadline.o(i.zreadline_flushline)
    i.zreadline_getc                         0x080068a2   Section        0  zreadline.o(i.zreadline_getc)
    i.zreadline_init                         0x080068ac   Section        0  zreadline.o(i.zreadline_init)
    .constdata                               0x080068d0   Section       18  stm32f1xx_hal_rcc.o(.constdata)
    aPredivFactorTable                       0x080068d0   Data           2  stm32f1xx_hal_rcc.o(.constdata)
    aPLLMULFactorTable                       0x080068d2   Data          16  stm32f1xx_hal_rcc.o(.constdata)
    .constdata                               0x080068e2   Section       16  system_stm32f1xx.o(.constdata)
    .constdata                               0x080068f2   Section        8  system_stm32f1xx.o(.constdata)
    .constdata                               0x080068fa   Section      129  ctype_o.o(.constdata)
    .constdata                               0x0800697c   Section        4  ctype_o.o(.constdata)
    table                                    0x0800697c   Data           4  ctype_o.o(.constdata)
    .conststring                             0x08006980   Section        6  shell.o(.conststring)
    .conststring                             0x08006988   Section       41  help_cmd.o(.conststring)
    .conststring                             0x080069b4   Section       91  go_cmd.o(.conststring)
    .conststring                             0x08006a10   Section      186  flash_cmd.o(.conststring)
    .conststring                             0x08006acc   Section       63  mem_cmd.o(.conststring)
    .conststring                             0x08006b0c   Section       12  stm_flash.o(.conststring)
    .conststring                             0x08006b18   Section       57  init_cmd.o(.conststring)
    .conststring                             0x08006b54   Section       59  init_cmd.o(.conststring)
    .conststring                             0x08006b90   Section       71  mrz.o(.conststring)
    .conststring                             0x08006bd8   Section      109  bsp_esp8266_test.o(.conststring)
    .data                                    0x20008000   Section        4  tim.o(.data)
    .data                                    0x20008004   Section       12  usart.o(.data)
    g_esp_ptr                                0x20008006   Data           2  usart.o(.data)
    g_w5500_ptr                              0x20008008   Data           2  usart.o(.data)
    g_HDebugUART                             0x2000800c   Data           4  usart.o(.data)
    .data                                    0x20008010   Section        8  stm32f1xx_it.o(.data)
    state                                    0x20008010   Data           1  stm32f1xx_it.o(.data)
    match_idx                                0x20008011   Data           1  stm32f1xx_it.o(.data)
    wifi_frame_pos                           0x20008012   Data           2  stm32f1xx_it.o(.data)
    rem_len                                  0x20008014   Data           4  stm32f1xx_it.o(.data)
    .data                                    0x20008018   Section       12  stm32f1xx_hal.o(.data)
    .data                                    0x20008024   Section        4  system_stm32f1xx.o(.data)
    .data                                    0x20008028   Section        4  shell.o(.data)
    finsh_prompt_custom                      0x20008028   Data           4  shell.o(.data)
    .data                                    0x2000802c   Section       32  command.o(.data)
    g_commands                               0x2000802c   Data          32  command.o(.data)
    .data                                    0x2000804c   Section       16  help_cmd.o(.data)
    .data                                    0x2000805c   Section       16  go_cmd.o(.data)
    .data                                    0x2000806c   Section       16  flash_cmd.o(.data)
    .data                                    0x2000807c   Section       16  mem_cmd.o(.data)
    .data                                    0x2000808c   Section       16  stm_flash.o(.data)
    stm32_flash                              0x2000808c   Data          16  stm_flash.o(.data)
    .data                                    0x2000809c   Section       16  init_cmd.o(.data)
    .data                                    0x200080ac   Section       16  init_cmd.o(.data)
    .data                                    0x200080bc   Section     1536  crctab.o(.data)
    .data                                    0x200086bc   Section        8  mrz.o(.data)
    .data                                    0x200086c4   Section       16  mrz.o(.data)
    .data                                    0x200086d4   Section       17  zm.o(.data)
    digits                                   0x200086d4   Data          17  zm.o(.data)
    .data                                    0x200086e5   Section       21  zreadline.o(.data)
    canistr                                  0x200086e5   Data          21  zreadline.o(.data)
    .data                                    0x200086fa   Section        2  bsp_esp8266_test.o(.data)
    client_connected                         0x200086fb   Data           1  bsp_esp8266_test.o(.data)
    .data                                    0x200086fc   Section       26  w5500_conf.o(.data)
    .data                                    0x20008716   Section        8  w5500.o(.data)
    .data                                    0x2000871e   Section        8  w5500.o(.data)
    .data                                    0x20008726   Section        4  utility.o(.data)
    fac_us                                   0x20008726   Data           1  utility.o(.data)
    fac_ms                                   0x20008728   Data           2  utility.o(.data)
    .data                                    0x2000872c   Section        4  stdout.o(.data)
    .bss                                     0x20008730   Section       88  spi.o(.bss)
    .bss                                     0x20008788   Section       72  tim.o(.bss)
    .bss                                     0x200087d0   Section     1360  usart.o(.bss)
    g_esp_buf                                0x20008c20   Data         128  usart.o(.bss)
    g_w5500_buf                              0x20008ca0   Data         128  usart.o(.bss)
    .bss                                     0x20008d20   Section     2048  stm32f1xx_it.o(.bss)
    wifi_frame_buf                           0x20008d20   Data        2048  stm32f1xx_it.o(.bss)
    .bss                                     0x20009520   Section       32  stm32f1xx_hal_flash.o(.bss)
    .bss                                     0x20009540   Section     1292  shell.o(.bss)
    .bss                                     0x20009a4c   Section       12  file.o(.bss)
    g_rcv_st                                 0x20009a4c   Data          12  file.o(.bss)
    .bss                                     0x20009a58   Section     1452  lrz.o(.bss)
    name_static                              0x20009a58   Data          20  lrz.o(.bss)
    g_rz                                     0x20009a6c   Data        1432  lrz.o(.bss)
    .bss                                     0x2000a004   Section      320  zm.o(.bss)
    g_zm                                     0x2000a004   Data         320  zm.o(.bss)
    .bss                                     0x2000a144   Section       24  zreadline.o(.bss)
    g_zr                                     0x2000a144   Data          24  zreadline.o(.bss)
    .bss                                     0x2000a15c   Section     1100  bsp_esp8266.o(.bss)
    .bss                                     0x2000a5a8   Section     1026  bsp_esp8266.o(.bss)
    .bss                                     0x2000a9aa   Section       50  w5500_conf.o(.bss)
    .bss                                     0x2000a9dc   Section       32  w5500.o(.bss)
    .bss                                     0x2000a9fc   Section     2048  tcp_demo.o(.bss)
    .bss                                     0x2000b1fc   Section     4364  filetransferreceiver.o(.bss)
    STACK                                    0x2000c308   Section     1024  startup_stm32f103xe.o(STACK)

    Global Symbols

    Symbol Name                              Value     Ov Type        Size  Object(Section)

    BuildAttributes$$THM_ISAv4$P$D$K$B$S$PE$A:L22UL41UL21$X:L11$S22US41US21$IEEE1$IW$USESV6$~STKCKD$USESV7$~SHL$OSPACE$ROPI$EBA8$MICROLIB$REQ8$PRES8$EABIv2 0x00000000   Number         0  anon$$obj.o ABSOLUTE
    __ARM_use_no_argv                        0x00000000   Number         0  main.o ABSOLUTE
    _printf_a                                0x00000000   Number         0  stubs.o ABSOLUTE
    _printf_c                                0x00000000   Number         0  stubs.o ABSOLUTE
    _printf_charcount                        0x00000000   Number         0  stubs.o ABSOLUTE
    _printf_d                                0x00000000   Number         0  stubs.o ABSOLUTE
    _printf_e                                0x00000000   Number         0  stubs.o ABSOLUTE
    _printf_f                                0x00000000   Number         0  stubs.o ABSOLUTE
    _printf_flags                            0x00000000   Number         0  stubs.o ABSOLUTE
    _printf_fp_dec                           0x00000000   Number         0  stubs.o ABSOLUTE
    _printf_fp_hex                           0x00000000   Number         0  stubs.o ABSOLUTE
    _printf_g                                0x00000000   Number         0  stubs.o ABSOLUTE
    _printf_i                                0x00000000   Number         0  stubs.o ABSOLUTE
    _printf_int_dec                          0x00000000   Number         0  stubs.o ABSOLUTE
    _printf_l                                0x00000000   Number         0  stubs.o ABSOLUTE
    _printf_lc                               0x00000000   Number         0  stubs.o ABSOLUTE
    _printf_ll                               0x00000000   Number         0  stubs.o ABSOLUTE
    _printf_lld                              0x00000000   Number         0  stubs.o ABSOLUTE
    _printf_lli                              0x00000000   Number         0  stubs.o ABSOLUTE
    _printf_llo                              0x00000000   Number         0  stubs.o ABSOLUTE
    _printf_llu                              0x00000000   Number         0  stubs.o ABSOLUTE
    _printf_llx                              0x00000000   Number         0  stubs.o ABSOLUTE
    _printf_longlong_dec                     0x00000000   Number         0  stubs.o ABSOLUTE
    _printf_longlong_hex                     0x00000000   Number         0  stubs.o ABSOLUTE
    _printf_longlong_oct                     0x00000000   Number         0  stubs.o ABSOLUTE
    _printf_ls                               0x00000000   Number         0  stubs.o ABSOLUTE
    _printf_mbtowc                           0x00000000   Number         0  stubs.o ABSOLUTE
    _printf_n                                0x00000000   Number         0  stubs.o ABSOLUTE
    _printf_o                                0x00000000   Number         0  stubs.o ABSOLUTE
    _printf_p                                0x00000000   Number         0  stubs.o ABSOLUTE
    _printf_percent                          0x00000000   Number         0  stubs.o ABSOLUTE
    _printf_pre_padding                      0x00000000   Number         0  stubs.o ABSOLUTE
    _printf_return_value                     0x00000000   Number         0  stubs.o ABSOLUTE
    _printf_s                                0x00000000   Number         0  stubs.o ABSOLUTE
    _printf_sizespec                         0x00000000   Number         0  stubs.o ABSOLUTE
    _printf_str                              0x00000000   Number         0  stubs.o ABSOLUTE
    _printf_truncate_signed                  0x00000000   Number         0  stubs.o ABSOLUTE
    _printf_truncate_unsigned                0x00000000   Number         0  stubs.o ABSOLUTE
    _printf_u                                0x00000000   Number         0  stubs.o ABSOLUTE
    _printf_wc                               0x00000000   Number         0  stubs.o ABSOLUTE
    _printf_wctomb                           0x00000000   Number         0  stubs.o ABSOLUTE
    _printf_widthprec                        0x00000000   Number         0  stubs.o ABSOLUTE
    _printf_x                                0x00000000   Number         0  stubs.o ABSOLUTE
    __cpp_initialize__aeabi_                  - Undefined Weak Reference
    __cxa_finalize                            - Undefined Weak Reference
    _clock_init                               - Undefined Weak Reference
    _microlib_exit                            - Undefined Weak Reference
    _scanf_longlong                           - Undefined Weak Reference
    _scanf_real                               - Undefined Weak Reference
    _scanf_string                             - Undefined Weak Reference
    __Vectors_Size                           0x00000130   Number         0  startup_stm32f103xe.o ABSOLUTE
    __Vectors                                0x08000000   Data           4  startup_stm32f103xe.o(RESET)
    __Vectors_End                            0x08000130   Data           0  startup_stm32f103xe.o(RESET)
    __main                                   0x08000131   Thumb Code     0  entry.o(.ARM.Collect$$$$00000000)
    _main_stk                                0x08000131   Thumb Code     0  entry2.o(.ARM.Collect$$$$00000001)
    _main_scatterload                        0x08000135   Thumb Code     0  entry5.o(.ARM.Collect$$$$00000004)
    __main_after_scatterload                 0x08000139   Thumb Code     0  entry5.o(.ARM.Collect$$$$00000004)
    _main_clock                              0x08000139   Thumb Code     0  entry7b.o(.ARM.Collect$$$$00000008)
    _main_cpp_init                           0x08000139   Thumb Code     0  entry8b.o(.ARM.Collect$$$$0000000A)
    _main_init                               0x08000139   Thumb Code     0  entry9a.o(.ARM.Collect$$$$0000000B)
    __rt_final_cpp                           0x08000141   Thumb Code     0  entry10a.o(.ARM.Collect$$$$0000000D)
    __rt_final_exit                          0x08000141   Thumb Code     0  entry11a.o(.ARM.Collect$$$$0000000F)
    Reset_Handler                            0x08000145   Thumb Code     8  startup_stm32f103xe.o(.text)
    start_app                                0x0800014d   Thumb Code    12  startup_stm32f103xe.o(.text)
    ADC1_2_IRQHandler                        0x0800016b   Thumb Code     0  startup_stm32f103xe.o(.text)
    ADC3_IRQHandler                          0x0800016b   Thumb Code     0  startup_stm32f103xe.o(.text)
    CAN1_RX1_IRQHandler                      0x0800016b   Thumb Code     0  startup_stm32f103xe.o(.text)
    CAN1_SCE_IRQHandler                      0x0800016b   Thumb Code     0  startup_stm32f103xe.o(.text)
    DMA1_Channel1_IRQHandler                 0x0800016b   Thumb Code     0  startup_stm32f103xe.o(.text)
    DMA1_Channel2_IRQHandler                 0x0800016b   Thumb Code     0  startup_stm32f103xe.o(.text)
    DMA1_Channel3_IRQHandler                 0x0800016b   Thumb Code     0  startup_stm32f103xe.o(.text)
    DMA1_Channel4_IRQHandler                 0x0800016b   Thumb Code     0  startup_stm32f103xe.o(.text)
    DMA1_Channel5_IRQHandler                 0x0800016b   Thumb Code     0  startup_stm32f103xe.o(.text)
    DMA1_Channel6_IRQHandler                 0x0800016b   Thumb Code     0  startup_stm32f103xe.o(.text)
    DMA1_Channel7_IRQHandler                 0x0800016b   Thumb Code     0  startup_stm32f103xe.o(.text)
    DMA2_Channel1_IRQHandler                 0x0800016b   Thumb Code     0  startup_stm32f103xe.o(.text)
    DMA2_Channel2_IRQHandler                 0x0800016b   Thumb Code     0  startup_stm32f103xe.o(.text)
    DMA2_Channel3_IRQHandler                 0x0800016b   Thumb Code     0  startup_stm32f103xe.o(.text)
    DMA2_Channel4_5_IRQHandler               0x0800016b   Thumb Code     0  startup_stm32f103xe.o(.text)
    EXTI0_IRQHandler                         0x0800016b   Thumb Code     0  startup_stm32f103xe.o(.text)
    EXTI15_10_IRQHandler                     0x0800016b   Thumb Code     0  startup_stm32f103xe.o(.text)
    EXTI1_IRQHandler                         0x0800016b   Thumb Code     0  startup_stm32f103xe.o(.text)
    EXTI2_IRQHandler                         0x0800016b   Thumb Code     0  startup_stm32f103xe.o(.text)
    EXTI3_IRQHandler                         0x0800016b   Thumb Code     0  startup_stm32f103xe.o(.text)
    EXTI4_IRQHandler                         0x0800016b   Thumb Code     0  startup_stm32f103xe.o(.text)
    FLASH_IRQHandler                         0x0800016b   Thumb Code     0  startup_stm32f103xe.o(.text)
    FSMC_IRQHandler                          0x0800016b   Thumb Code     0  startup_stm32f103xe.o(.text)
    I2C1_ER_IRQHandler                       0x0800016b   Thumb Code     0  startup_stm32f103xe.o(.text)
    I2C1_EV_IRQHandler                       0x0800016b   Thumb Code     0  startup_stm32f103xe.o(.text)
    I2C2_ER_IRQHandler                       0x0800016b   Thumb Code     0  startup_stm32f103xe.o(.text)
    I2C2_EV_IRQHandler                       0x0800016b   Thumb Code     0  startup_stm32f103xe.o(.text)
    PVD_IRQHandler                           0x0800016b   Thumb Code     0  startup_stm32f103xe.o(.text)
    RCC_IRQHandler                           0x0800016b   Thumb Code     0  startup_stm32f103xe.o(.text)
    RTC_Alarm_IRQHandler                     0x0800016b   Thumb Code     0  startup_stm32f103xe.o(.text)
    RTC_IRQHandler                           0x0800016b   Thumb Code     0  startup_stm32f103xe.o(.text)
    SDIO_IRQHandler                          0x0800016b   Thumb Code     0  startup_stm32f103xe.o(.text)
    SPI1_IRQHandler                          0x0800016b   Thumb Code     0  startup_stm32f103xe.o(.text)
    SPI2_IRQHandler                          0x0800016b   Thumb Code     0  startup_stm32f103xe.o(.text)
    SPI3_IRQHandler                          0x0800016b   Thumb Code     0  startup_stm32f103xe.o(.text)
    TAMPER_IRQHandler                        0x0800016b   Thumb Code     0  startup_stm32f103xe.o(.text)
    TIM1_BRK_IRQHandler                      0x0800016b   Thumb Code     0  startup_stm32f103xe.o(.text)
    TIM1_CC_IRQHandler                       0x0800016b   Thumb Code     0  startup_stm32f103xe.o(.text)
    TIM1_TRG_COM_IRQHandler                  0x0800016b   Thumb Code     0  startup_stm32f103xe.o(.text)
    TIM1_UP_IRQHandler                       0x0800016b   Thumb Code     0  startup_stm32f103xe.o(.text)
    TIM2_IRQHandler                          0x0800016b   Thumb Code     0  startup_stm32f103xe.o(.text)
    TIM3_IRQHandler                          0x0800016b   Thumb Code     0  startup_stm32f103xe.o(.text)
    TIM4_IRQHandler                          0x0800016b   Thumb Code     0  startup_stm32f103xe.o(.text)
    TIM5_IRQHandler                          0x0800016b   Thumb Code     0  startup_stm32f103xe.o(.text)
    TIM7_IRQHandler                          0x0800016b   Thumb Code     0  startup_stm32f103xe.o(.text)
    TIM8_BRK_IRQHandler                      0x0800016b   Thumb Code     0  startup_stm32f103xe.o(.text)
    TIM8_CC_IRQHandler                       0x0800016b   Thumb Code     0  startup_stm32f103xe.o(.text)
    TIM8_TRG_COM_IRQHandler                  0x0800016b   Thumb Code     0  startup_stm32f103xe.o(.text)
    TIM8_UP_IRQHandler                       0x0800016b   Thumb Code     0  startup_stm32f103xe.o(.text)
    UART4_IRQHandler                         0x0800016b   Thumb Code     0  startup_stm32f103xe.o(.text)
    UART5_IRQHandler                         0x0800016b   Thumb Code     0  startup_stm32f103xe.o(.text)
    USART2_IRQHandler                        0x0800016b   Thumb Code     0  startup_stm32f103xe.o(.text)
    USBWakeUp_IRQHandler                     0x0800016b   Thumb Code     0  startup_stm32f103xe.o(.text)
    USB_HP_CAN1_TX_IRQHandler                0x0800016b   Thumb Code     0  startup_stm32f103xe.o(.text)
    USB_LP_CAN1_RX0_IRQHandler               0x0800016b   Thumb Code     0  startup_stm32f103xe.o(.text)
    WWDG_IRQHandler                          0x0800016b   Thumb Code     0  startup_stm32f103xe.o(.text)
    __aeabi_llsr                             0x08000179   Thumb Code    32  llushr.o(.text)
    _ll_ushift_r                             0x08000179   Thumb Code     0  llushr.o(.text)
    __rt_ctype_table                         0x08000199   Thumb Code     4  ctype_o.o(.text)
    isspace                                  0x080001a1   Thumb Code    18  isspace_o.o(.text)
    tolower                                  0x080001b3   Thumb Code    12  tolower.o(.text)
    ___aeabi_memcpy4$move                    0x080001bf   Thumb Code     0  memmovea.o(.text)
    ___aeabi_memcpy8$move                    0x080001bf   Thumb Code     0  memmovea.o(.text)
    __aeabi_memcpy                           0x080001bf   Thumb Code    64  memmovea.o(.text)
    __aeabi_memmove                          0x080001bf   Thumb Code     0  memmovea.o(.text)
    __aeabi_memmove4                         0x080001bf   Thumb Code     0  memmovea.o(.text)
    __aeabi_memmove8                         0x080001bf   Thumb Code     0  memmovea.o(.text)
    __aeabi_memset                           0x080001ff   Thumb Code    14  memseta.o(.text)
    __aeabi_memset4                          0x080001ff   Thumb Code     0  memseta.o(.text)
    __aeabi_memset8                          0x080001ff   Thumb Code     0  memseta.o(.text)
    __aeabi_memclr                           0x0800020d   Thumb Code     4  memseta.o(.text)
    __aeabi_memclr4                          0x0800020d   Thumb Code     0  memseta.o(.text)
    __aeabi_memclr8                          0x0800020d   Thumb Code     0  memseta.o(.text)
    _memset$wrapper                          0x08000211   Thumb Code    18  memseta.o(.text)
    strcpy                                   0x08000223   Thumb Code    18  strcpy.o(.text)
    strrchr                                  0x08000235   Thumb Code    32  strrchr.o(.text)
    strpbrk                                  0x08000255   Thumb Code    32  strpbrk.o(.text)
    __0sscanf                                0x08000275   Thumb Code    48  __0sscanf.o(.text)
    _scanf_int                               0x080002ad   Thumb Code   332  _scanf_int.o(.text)
    __aeabi_uidiv                            0x080003f9   Thumb Code     0  uidiv.o(.text)
    __aeabi_uidivmod                         0x080003f9   Thumb Code    44  uidiv.o(.text)
    __aeabi_uldivmod                         0x08000425   Thumb Code    98  uldiv.o(.text)
    _chval                                   0x08000487   Thumb Code    28  _chval.o(.text)
    __vfscanf_char                           0x080004b1   Thumb Code    20  scanf_char.o(.text)
    _sgetc                                   0x080004cd   Thumb Code    30  _sgetc.o(.text)
    _sbackspace                              0x080004eb   Thumb Code    34  _sgetc.o(.text)
    __I$use$fp                               0x0800050d   Thumb Code     0  iusefp.o(.text)
    __aeabi_dadd                             0x0800050d   Thumb Code   322  dadd.o(.text)
    __aeabi_dsub                             0x0800064f   Thumb Code     6  dadd.o(.text)
    __aeabi_drsub                            0x08000655   Thumb Code     6  dadd.o(.text)
    __aeabi_dmul                             0x0800065b   Thumb Code   228  dmul.o(.text)
    __aeabi_ddiv                             0x0800073f   Thumb Code   222  ddiv.o(.text)
    __aeabi_d2ulz                            0x0800081d   Thumb Code    48  dfixul.o(.text)
    __aeabi_cdrcmple                         0x0800084d   Thumb Code    48  cdrcmple.o(.text)
    __scatterload                            0x0800087d   Thumb Code    28  init.o(.text)
    __scatterload_rt2                        0x0800087d   Thumb Code     0  init.o(.text)
    __aeabi_llsl                             0x080008a1   Thumb Code    30  llshl.o(.text)
    _ll_shift_l                              0x080008a1   Thumb Code     0  llshl.o(.text)
    __aeabi_lasr                             0x080008bf   Thumb Code    36  llsshr.o(.text)
    _ll_sshift_r                             0x080008bf   Thumb Code     0  llsshr.o(.text)
    __vfscanf                                0x080008e5   Thumb Code   808  _scanf.o(.text)
    _double_round                            0x08000c11   Thumb Code    30  depilogue.o(.text)
    _double_epilogue                         0x08000c2f   Thumb Code   156  depilogue.o(.text)
    __decompress                             0x08000ccb   Thumb Code     0  __dczerorl2.o(.text)
    __decompress1                            0x08000ccb   Thumb Code    86  __dczerorl2.o(.text)
    BusFault_Handler                         0x08000d21   Thumb Code     2  stm32f1xx_it.o(i.BusFault_Handler)
    CPU_TS_TmrInit                           0x08000d25   Thumb Code    26  core_delay.o(i.CPU_TS_TmrInit)
    CPU_TS_Tmr_Delay_US                      0x08000d49   Thumb Code    52  core_delay.o(i.CPU_TS_Tmr_Delay_US)
    DebugMon_Handler                         0x08000d89   Thumb Code     2  stm32f1xx_it.o(i.DebugMon_Handler)
    Delay_ms_TIM6                            0x08000d8d   Thumb Code    14  tim.o(i.Delay_ms_TIM6)
    ESP8266_AT_Test                          0x08000da1   Thumb Code    80  bsp_esp8266.o(i.ESP8266_AT_Test)
    ESP8266_ApTcpServer_ConfigTest           0x08000e65   Thumb Code   156  bsp_esp8266_test.o(i.ESP8266_ApTcpServer_ConfigTest)
    ESP8266_BuildAP                          0x0800101d   Thumb Code    36  bsp_esp8266.o(i.ESP8266_BuildAP)
    ESP8266_CIPAP                            0x0800105d   Thumb Code    38  bsp_esp8266.o(i.ESP8266_CIPAP)
    ESP8266_CheckConnectTest                 0x08001099   Thumb Code   200  bsp_esp8266_test.o(i.ESP8266_CheckConnectTest)
    ESP8266_Cmd                              0x080011d1   Thumb Code   134  bsp_esp8266.o(i.ESP8266_Cmd)
    ESP8266_Enable_MultipleId                0x08001289   Thumb Code    38  bsp_esp8266.o(i.ESP8266_Enable_MultipleId)
    ESP8266_Init                             0x080012c5   Thumb Code    92  bsp_esp8266.o(i.ESP8266_Init)
    ESP8266_Net_Mode_Choose                  0x08001329   Thumb Code    44  bsp_esp8266.o(i.ESP8266_Net_Mode_Choose)
    ESP8266_Rst                              0x08001389   Thumb Code    38  bsp_esp8266.o(i.ESP8266_Rst)
    ESP8266_SendBinary                       0x080013b9   Thumb Code   142  bsp_esp8266.o(i.ESP8266_SendBinary)
    ESP8266_SendString                       0x08001481   Thumb Code   236  bsp_esp8266.o(i.ESP8266_SendString)
    ESP8266_StartOrShutServer                0x08001605   Thumb Code    96  bsp_esp8266.o(i.ESP8266_StartOrShutServer)
    EXTI9_5_IRQHandler                       0x08001735   Thumb Code     8  stm32f1xx_it.o(i.EXTI9_5_IRQHandler)
    Error_Handler                            0x0800173d   Thumb Code     4  main.o(i.Error_Handler)
    FLASH_PageErase                          0x08001741   Thumb Code    28  stm32f1xx_hal_flash_ex.o(i.FLASH_PageErase)
    FLASH_WaitForLastOperation               0x080017dd   Thumb Code    80  stm32f1xx_hal_flash.o(i.FLASH_WaitForLastOperation)
    HAL_Delay                                0x08001831   Thumb Code    32  stm32f1xx_hal.o(i.HAL_Delay)
    HAL_FLASH_Program                        0x08001855   Thumb Code   120  stm32f1xx_hal_flash.o(i.HAL_FLASH_Program)
    HAL_GPIO_EXTI_Callback                   0x080018d5   Thumb Code   148  gpio.o(i.HAL_GPIO_EXTI_Callback)
    HAL_GPIO_EXTI_IRQHandler                 0x08001975   Thumb Code    18  stm32f1xx_hal_gpio.o(i.HAL_GPIO_EXTI_IRQHandler)
    HAL_GPIO_Init                            0x0800198d   Thumb Code   462  stm32f1xx_hal_gpio.o(i.HAL_GPIO_Init)
    HAL_GPIO_WritePin                        0x08001b85   Thumb Code    10  stm32f1xx_hal_gpio.o(i.HAL_GPIO_WritePin)
    HAL_GetTick                              0x08001b91   Thumb Code     6  stm32f1xx_hal.o(i.HAL_GetTick)
    HAL_IncTick                              0x08001b9d   Thumb Code    12  stm32f1xx_hal.o(i.HAL_IncTick)
    HAL_Init                                 0x08001bad   Thumb Code    32  stm32f1xx_hal.o(i.HAL_Init)
    HAL_InitTick                             0x08001bd1   Thumb Code    54  stm32f1xx_hal.o(i.HAL_InitTick)
    HAL_MspInit                              0x08001c11   Thumb Code    52  stm32f1xx_hal_msp.o(i.HAL_MspInit)
    HAL_NVIC_DisableIRQ                      0x08001c4d   Thumb Code    34  stm32f1xx_hal_cortex.o(i.HAL_NVIC_DisableIRQ)
    HAL_NVIC_EnableIRQ                       0x08001c6f   Thumb Code    26  stm32f1xx_hal_cortex.o(i.HAL_NVIC_EnableIRQ)
    HAL_NVIC_SetPriority                     0x08001c89   Thumb Code    60  stm32f1xx_hal_cortex.o(i.HAL_NVIC_SetPriority)
    HAL_NVIC_SetPriorityGrouping             0x08001cc9   Thumb Code    26  stm32f1xx_hal_cortex.o(i.HAL_NVIC_SetPriorityGrouping)
    HAL_RCC_ClockConfig                      0x08001ced   Thumb Code   280  stm32f1xx_hal_rcc.o(i.HAL_RCC_ClockConfig)
    HAL_RCC_GetPCLK1Freq                     0x08001e19   Thumb Code    20  stm32f1xx_hal_rcc.o(i.HAL_RCC_GetPCLK1Freq)
    HAL_RCC_GetPCLK2Freq                     0x08001e39   Thumb Code    20  stm32f1xx_hal_rcc.o(i.HAL_RCC_GetPCLK2Freq)
    HAL_RCC_GetSysClockFreq                  0x08001e59   Thumb Code    58  stm32f1xx_hal_rcc.o(i.HAL_RCC_GetSysClockFreq)
    HAL_RCC_OscConfig                        0x08001ea5   Thumb Code   778  stm32f1xx_hal_rcc.o(i.HAL_RCC_OscConfig)
    HAL_SPI_Init                             0x080021c5   Thumb Code   178  stm32f1xx_hal_spi.o(i.HAL_SPI_Init)
    HAL_SPI_MspInit                          0x08002279   Thumb Code   102  spi.o(i.HAL_SPI_MspInit)
    HAL_SPI_TransmitReceive                  0x080022ed   Thumb Code   496  stm32f1xx_hal_spi.o(i.HAL_SPI_TransmitReceive)
    HAL_SYSTICK_Config                       0x080024dd   Thumb Code    40  stm32f1xx_hal_cortex.o(i.HAL_SYSTICK_Config)
    HAL_TIMEx_BreakCallback                  0x08002505   Thumb Code     2  stm32f1xx_hal_tim_ex.o(i.HAL_TIMEx_BreakCallback)
    HAL_TIMEx_CommutCallback                 0x08002507   Thumb Code     2  stm32f1xx_hal_tim_ex.o(i.HAL_TIMEx_CommutCallback)
    HAL_TIMEx_MasterConfigSynchronization    0x08002509   Thumb Code   104  stm32f1xx_hal_tim_ex.o(i.HAL_TIMEx_MasterConfigSynchronization)
    HAL_TIM_Base_Init                        0x08002585   Thumb Code    90  stm32f1xx_hal_tim.o(i.HAL_TIM_Base_Init)
    HAL_TIM_Base_MspInit                     0x080025e1   Thumb Code    50  tim.o(i.HAL_TIM_Base_MspInit)
    HAL_TIM_Base_Start_IT                    0x0800261d   Thumb Code    88  stm32f1xx_hal_tim.o(i.HAL_TIM_Base_Start_IT)
    HAL_TIM_Base_Stop_IT                     0x08002689   Thumb Code    48  stm32f1xx_hal_tim.o(i.HAL_TIM_Base_Stop_IT)
    HAL_TIM_IC_CaptureCallback               0x080026b9   Thumb Code     2  stm32f1xx_hal_tim.o(i.HAL_TIM_IC_CaptureCallback)
    HAL_TIM_IRQHandler                       0x080026bb   Thumb Code   304  stm32f1xx_hal_tim.o(i.HAL_TIM_IRQHandler)
    HAL_TIM_OC_DelayElapsedCallback          0x080027eb   Thumb Code     2  stm32f1xx_hal_tim.o(i.HAL_TIM_OC_DelayElapsedCallback)
    HAL_TIM_PWM_PulseFinishedCallback        0x080027ed   Thumb Code     2  stm32f1xx_hal_tim.o(i.HAL_TIM_PWM_PulseFinishedCallback)
    HAL_TIM_PeriodElapsedCallback            0x080027ef   Thumb Code     2  stm32f1xx_hal_tim.o(i.HAL_TIM_PeriodElapsedCallback)
    HAL_TIM_TriggerCallback                  0x080027f1   Thumb Code     2  stm32f1xx_hal_tim.o(i.HAL_TIM_TriggerCallback)
    HAL_UART_Init                            0x080027f3   Thumb Code   100  stm32f1xx_hal_uart.o(i.HAL_UART_Init)
    HAL_UART_MspInit                         0x08002859   Thumb Code   116  usart.o(i.HAL_UART_MspInit)
    HAL_UART_Transmit                        0x080028d9   Thumb Code   160  stm32f1xx_hal_uart.o(i.HAL_UART_Transmit)
    HardFault_Handler                        0x08002979   Thumb Code     2  stm32f1xx_it.o(i.HardFault_Handler)
    IINCHIP_READ                             0x0800297b   Thumb Code    52  w5500_conf.o(i.IINCHIP_READ)
    IINCHIP_SpiSendData                      0x080029af   Thumb Code     4  spi.o(i.IINCHIP_SpiSendData)
    IINCHIP_WRITE                            0x080029b3   Thumb Code    56  w5500_conf.o(i.IINCHIP_WRITE)
    MX_GPIO_Init                             0x08002aa1   Thumb Code   176  gpio.o(i.MX_GPIO_Init)
    MX_SPI2_Init                             0x08002b61   Thumb Code    64  spi.o(i.MX_SPI2_Init)
    MX_TIM6_Init                             0x08002ba9   Thumb Code    64  tim.o(i.MX_TIM6_Init)
    MX_USART1_UART_Init                      0x08002bf1   Thumb Code    58  usart.o(i.MX_USART1_UART_Init)
    MemManage_Handler                        0x08002c39   Thumb Code     2  stm32f1xx_it.o(i.MemManage_Handler)
    NMI_Handler                              0x08002c3b   Thumb Code     2  stm32f1xx_it.o(i.NMI_Handler)
    PendSV_Handler                           0x08002c3d   Thumb Code     2  stm32f1xx_it.o(i.PendSV_Handler)
    SPI_SendByte                             0x08002c75   Thumb Code    38  spi.o(i.SPI_SendByte)
    SVC_Handler                              0x08002d59   Thumb Code     2  stm32f1xx_it.o(i.SVC_Handler)
    SysTick_Handler                          0x08002d5b   Thumb Code     4  stm32f1xx_it.o(i.SysTick_Handler)
    SystemClock_Config                       0x08002d5f   Thumb Code    94  main.o(i.SystemClock_Config)
    SystemInit                               0x08002dbd   Thumb Code     2  system_stm32f1xx.o(i.SystemInit)
    TIM6_IRQHandler                          0x08002dc1   Thumb Code    16  stm32f1xx_it.o(i.TIM6_IRQHandler)
    TIM6_IncTick                             0x08002dd5   Thumb Code    10  tim.o(i.TIM6_IncTick)
    TIM_Base_SetConfig                       0x08002de5   Thumb Code   134  stm32f1xx_hal_tim.o(i.TIM_Base_SetConfig)
    UPDC32                                   0x08002ffd   Thumb Code    16  crctab.o(i.UPDC32)
    USART1_IRQHandler                        0x08003011   Thumb Code    34  stm32f1xx_it.o(i.USART1_IRQHandler)
    USART3_IRQHandler                        0x0800303d   Thumb Code   394  stm32f1xx_it.o(i.USART3_IRQHandler)
    USART_printf                             0x08003201   Thumb Code   180  bsp_esp8266.o(i.USART_printf)
    UsageFault_Handler                       0x080032b9   Thumb Code     2  stm32f1xx_it.o(i.UsageFault_Handler)
    __0printf                                0x080032bd   Thumb Code    22  printfa.o(i.__0printf)
    __1printf                                0x080032bd   Thumb Code     0  printfa.o(i.__0printf)
    __2printf                                0x080032bd   Thumb Code     0  printfa.o(i.__0printf)
    __c89printf                              0x080032bd   Thumb Code     0  printfa.o(i.__0printf)
    printf                                   0x080032bd   Thumb Code     0  printfa.o(i.__0printf)
    __0sprintf                               0x080032dd   Thumb Code    34  printfa.o(i.__0sprintf)
    __1sprintf                               0x080032dd   Thumb Code     0  printfa.o(i.__0sprintf)
    __2sprintf                               0x080032dd   Thumb Code     0  printfa.o(i.__0sprintf)
    __c89sprintf                             0x080032dd   Thumb Code     0  printfa.o(i.__0sprintf)
    sprintf                                  0x080032dd   Thumb Code     0  printfa.o(i.__0sprintf)
    __scatterload_copy                       0x08003325   Thumb Code    14  handlers.o(i.__scatterload_copy)
    __scatterload_null                       0x08003333   Thumb Code     2  handlers.o(i.__scatterload_null)
    __scatterload_zeroinit                   0x08003335   Thumb Code    14  handlers.o(i.__scatterload_zeroinit)
    calculateCRC16                           0x08003c59   Thumb Code    50  filetransferprotocol.o(i.calculateCRC16)
    close                                    0x08003c8b   Thumb Code    48  socket.o(i.close)
    createFrame                              0x08003cbb   Thumb Code    74  filetransferprotocol.o(i.createFrame)
    delay_ms                                 0x08003d05   Thumb Code    36  utility.o(i.delay_ms)
    delay_us                                 0x08003d2d   Thumb Code    36  utility.o(i.delay_us)
    do_tcp_server                            0x08003d55   Thumb Code    62  tcp_demo.o(i.do_tcp_server)
    fgetc                                    0x08003d99   Thumb Code     4  usart.o(i.fgetc)
    fileReceiverHandleData                   0x08003d9d   Thumb Code   188  filetransferreceiver.o(i.fileReceiverHandleData)
    fileReceiverHandleData_W5500             0x08003e59   Thumb Code   118  filetransferreceiver.o(i.fileReceiverHandleData_W5500)
    fileReceiverInit                         0x08003ecf   Thumb Code    30  filetransferreceiver.o(i.fileReceiverInit)
    fileReceiverSendAck                      0x08003eed   Thumb Code    68  filetransferreceiver.o(i.fileReceiverSendAck)
    fileReceiverSendNak                      0x08003f35   Thumb Code    68  filetransferreceiver.o(i.fileReceiverSendNak)
    fileReceiverSendReady                    0x08003f7d   Thumb Code    68  filetransferreceiver.o(i.fileReceiverSendReady)
    fileno                                   0x08003fc5   Thumb Code     4  file.o(i.fileno)
    find_cmd                                 0x08003fc9   Thumb Code    38  command.o(i.find_cmd)
    fopen2                                   0x08004095   Thumb Code    20  file.o(i.fopen2)
    fputc                                    0x080040ad   Thumb Code    52  usart.o(i.fputc)
    fstat                                    0x080040e5   Thumb Code    12  file.o(i.fstat)
    fwrite2                                  0x080040f5   Thumb Code    36  file.o(i.fwrite2)
    getGAR                                   0x0800411d   Thumb Code    10  w5500.o(i.getGAR)
    getIINCHIP_TxMAX                         0x08004129   Thumb Code     8  w5500.o(i.getIINCHIP_TxMAX)
    getSIPR                                  0x08004135   Thumb Code    12  w5500.o(i.getSIPR)
    getSUBR                                  0x08004141   Thumb Code    12  w5500.o(i.getSUBR)
    getSn_IR                                 0x0800414d   Thumb Code    12  w5500.o(i.getSn_IR)
    getSn_RX_RSR                             0x08004159   Thumb Code    76  w5500.o(i.getSn_RX_RSR)
    getSn_SR                                 0x080041a5   Thumb Code    12  w5500.o(i.getSn_SR)
    getSn_TX_FSR                             0x080041b1   Thumb Code    76  w5500.o(i.getSn_TX_FSR)
    get_cmds                                 0x080041fd   Thumb Code     4  command.o(i.get_cmds)
    get_download_address                     0x08004205   Thumb Code     6  mrz.o(i.get_download_address)
    get_file_size                            0x08004211   Thumb Code     6  file.o(i.get_file_size)
    get_flash                                0x0800421d   Thumb Code     4  stm_flash.o(i.get_flash)
    getc                                     0x08004225   Thumb Code     4  getc.o(i.getc)
    getchar2                                 0x08004229   Thumb Code    20  usart.o(i.getchar2)
    io_mode                                  0x080043a5   Thumb Code     6  rbsb.o(i.io_mode)
    listen                                   0x080043ab   Thumb Code    54  socket.o(i.listen)
    main                                     0x080043e1   Thumb Code   204  main.o(i.main)
    memcmp                                   0x080045d1   Thumb Code    28  string.o(i.memcmp)
    msh_exec                                 0x080045ed   Thumb Code    78  parser.o(i.msh_exec)
    parseFrame                               0x08004725   Thumb Code    78  filetransferprotocol.o(i.parseFrame)
    popen                                    0x08004773   Thumb Code     4  file.o(i.popen)
    processFrame                             0x08004779   Thumb Code   202  filetransferreceiver.o(i.processFrame)
    putc                                     0x0800489d   Thumb Code     4  putc.o(i.putc)
    putc2                                    0x080048a1   Thumb Code    16  file.o(i.putc2)
    putdatas                                 0x080048b5   Thumb Code    26  usart.o(i.putdatas)
    putstr                                   0x080048d5   Thumb Code    22  usart.o(i.putstr)
    recv                                     0x080048f1   Thumb Code    48  socket.o(i.recv)
    recv_data_processing                     0x08004921   Thumb Code   104  w5500.o(i.recv_data_processing)
    reset_w5500                              0x080049a9   Thumb Code    46  w5500_conf.o(i.reset_w5500)
    ring_buffer_init                         0x080049dd   Thumb Code    12  ring_buffer.o(i.ring_buffer_init)
    ring_buffer_read                         0x080049e9   Thumb Code    44  ring_buffer.o(i.ring_buffer_read)
    ring_buffer_write                        0x08004a15   Thumb Code    30  ring_buffer.o(i.ring_buffer_write)
    rz                                       0x08004a35   Thumb Code    56  mrz.o(i.rz)
    rz_init                                  0x08004aad   Thumb Code   210  lrz.o(i.rz_init)
    send                                     0x0800547b   Thumb Code   164  socket.o(i.send)
    send_data_processing                     0x0800551f   Thumb Code    96  w5500.o(i.send_data_processing)
    sendbrk                                  0x0800557f   Thumb Code     2  rbsb.o(i.sendbrk)
    setGAR                                   0x08005581   Thumb Code    10  w5500.o(i.setGAR)
    setSHAR                                  0x0800558b   Thumb Code    12  w5500.o(i.setSHAR)
    setSIPR                                  0x08005597   Thumb Code    12  w5500.o(i.setSIPR)
    setSUBR                                  0x080055a3   Thumb Code    12  w5500.o(i.setSUBR)
    setSn_IR                                 0x080055af   Thumb Code    12  w5500.o(i.setSn_IR)
    set_w5500_ip                             0x080055bd   Thumb Code   206  w5500_conf.o(i.set_w5500_ip)
    set_w5500_mac                            0x08005741   Thumb Code    34  w5500_conf.o(i.set_w5500_mac)
    shell                                    0x0800576d   Thumb Code   548  shell.o(i.shell)
    shell_putchar                            0x08005a99   Thumb Code    22  usart.o(i.shell_putchar)
    sleep                                    0x08005ab5   Thumb Code     4  file.o(i.sleep)
    socket                                   0x08005ab9   Thumb Code   144  socket.o(i.socket)
    socket_buf_init                          0x08005b4d   Thumb Code   128  w5500.o(i.socket_buf_init)
    str2hex                                  0x08005cf9   Thumb Code   100  string.o(i.str2hex)
    strcmp                                   0x08005d5d   Thumb Code    24  string.o(i.strcmp)
    strlen                                   0x08005d75   Thumb Code    16  string.o(i.strlen)
    strstr                                   0x08005d85   Thumb Code    66  string.o(i.strstr)
    systick_init                             0x08005dc9   Thumb Code    38  utility.o(i.systick_init)
    updcrc                                   0x08005df5   Thumb Code    18  crctab.o(i.updcrc)
    wiz_cs                                   0x08005e0d   Thumb Code    26  w5500_conf.o(i.wiz_cs)
    wiz_read_buf                             0x08005e2d   Thumb Code    82  w5500_conf.o(i.wiz_read_buf)
    wiz_write_buf                            0x08005e99   Thumb Code    74  w5500_conf.o(i.wiz_write_buf)
    writeToMemory                            0x08005ee3   Thumb Code    18  filetransferreceiver.o(i.writeToMemory)
    zm_ackbibi                               0x08005f4d   Thumb Code    64  zm.o(i.zm_ackbibi)
    zm_do_crc_check                          0x08005f8d   Thumb Code   156  zm.o(i.zm_do_crc_check)
    zm_get_header                            0x080061c3   Thumb Code   340  zm.o(i.zm_get_header)
    zm_init                                  0x08006355   Thumb Code    70  zm.o(i.zm_init)
    zm_receive_data                          0x080065e9   Thumb Code   188  zm.o(i.zm_receive_data)
    zm_reclaim_receive_header                0x080066a5   Thumb Code    22  zm.o(i.zm_reclaim_receive_header)
    zm_send_hex_header                       0x080066bd   Thumb Code   184  zm.o(i.zm_send_hex_header)
    zm_set_header_payload                    0x08006775   Thumb Code    16  zm.o(i.zm_set_header_payload)
    zm_set_header_payload_bytes              0x08006785   Thumb Code    14  zm.o(i.zm_set_header_payload_bytes)
    zmodem_receive                           0x08006795   Thumb Code   166  lrz.o(i.zmodem_receive)
    zreadline_canit                          0x08006889   Thumb Code    20  zreadline.o(i.zreadline_canit)
    zreadline_flushline                      0x080068a1   Thumb Code     2  zreadline.o(i.zreadline_flushline)
    zreadline_getc                           0x080068a3   Thumb Code    10  zreadline.o(i.zreadline_getc)
    zreadline_init                           0x080068ad   Thumb Code    32  zreadline.o(i.zreadline_init)
    AHBPrescTable                            0x080068e2   Data          16  system_stm32f1xx.o(.constdata)
    APBPrescTable                            0x080068f2   Data           8  system_stm32f1xx.o(.constdata)
    __ctype_table                            0x080068fa   Data         129  ctype_o.o(.constdata)
    Region$$Table$$Base                      0x08006c48   Number         0  anon$$obj.o(Region$$Table)
    Region$$Table$$Limit                     0x08006c68   Number         0  anon$$obj.o(Region$$Table)
    Tick_TIM6                                0x20008000   Data           4  tim.o(.data)
    g_WiFi_Shell_Enable                      0x20008004   Data           1  usart.o(.data)
    uwTickFreq                               0x20008018   Data           1  stm32f1xx_hal.o(.data)
    uwTickPrio                               0x2000801c   Data           4  stm32f1xx_hal.o(.data)
    uwTick                                   0x20008020   Data           4  stm32f1xx_hal.o(.data)
    SystemCoreClock                          0x20008024   Data           4  system_stm32f1xx.o(.data)
    help_cmd                                 0x2000804c   Data          16  help_cmd.o(.data)
    go_cmd                                   0x2000805c   Data          16  go_cmd.o(.data)
    flash_cmd                                0x2000806c   Data          16  flash_cmd.o(.data)
    md_cmd                                   0x2000807c   Data          16  mem_cmd.o(.data)
    InitWifi_cmd                             0x2000809c   Data          16  init_cmd.o(.data)
    InitEthernet_cmd                         0x200080ac   Data          16  init_cmd.o(.data)
    crctab                                   0x200080bc   Data         512  crctab.o(.data)
    cr3tab                                   0x200082bc   Data        1024  crctab.o(.data)
    g_download_address                       0x200086bc   Data           4  mrz.o(.data)
    g_bytes                                  0x200086c0   Data           4  mrz.o(.data)
    rz_cmd                                   0x200086c4   Data          16  mrz.o(.data)
    ucTcpClosedFlag                          0x200086fa   Data           1  bsp_esp8266_test.o(.data)
    ip_from                                  0x200086fc   Data           1  w5500_conf.o(.data)
    local_port                               0x200086fe   Data           2  w5500_conf.o(.data)
    local_ip                                 0x20008700   Data           4  w5500_conf.o(.data)
    subnet                                   0x20008704   Data           4  w5500_conf.o(.data)
    gateway                                  0x20008708   Data           4  w5500_conf.o(.data)
    dns_server                               0x2000870c   Data           4  w5500_conf.o(.data)
    mac                                      0x20008710   Data           6  w5500_conf.o(.data)
    txsize                                   0x20008716   Data           8  w5500.o(.data)
    rxsize                                   0x2000871e   Data           8  w5500.o(.data)
    __stdout                                 0x2000872c   Data           4  stdout.o(.data)
    hspi2                                    0x20008730   Data          88  spi.o(.bss)
    htim6                                    0x20008788   Data          72  tim.o(.bss)
    rx_buf                                   0x200087d0   Data        1032  usart.o(.bss)
    huart1                                   0x20008bd8   Data          72  usart.o(.bss)
    pFlash                                   0x20009520   Data          32  stm32f1xx_hal_flash.o(.bss)
    g_shell                                  0x20009540   Data        1292  shell.o(.bss)
    strEsp8266_Fram_Record                   0x2000a15c   Data        1026  bsp_esp8266.o(.bss)
    huart_esp8266                            0x2000a560   Data          72  bsp_esp8266.o(.bss)
    strUSART_Fram_Record                     0x2000a5a8   Data        1026  bsp_esp8266.o(.bss)
    DHCP_GET                                 0x2000a9aa   Data          22  w5500_conf.o(.bss)
    ConfigMsg                                0x2000a9c0   Data          28  w5500_conf.o(.bss)
    SSIZE                                    0x2000a9dc   Data          16  w5500.o(.bss)
    RSIZE                                    0x2000a9ec   Data          16  w5500.o(.bss)
    buff                                     0x2000a9fc   Data        2048  tcp_demo.o(.bss)
    fileReceiver                             0x2000b1fc   Data        4364  filetransferreceiver.o(.bss)
    __initial_sp                             0x2000c708   Data           0  startup_stm32f103xe.o(STACK)



==============================================================================

Memory Map of the image

  Image Entry point : 0x08000131

  Load Region LR_IROM1 (Base: 0x08000000, Size: 0x00007398, Max: 0x00008000, ABSOLUTE, COMPRESSED[0x0000733c])

    Execution Region ER_IROM1 (Base: 0x08000000, Size: 0x00006c68, Max: 0x00008000, ABSOLUTE)

    Base Addr    Size         Type   Attr      Idx    E Section Name        Object

    0x08000000   0x00000130   Data   RO            3    RESET               startup_stm32f103xe.o
    0x08000130   0x00000000   Code   RO         5291  * .ARM.Collect$$$$00000000  mc_w.l(entry.o)
    0x08000130   0x00000004   Code   RO         5632    .ARM.Collect$$$$00000001  mc_w.l(entry2.o)
    0x08000134   0x00000004   Code   RO         5635    .ARM.Collect$$$$00000004  mc_w.l(entry5.o)
    0x08000138   0x00000000   Code   RO         5637    .ARM.Collect$$$$00000008  mc_w.l(entry7b.o)
    0x08000138   0x00000000   Code   RO         5639    .ARM.Collect$$$$0000000A  mc_w.l(entry8b.o)
    0x08000138   0x00000008   Code   RO         5640    .ARM.Collect$$$$0000000B  mc_w.l(entry9a.o)
    0x08000140   0x00000000   Code   RO         5642    .ARM.Collect$$$$0000000D  mc_w.l(entry10a.o)
    0x08000140   0x00000000   Code   RO         5644    .ARM.Collect$$$$0000000F  mc_w.l(entry11a.o)
    0x08000140   0x00000004   Code   RO         5633    .ARM.Collect$$$$00002712  mc_w.l(entry2.o)
    0x08000144   0x00000034   Code   RO            4    .text               startup_stm32f103xe.o
    0x08000178   0x00000020   Code   RO         5311    .text               mc_w.l(llushr.o)
    0x08000198   0x00000008   Code   RO         5313    .text               mc_w.l(ctype_o.o)
    0x080001a0   0x00000012   Code   RO         5335    .text               mc_w.l(isspace_o.o)
    0x080001b2   0x0000000c   Code   RO         5341    .text               mc_w.l(tolower.o)
    0x080001be   0x00000040   Code   RO         5345    .text               mc_w.l(memmovea.o)
    0x080001fe   0x00000024   Code   RO         5347    .text               mc_w.l(memseta.o)
    0x08000222   0x00000012   Code   RO         5351    .text               mc_w.l(strcpy.o)
    0x08000234   0x00000020   Code   RO         5359    .text               mc_w.l(strrchr.o)
    0x08000254   0x00000020   Code   RO         5361    .text               mc_w.l(strpbrk.o)
    0x08000274   0x00000038   Code   RO         5628    .text               mc_w.l(__0sscanf.o)
    0x080002ac   0x0000014c   Code   RO         5630    .text               mc_w.l(_scanf_int.o)
    0x080003f8   0x0000002c   Code   RO         5646    .text               mc_w.l(uidiv.o)
    0x08000424   0x00000062   Code   RO         5648    .text               mc_w.l(uldiv.o)
    0x08000486   0x0000001c   Code   RO         5650    .text               mc_w.l(_chval.o)
    0x080004a2   0x00000002   PAD
    0x080004a4   0x00000028   Code   RO         5652    .text               mc_w.l(scanf_char.o)
    0x080004cc   0x00000040   Code   RO         5654    .text               mc_w.l(_sgetc.o)
    0x0800050c   0x00000000   Code   RO         5656    .text               mc_w.l(iusefp.o)
    0x0800050c   0x0000014e   Code   RO         5657    .text               mf_w.l(dadd.o)
    0x0800065a   0x000000e4   Code   RO         5659    .text               mf_w.l(dmul.o)
    0x0800073e   0x000000de   Code   RO         5661    .text               mf_w.l(ddiv.o)
    0x0800081c   0x00000030   Code   RO         5663    .text               mf_w.l(dfixul.o)
    0x0800084c   0x00000030   Code   RO         5665    .text               mf_w.l(cdrcmple.o)
    0x0800087c   0x00000024   Code   RO         5667    .text               mc_w.l(init.o)
    0x080008a0   0x0000001e   Code   RO         5669    .text               mc_w.l(llshl.o)
    0x080008be   0x00000024   Code   RO         5671    .text               mc_w.l(llsshr.o)
    0x080008e2   0x00000002   PAD
    0x080008e4   0x0000032c   Code   RO         5675    .text               mc_w.l(_scanf.o)
    0x08000c10   0x000000ba   Code   RO         5677    .text               mf_w.l(depilogue.o)
    0x08000cca   0x00000056   Code   RO         5690    .text               mc_w.l(__dczerorl2.o)
    0x08000d20   0x00000002   Code   RO          487    i.BusFault_Handler  stm32f1xx_it.o
    0x08000d22   0x00000002   PAD
    0x08000d24   0x00000024   Code   RO         4531    i.CPU_TS_TmrInit    core_delay.o
    0x08000d48   0x00000040   Code   RO         4533    i.CPU_TS_Tmr_Delay_US  core_delay.o
    0x08000d88   0x00000002   Code   RO          488    i.DebugMon_Handler  stm32f1xx_it.o
    0x08000d8a   0x00000002   PAD
    0x08000d8c   0x00000014   Code   RO          325    i.Delay_ms_TIM6     tim.o
    0x08000da0   0x000000c4   Code   RO         4314    i.ESP8266_AT_Test   bsp_esp8266.o
    0x08000e64   0x000001b8   Code   RO         4473    i.ESP8266_ApTcpServer_ConfigTest  bsp_esp8266_test.o
    0x0800101c   0x00000040   Code   RO         4315    i.ESP8266_BuildAP   bsp_esp8266.o
    0x0800105c   0x0000003c   Code   RO         4316    i.ESP8266_CIPAP     bsp_esp8266.o
    0x08001098   0x00000138   Code   RO         4474    i.ESP8266_CheckConnectTest  bsp_esp8266_test.o
    0x080011d0   0x000000b8   Code   RO         4317    i.ESP8266_Cmd       bsp_esp8266.o
    0x08001288   0x0000003c   Code   RO         4319    i.ESP8266_Enable_MultipleId  bsp_esp8266.o
    0x080012c4   0x00000064   Code   RO         4323    i.ESP8266_Init      bsp_esp8266.o
    0x08001328   0x00000060   Code   RO         4327    i.ESP8266_Net_Mode_Choose  bsp_esp8266.o
    0x08001388   0x00000030   Code   RO         4329    i.ESP8266_Rst       bsp_esp8266.o
    0x080013b8   0x000000c8   Code   RO         4330    i.ESP8266_SendBinary  bsp_esp8266.o
    0x08001480   0x00000184   Code   RO         4331    i.ESP8266_SendString  bsp_esp8266.o
    0x08001604   0x00000088   Code   RO         4332    i.ESP8266_StartOrShutServer  bsp_esp8266.o
    0x0800168c   0x000000a8   Code   RO         4333    i.ESP8266_USART_Config  bsp_esp8266.o
    0x08001734   0x00000008   Code   RO          489    i.EXTI9_5_IRQHandler  stm32f1xx_it.o
    0x0800173c   0x00000004   Code   RO           13    i.Error_Handler     main.o
    0x08001740   0x00000024   Code   RO         1804    i.FLASH_PageErase   stm32f1xx_hal_flash_ex.o
    0x08001764   0x0000001c   Code   RO         1696    i.FLASH_Program_HalfWord  stm32f1xx_hal_flash.o
    0x08001780   0x0000005c   Code   RO         1697    i.FLASH_SetErrorCode  stm32f1xx_hal_flash.o
    0x080017dc   0x00000054   Code   RO         1698    i.FLASH_WaitForLastOperation  stm32f1xx_hal_flash.o
    0x08001830   0x00000024   Code   RO          986    i.HAL_Delay         stm32f1xx_hal.o
    0x08001854   0x00000080   Code   RO         1707    i.HAL_FLASH_Program  stm32f1xx_hal_flash.o
    0x080018d4   0x000000a0   Code   RO          223    i.HAL_GPIO_EXTI_Callback  gpio.o
    0x08001974   0x00000018   Code   RO         1295    i.HAL_GPIO_EXTI_IRQHandler  stm32f1xx_hal_gpio.o
    0x0800198c   0x000001f8   Code   RO         1296    i.HAL_GPIO_Init     stm32f1xx_hal_gpio.o
    0x08001b84   0x0000000a   Code   RO         1300    i.HAL_GPIO_WritePin  stm32f1xx_hal_gpio.o
    0x08001b8e   0x00000002   PAD
    0x08001b90   0x0000000c   Code   RO          990    i.HAL_GetTick       stm32f1xx_hal.o
    0x08001b9c   0x00000010   Code   RO          996    i.HAL_IncTick       stm32f1xx_hal.o
    0x08001bac   0x00000024   Code   RO          997    i.HAL_Init          stm32f1xx_hal.o
    0x08001bd0   0x00000040   Code   RO          998    i.HAL_InitTick      stm32f1xx_hal.o
    0x08001c10   0x0000003c   Code   RO          597    i.HAL_MspInit       stm32f1xx_hal_msp.o
    0x08001c4c   0x00000022   Code   RO         1455    i.HAL_NVIC_DisableIRQ  stm32f1xx_hal_cortex.o
    0x08001c6e   0x0000001a   Code   RO         1456    i.HAL_NVIC_EnableIRQ  stm32f1xx_hal_cortex.o
    0x08001c88   0x00000040   Code   RO         1462    i.HAL_NVIC_SetPriority  stm32f1xx_hal_cortex.o
    0x08001cc8   0x00000024   Code   RO         1463    i.HAL_NVIC_SetPriorityGrouping  stm32f1xx_hal_cortex.o
    0x08001cec   0x0000012c   Code   RO         1154    i.HAL_RCC_ClockConfig  stm32f1xx_hal_rcc.o
    0x08001e18   0x00000020   Code   RO         1161    i.HAL_RCC_GetPCLK1Freq  stm32f1xx_hal_rcc.o
    0x08001e38   0x00000020   Code   RO         1162    i.HAL_RCC_GetPCLK2Freq  stm32f1xx_hal_rcc.o
    0x08001e58   0x0000004c   Code   RO         1163    i.HAL_RCC_GetSysClockFreq  stm32f1xx_hal_rcc.o
    0x08001ea4   0x00000320   Code   RO         1166    i.HAL_RCC_OscConfig  stm32f1xx_hal_rcc.o
    0x080021c4   0x000000b2   Code   RO          668    i.HAL_SPI_Init      stm32f1xx_hal_spi.o
    0x08002276   0x00000002   PAD
    0x08002278   0x00000074   Code   RO          272    i.HAL_SPI_MspInit   spi.o
    0x080022ec   0x000001f0   Code   RO          677    i.HAL_SPI_TransmitReceive  stm32f1xx_hal_spi.o
    0x080024dc   0x00000028   Code   RO         1467    i.HAL_SYSTICK_Config  stm32f1xx_hal_cortex.o
    0x08002504   0x00000002   Code   RO         2662    i.HAL_TIMEx_BreakCallback  stm32f1xx_hal_tim_ex.o
    0x08002506   0x00000002   Code   RO         2663    i.HAL_TIMEx_CommutCallback  stm32f1xx_hal_tim_ex.o
    0x08002508   0x0000007c   Code   RO         2681    i.HAL_TIMEx_MasterConfigSynchronization  stm32f1xx_hal_tim_ex.o
    0x08002584   0x0000005a   Code   RO         1958    i.HAL_TIM_Base_Init  stm32f1xx_hal_tim.o
    0x080025de   0x00000002   PAD
    0x080025e0   0x0000003c   Code   RO          327    i.HAL_TIM_Base_MspInit  tim.o
    0x0800261c   0x0000006c   Code   RO         1963    i.HAL_TIM_Base_Start_IT  stm32f1xx_hal_tim.o
    0x08002688   0x00000030   Code   RO         1966    i.HAL_TIM_Base_Stop_IT  stm32f1xx_hal_tim.o
    0x080026b8   0x00000002   Code   RO         1992    i.HAL_TIM_IC_CaptureCallback  stm32f1xx_hal_tim.o
    0x080026ba   0x00000130   Code   RO         2006    i.HAL_TIM_IRQHandler  stm32f1xx_hal_tim.o
    0x080027ea   0x00000002   Code   RO         2009    i.HAL_TIM_OC_DelayElapsedCallback  stm32f1xx_hal_tim.o
    0x080027ec   0x00000002   Code   RO         2036    i.HAL_TIM_PWM_PulseFinishedCallback  stm32f1xx_hal_tim.o
    0x080027ee   0x00000002   Code   RO         2044    i.HAL_TIM_PeriodElapsedCallback  stm32f1xx_hal_tim.o
    0x080027f0   0x00000002   Code   RO         2049    i.HAL_TIM_TriggerCallback  stm32f1xx_hal_tim.o
    0x080027f2   0x00000064   Code   RO         2959    i.HAL_UART_Init     stm32f1xx_hal_uart.o
    0x08002856   0x00000002   PAD
    0x08002858   0x00000080   Code   RO          387    i.HAL_UART_MspInit  usart.o
    0x080028d8   0x000000a0   Code   RO         2967    i.HAL_UART_Transmit  stm32f1xx_hal_uart.o
    0x08002978   0x00000002   Code   RO          490    i.HardFault_Handler  stm32f1xx_it.o
    0x0800297a   0x00000034   Code   RO         4567    i.IINCHIP_READ      w5500_conf.o
    0x080029ae   0x00000004   Code   RO          273    i.IINCHIP_SpiSendData  spi.o
    0x080029b2   0x00000038   Code   RO         4568    i.IINCHIP_WRITE     w5500_conf.o
    0x080029ea   0x00000002   PAD
    0x080029ec   0x00000040   Code   RO         3818    i.InitEthernet_f    init_cmd.o
    0x08002a2c   0x00000074   Code   RO         3819    i.InitWifi_f        init_cmd.o
    0x08002aa0   0x000000c0   Code   RO          224    i.MX_GPIO_Init      gpio.o
    0x08002b60   0x00000048   Code   RO          274    i.MX_SPI2_Init      spi.o
    0x08002ba8   0x00000048   Code   RO          328    i.MX_TIM6_Init      tim.o
    0x08002bf0   0x00000048   Code   RO          388    i.MX_USART1_UART_Init  usart.o
    0x08002c38   0x00000002   Code   RO          491    i.MemManage_Handler  stm32f1xx_it.o
    0x08002c3a   0x00000002   Code   RO          492    i.NMI_Handler       stm32f1xx_it.o
    0x08002c3c   0x00000002   Code   RO          493    i.PendSV_Handler    stm32f1xx_it.o
    0x08002c3e   0x00000034   Code   RO          706    i.SPI_EndRxTxTransaction  stm32f1xx_hal_spi.o
    0x08002c72   0x00000002   PAD
    0x08002c74   0x0000002c   Code   RO          275    i.SPI_SendByte      spi.o
    0x08002ca0   0x000000b8   Code   RO          711    i.SPI_WaitFlagStateUntilTimeout  stm32f1xx_hal_spi.o
    0x08002d58   0x00000002   Code   RO          494    i.SVC_Handler       stm32f1xx_it.o
    0x08002d5a   0x00000004   Code   RO          495    i.SysTick_Handler   stm32f1xx_it.o
    0x08002d5e   0x0000005e   Code   RO           14    i.SystemClock_Config  main.o
    0x08002dbc   0x00000002   Code   RO         3293    i.SystemInit        system_stm32f1xx.o
    0x08002dbe   0x00000002   PAD
    0x08002dc0   0x00000014   Code   RO          496    i.TIM6_IRQHandler   stm32f1xx_it.o
    0x08002dd4   0x00000010   Code   RO          330    i.TIM6_IncTick      tim.o
    0x08002de4   0x0000009c   Code   RO         2051    i.TIM_Base_SetConfig  stm32f1xx_hal_tim.o
    0x08002e80   0x0000004e   Code   RO         2982    i.UART_EndRxTransfer  stm32f1xx_hal_uart.o
    0x08002ece   0x00000002   PAD
    0x08002ed0   0x000000b8   Code   RO         2985    i.UART_SetConfig    stm32f1xx_hal_uart.o
    0x08002f88   0x00000072   Code   RO         2988    i.UART_WaitOnFlagUntilTimeout  stm32f1xx_hal_uart.o
    0x08002ffa   0x00000002   PAD
    0x08002ffc   0x00000014   Code   RO         3866    i.UPDC32            crctab.o
    0x08003010   0x0000002c   Code   RO          497    i.USART1_IRQHandler  stm32f1xx_it.o
    0x0800303c   0x000001c4   Code   RO          498    i.USART3_IRQHandler  stm32f1xx_it.o
    0x08003200   0x000000b8   Code   RO         4335    i.USART_printf      bsp_esp8266.o
    0x080032b8   0x00000002   Code   RO          499    i.UsageFault_Handler  stm32f1xx_it.o
    0x080032ba   0x00000002   PAD
    0x080032bc   0x00000020   Code   RO         5600    i.__0printf         mc_w.l(printfa.o)
    0x080032dc   0x00000028   Code   RO         5602    i.__0sprintf        mc_w.l(printfa.o)
    0x08003304   0x00000020   Code   RO         1469    i.__NVIC_SetPriority  stm32f1xx_hal_cortex.o
    0x08003324   0x0000000e   Code   RO         5684    i.__scatterload_copy  mc_w.l(handlers.o)
    0x08003332   0x00000002   Code   RO         5685    i.__scatterload_null  mc_w.l(handlers.o)
    0x08003334   0x0000000e   Code   RO         5686    i.__scatterload_zeroinit  mc_w.l(handlers.o)
    0x08003342   0x00000002   PAD
    0x08003344   0x00000164   Code   RO         5607    i._fp_digits        mc_w.l(printfa.o)
    0x080034a8   0x00000076   Code   RO         3473    i._msh_exec_cmd     parser.o
    0x0800351e   0x00000002   PAD
    0x08003520   0x000006dc   Code   RO         5608    i._printf_core      mc_w.l(printfa.o)
    0x08003bfc   0x00000024   Code   RO         5609    i._printf_post_padding  mc_w.l(printfa.o)
    0x08003c20   0x0000002e   Code   RO         5610    i._printf_pre_padding  mc_w.l(printfa.o)
    0x08003c4e   0x0000000a   Code   RO         5612    i._sputc            mc_w.l(printfa.o)
    0x08003c58   0x00000032   Code   RO         5163    i.calculateCRC16    filetransferprotocol.o
    0x08003c8a   0x00000030   Code   RO         4873    i.close             socket.o
    0x08003cba   0x0000004a   Code   RO         5164    i.createFrame       filetransferprotocol.o
    0x08003d04   0x00000028   Code   RO         4962    i.delay_ms          utility.o
    0x08003d2c   0x00000028   Code   RO         4964    i.delay_us          utility.o
    0x08003d54   0x00000044   Code   RO         5119    i.do_tcp_server     tcp_demo.o
    0x08003d98   0x00000004   Code   RO          390    i.fgetc             usart.o
    0x08003d9c   0x000000bc   Code   RO         5209    i.fileReceiverHandleData  filetransferreceiver.o
    0x08003e58   0x00000076   Code   RO         5210    i.fileReceiverHandleData_W5500  filetransferreceiver.o
    0x08003ece   0x0000001e   Code   RO         5211    i.fileReceiverInit  filetransferreceiver.o
    0x08003eec   0x00000048   Code   RO         5212    i.fileReceiverSendAck  filetransferreceiver.o
    0x08003f34   0x00000048   Code   RO         5213    i.fileReceiverSendNak  filetransferreceiver.o
    0x08003f7c   0x00000048   Code   RO         5214    i.fileReceiverSendReady  filetransferreceiver.o
    0x08003fc4   0x00000004   Code   RO         3590    i.fileno            file.o
    0x08003fc8   0x0000002c   Code   RO         3511    i.find_cmd          command.o
    0x08003ff4   0x000000a0   Code   RO         3697    i.flash_f           flash_cmd.o
    0x08004094   0x00000018   Code   RO         3591    i.fopen2            file.o
    0x080040ac   0x00000038   Code   RO          391    i.fputc             usart.o
    0x080040e4   0x00000010   Code   RO         3592    i.fstat             file.o
    0x080040f4   0x00000028   Code   RO         3593    i.fwrite2           file.o
    0x0800411c   0x0000000a   Code   RO         4682    i.getGAR            w5500.o
    0x08004126   0x00000002   PAD
    0x08004128   0x0000000c   Code   RO         4684    i.getIINCHIP_TxMAX  w5500.o
    0x08004134   0x0000000c   Code   RO         4687    i.getSIPR           w5500.o
    0x08004140   0x0000000c   Code   RO         4688    i.getSUBR           w5500.o
    0x0800414c   0x0000000c   Code   RO         4689    i.getSn_IR          w5500.o
    0x08004158   0x0000004c   Code   RO         4690    i.getSn_RX_RSR      w5500.o
    0x080041a4   0x0000000c   Code   RO         4691    i.getSn_SR          w5500.o
    0x080041b0   0x0000004c   Code   RO         4692    i.getSn_TX_FSR      w5500.o
    0x080041fc   0x00000008   Code   RO         3512    i.get_cmds          command.o
    0x08004204   0x0000000c   Code   RO         4005    i.get_download_address  mrz.o
    0x08004210   0x0000000c   Code   RO         3594    i.get_file_size     file.o
    0x0800421c   0x00000008   Code   RO         3759    i.get_flash         stm_flash.o
    0x08004224   0x00000004   Code   RO         5296    i.getc              mc_w.l(getc.o)
    0x08004228   0x00000018   Code   RO          392    i.getchar2          usart.o
    0x08004240   0x000000d0   Code   RO         3662    i.go_f              go_cmd.o
    0x08004310   0x00000094   Code   RO         3535    i.help_f            help_cmd.o
    0x080043a4   0x00000006   Code   RO         4047    i.io_mode           rbsb.o
    0x080043aa   0x00000036   Code   RO         4876    i.listen            socket.o
    0x080043e0   0x00000178   Code   RO           17    i.main              main.o
    0x08004558   0x00000078   Code   RO         3728    i.md_f              mem_cmd.o
    0x080045d0   0x0000001c   Code   RO         3412    i.memcmp            string.o
    0x080045ec   0x00000068   Code   RO         3474    i.msh_exec          parser.o
    0x08004654   0x000000d0   Code   RO         3475    i.msh_split         parser.o
    0x08004724   0x0000004e   Code   RO         5165    i.parseFrame        filetransferprotocol.o
    0x08004772   0x00000004   Code   RO         3596    i.popen             file.o
    0x08004776   0x00000002   PAD
    0x08004778   0x00000124   Code   RO         5217    i.processFrame      filetransferreceiver.o
    0x0800489c   0x00000004   Code   RO         5298    i.putc              mc_w.l(putc.o)
    0x080048a0   0x00000014   Code   RO         3597    i.putc2             file.o
    0x080048b4   0x00000020   Code   RO          393    i.putdatas          usart.o
    0x080048d4   0x0000001c   Code   RO          394    i.putstr            usart.o
    0x080048f0   0x00000030   Code   RO         4877    i.recv              socket.o
    0x08004920   0x00000088   Code   RO         4694    i.recv_data_processing  w5500.o
    0x080049a8   0x00000034   Code   RO         4572    i.reset_w5500       w5500_conf.o
    0x080049dc   0x0000000c   Code   RO         3563    i.ring_buffer_init  ring_buffer.o
    0x080049e8   0x0000002c   Code   RO         3564    i.ring_buffer_read  ring_buffer.o
    0x08004a14   0x0000001e   Code   RO         3565    i.ring_buffer_write  ring_buffer.o
    0x08004a32   0x00000002   PAD
    0x08004a34   0x00000078   Code   RO         4007    i.rz                mrz.o
    0x08004aac   0x000000d8   Code   RO         3886    i.rz_init           lrz.o
    0x08004b84   0x00000250   Code   RO         3887    i.rz_process_header  lrz.o
    0x08004dd4   0x0000009e   Code   RO         3888    i.rz_receive        lrz.o
    0x08004e72   0x00000002   PAD
    0x08004e74   0x000001f4   Code   RO         3889    i.rz_receive_file   lrz.o
    0x08005068   0x0000008c   Code   RO         3890    i.rz_receive_pathname  lrz.o
    0x080050f4   0x00000158   Code   RO         3891    i.rz_receive_sector  lrz.o
    0x0800524c   0x000000ac   Code   RO         3892    i.rz_receive_sectors  lrz.o
    0x080052f8   0x00000054   Code   RO         3893    i.rz_write_string_to_file  lrz.o
    0x0800534c   0x0000012e   Code   RO         3894    i.rz_zmodem_session_startup  lrz.o
    0x0800547a   0x000000a4   Code   RO         4879    i.send              socket.o
    0x0800551e   0x00000060   Code   RO         4695    i.send_data_processing  w5500.o
    0x0800557e   0x00000002   Code   RO         4048    i.sendbrk           rbsb.o
    0x08005580   0x0000000a   Code   RO         4696    i.setGAR            w5500.o
    0x0800558a   0x0000000c   Code   RO         4700    i.setSHAR           w5500.o
    0x08005596   0x0000000c   Code   RO         4701    i.setSIPR           w5500.o
    0x080055a2   0x0000000c   Code   RO         4702    i.setSUBR           w5500.o
    0x080055ae   0x0000000c   Code   RO         4703    i.setSn_IR          w5500.o
    0x080055ba   0x00000002   PAD
    0x080055bc   0x00000184   Code   RO         4573    i.set_w5500_ip      w5500_conf.o
    0x08005740   0x0000002c   Code   RO         4574    i.set_w5500_mac     w5500_conf.o
    0x0800576c   0x0000023c   Code   RO         3335    i.shell             shell.o
    0x080059a8   0x0000003c   Code   RO         3336    i.shell_handle_history  shell.o
    0x080059e4   0x000000b4   Code   RO         3337    i.shell_push_history  shell.o
    0x08005a98   0x0000001c   Code   RO          396    i.shell_putchar     usart.o
    0x08005ab4   0x00000004   Code   RO         3598    i.sleep             file.o
    0x08005ab8   0x00000094   Code   RO         4881    i.socket            socket.o
    0x08005b4c   0x00000084   Code   RO         4706    i.socket_buf_init   w5500.o
    0x08005bd0   0x0000004c   Code   RO         3760    i.stm32_flash_erase  stm_flash.o
    0x08005c1c   0x00000010   Code   RO         3761    i.stm32_flash_lock  stm_flash.o
    0x08005c2c   0x0000000c   Code   RO         3762    i.stm32_flash_read  stm_flash.o
    0x08005c38   0x00000020   Code   RO         3763    i.stm32_flash_unlock  stm_flash.o
    0x08005c58   0x000000a0   Code   RO         3764    i.stm32_flash_write  stm_flash.o
    0x08005cf8   0x00000064   Code   RO         3416    i.str2hex           string.o
    0x08005d5c   0x00000018   Code   RO         3417    i.strcmp            string.o
    0x08005d74   0x00000010   Code   RO         3418    i.strlen            string.o
    0x08005d84   0x00000042   Code   RO         3419    i.strstr            string.o
    0x08005dc6   0x00000002   PAD
    0x08005dc8   0x0000002c   Code   RO         4977    i.systick_init      utility.o
    0x08005df4   0x00000018   Code   RO         3867    i.updcrc            crctab.o
    0x08005e0c   0x00000020   Code   RO         4575    i.wiz_cs            w5500_conf.o
    0x08005e2c   0x0000006c   Code   RO         4576    i.wiz_read_buf      w5500_conf.o
    0x08005e98   0x0000004a   Code   RO         4577    i.wiz_write_buf     w5500_conf.o
    0x08005ee2   0x00000012   Code   RO         5218    i.writeToMemory     filetransferreceiver.o
    0x08005ef4   0x00000058   Code   RO         3895    i.write_modem_escaped_string_to_stdout  lrz.o
    0x08005f4c   0x00000040   Code   RO         4072    i.zm_ackbibi        zm.o
    0x08005f8c   0x0000009c   Code   RO         4073    i.zm_do_crc_check   zm.o
    0x08006028   0x00000060   Code   RO         4074    i.zm_escape_sequence_init  zm.o
    0x08006088   0x00000038   Code   RO         4076    i.zm_get_ascii_char  zm.o
    0x080060c0   0x00000020   Code   RO         4077    i.zm_get_escaped_char  zm.o
    0x080060e0   0x000000e2   Code   RO         4078    i.zm_get_escaped_char_internal  zm.o
    0x080061c2   0x00000154   Code   RO         4079    i.zm_get_header     zm.o
    0x08006316   0x0000003e   Code   RO         4080    i.zm_get_hex_encoded_byte  zm.o
    0x08006354   0x0000004c   Code   RO         4082    i.zm_init           zm.o
    0x080063a0   0x00000078   Code   RO         4085    i.zm_read_binary_header  zm.o
    0x08006418   0x00000078   Code   RO         4086    i.zm_read_binary_header32  zm.o
    0x08006490   0x000000cc   Code   RO         4087    i.zm_read_data32    zm.o
    0x0800655c   0x0000008c   Code   RO         4088    i.zm_read_hex_header  zm.o
    0x080065e8   0x000000bc   Code   RO         4089    i.zm_receive_data   zm.o
    0x080066a4   0x00000016   Code   RO         4090    i.zm_reclaim_receive_header  zm.o
    0x080066ba   0x00000002   PAD
    0x080066bc   0x000000b8   Code   RO         4096    i.zm_send_hex_header  zm.o
    0x08006774   0x00000010   Code   RO         4097    i.zm_set_header_payload  zm.o
    0x08006784   0x0000000e   Code   RO         4098    i.zm_set_header_payload_bytes  zm.o
    0x08006792   0x00000002   PAD
    0x08006794   0x000000dc   Code   RO         3896    i.zmodem_receive    lrz.o
    0x08006870   0x00000018   Code   RO         4100    i.zputhex           zm.o
    0x08006888   0x00000018   Code   RO         4263    i.zreadline_canit   zreadline.o
    0x080068a0   0x00000002   Code   RO         4265    i.zreadline_flushline  zreadline.o
    0x080068a2   0x0000000a   Code   RO         4266    i.zreadline_getc    zreadline.o
    0x080068ac   0x00000024   Code   RO         4267    i.zreadline_init    zreadline.o
    0x080068d0   0x00000012   Data   RO         1167    .constdata          stm32f1xx_hal_rcc.o
    0x080068e2   0x00000010   Data   RO         3294    .constdata          system_stm32f1xx.o
    0x080068f2   0x00000008   Data   RO         3295    .constdata          system_stm32f1xx.o
    0x080068fa   0x00000081   Data   RO         5314    .constdata          mc_w.l(ctype_o.o)
    0x0800697b   0x00000001   PAD
    0x0800697c   0x00000004   Data   RO         5315    .constdata          mc_w.l(ctype_o.o)
    0x08006980   0x00000006   Data   RO         3339    .conststring        shell.o
    0x08006986   0x00000002   PAD
    0x08006988   0x00000029   Data   RO         3536    .conststring        help_cmd.o
    0x080069b1   0x00000003   PAD
    0x080069b4   0x0000005b   Data   RO         3663    .conststring        go_cmd.o
    0x08006a0f   0x00000001   PAD
    0x08006a10   0x000000ba   Data   RO         3698    .conststring        flash_cmd.o
    0x08006aca   0x00000002   PAD
    0x08006acc   0x0000003f   Data   RO         3729    .conststring        mem_cmd.o
    0x08006b0b   0x00000001   PAD
    0x08006b0c   0x0000000c   Data   RO         3765    .conststring        stm_flash.o
    0x08006b18   0x00000039   Data   RO         3820    .conststring        init_cmd.o
    0x08006b51   0x00000003   PAD
    0x08006b54   0x0000003b   Data   RO         3821    .conststring        init_cmd.o
    0x08006b8f   0x00000001   PAD
    0x08006b90   0x00000047   Data   RO         4008    .conststring        mrz.o
    0x08006bd7   0x00000001   PAD
    0x08006bd8   0x0000006d   Data   RO         4477    .conststring        bsp_esp8266_test.o
    0x08006c45   0x00000003   PAD
    0x08006c48   0x00000020   Data   RO         5682    Region$$Table       anon$$obj.o


    Execution Region RW_IRAM1 (Base: 0x20008000, Size: 0x00004708, Max: 0xffffffff, ABSOLUTE, COMPRESSED[0x000006d4])

    Base Addr    Size         Type   Attr      Idx    E Section Name        Object

    0x20008000   0x00000004   Data   RW          332    .data               tim.o
    0x20008004   0x0000000c   Data   RW          399    .data               usart.o
    0x20008010   0x00000008   Data   RW          501    .data               stm32f1xx_it.o
    0x20008018   0x0000000c   Data   RW         1004    .data               stm32f1xx_hal.o
    0x20008024   0x00000004   Data   RW         3296    .data               system_stm32f1xx.o
    0x20008028   0x00000004   Data   RW         3340    .data               shell.o
    0x2000802c   0x00000020   Data   RW         3513    .data               command.o
    0x2000804c   0x00000010   Data   RW         3537    .data               help_cmd.o
    0x2000805c   0x00000010   Data   RW         3664    .data               go_cmd.o
    0x2000806c   0x00000010   Data   RW         3699    .data               flash_cmd.o
    0x2000807c   0x00000010   Data   RW         3730    .data               mem_cmd.o
    0x2000808c   0x00000010   Data   RW         3766    .data               stm_flash.o
    0x2000809c   0x00000010   Data   RW         3822    .data               init_cmd.o
    0x200080ac   0x00000010   Data   RW         3823    .data               init_cmd.o
    0x200080bc   0x00000600   Data   RW         3868    .data               crctab.o
    0x200086bc   0x00000008   Data   RW         4009    .data               mrz.o
    0x200086c4   0x00000010   Data   RW         4010    .data               mrz.o
    0x200086d4   0x00000011   Data   RW         4104    .data               zm.o
    0x200086e5   0x00000015   Data   RW         4269    .data               zreadline.o
    0x200086fa   0x00000002   Data   RW         4478    .data               bsp_esp8266_test.o
    0x200086fc   0x0000001a   Data   RW         4580    .data               w5500_conf.o
    0x20008716   0x00000008   Data   RW         4708    .data               w5500.o
    0x2000871e   0x00000008   Data   RW         4709    .data               w5500.o
    0x20008726   0x00000004   Data   RW         4981    .data               utility.o
    0x2000872a   0x00000002   PAD
    0x2000872c   0x00000004   Data   RW         5310    .data               mc_w.l(stdout.o)
    0x20008730   0x00000058   Zero   RW          276    .bss                spi.o
    0x20008788   0x00000048   Zero   RW          331    .bss                tim.o
    0x200087d0   0x00000550   Zero   RW          398    .bss                usart.o
    0x20008d20   0x00000800   Zero   RW          500    .bss                stm32f1xx_it.o
    0x20009520   0x00000020   Zero   RW         1710    .bss                stm32f1xx_hal_flash.o
    0x20009540   0x0000050c   Zero   RW         3338    .bss                shell.o
    0x20009a4c   0x0000000c   Zero   RW         3599    .bss                file.o
    0x20009a58   0x000005ac   Zero   RW         3897    .bss                lrz.o
    0x2000a004   0x00000140   Zero   RW         4102    .bss                zm.o
    0x2000a144   0x00000018   Zero   RW         4268    .bss                zreadline.o
    0x2000a15c   0x0000044c   Zero   RW         4336    .bss                bsp_esp8266.o
    0x2000a5a8   0x00000402   Zero   RW         4337    .bss                bsp_esp8266.o
    0x2000a9aa   0x00000032   Zero   RW         4578    .bss                w5500_conf.o
    0x2000a9dc   0x00000020   Zero   RW         4707    .bss                w5500.o
    0x2000a9fc   0x00000800   Zero   RW         5120    .bss                tcp_demo.o
    0x2000b1fc   0x0000110c   Zero   RW         5219    .bss                filetransferreceiver.o
    0x2000c308   0x00000400   Zero   RW            1    STACK               startup_stm32f103xe.o


==============================================================================

Image component sizes


      Code (inc. data)   RO Data    RW Data    ZI Data      Debug   Object Name

      1884        578          0          0       2126      13862   bsp_esp8266.o
       752        396        109          2          0       2489   bsp_esp8266_test.o
        52         10          0         32          0       2150   command.o
       100         22          0          0          0       1910   core_delay.o
        44         10          0       1536          0       1802   crctab.o
       124         22          0          0         12       7700   file.o
       202          0          0          0          0       3164   filetransferprotocol.o
       862        102          0          0       4364       7506   filetransferreceiver.o
       160         26        186         16          0       1812   flash_cmd.o
       208         64         91         16          0       2393   go_cmd.o
       352         28          0          0          0       4687   gpio.o
       148         38         41         16          0       1599   help_cmd.o
       180         30        116         32          0       1496   init_cmd.o
      2816        158          0          0       1452      21412   lrz.o
       474        172          0          0          0     508497   main.o
       120         34         63         16          0       1077   mem_cmd.o
       132         70         71         24          0       1916   mrz.o
       430         64          0          0          0       3887   parser.o
         8          0          0          0          0        924   rbsb.o
        86          0          0          0          0       2794   ring_buffer.o
       812         44          6          4       1292       5185   shell.o
       462          4          0          0          0       4080   socket.o
       236         28          0          0         88       3114   spi.o
        52         12        304          0       1024        876   startup_stm32f103xe.o
       164         28          0         12          0       6877   stm32f1xx_hal.o
       232         14          0          0          0      29849   stm32f1xx_hal_cortex.o
       332         28          0          0         32       3914   stm32f1xx_hal_flash.o
        36          8          0          0          0       2021   stm32f1xx_hal_flash_ex.o
       538         48          0          0          0       3739   stm32f1xx_hal_gpio.o
        60          8          0          0          0       1058   stm32f1xx_hal_msp.o
      1240         84         18          0          0       5432   stm32f1xx_hal_rcc.o
       910          4          0          0          0       4945   stm32f1xx_hal_spi.o
       716         42          0          0          0       8268   stm32f1xx_hal_tim.o
       128         20          0          0          0       2649   stm32f1xx_hal_tim_ex.o
       636          6          0          0          0       4944   stm32f1xx_hal_uart.o
       544         72          0          8       2048       8065   stm32f1xx_it.o
       304        104         12         16          0       4708   stm_flash.o
       234          0          0          0          0       3462   string.o
         2          0         24          4          0       1331   system_stm32f1xx.o
        68          6          0          0       2048       1459   tcp_demo.o
       168         30          0          4         72       2942   tim.o
       372         52          0         12       1360       6890   usart.o
       124         14          0          4          0       1853   utility.o
       644         40          0         16         32      10004   w5500.o
       806        230          0         26         50       8579   w5500_conf.o
      2140         22          0         17        320      16619   zm.o
        72          8          0         21         24       3346   zreadline.o

    ----------------------------------------------------------------------
     21208       2780       1090       1836      16344     749286   Object Totals
         0          0         32          0          0          0   (incl. Generated)
        42          0         17          2          0          0   (incl. Padding)

    ----------------------------------------------------------------------

      Code (inc. data)   RO Data    RW Data    ZI Data      Debug   Library Member Name

        56          8          0          0          0         84   __0sscanf.o
        86          0          0          0          0          0   __dczerorl2.o
        28          0          0          0          0         68   _chval.o
       812          4          0          0          0        112   _scanf.o
       332          0          0          0          0         96   _scanf_int.o
        64          0          0          0          0         84   _sgetc.o
         8          4        133          0          0         68   ctype_o.o
         0          0          0          0          0          0   entry.o
         0          0          0          0          0          0   entry10a.o
         0          0          0          0          0          0   entry11a.o
         8          4          0          0          0          0   entry2.o
         4          0          0          0          0          0   entry5.o
         0          0          0          0          0          0   entry7b.o
         0          0          0          0          0          0   entry8b.o
         8          4          0          0          0          0   entry9a.o
         4          0          0          0          0         68   getc.o
        30          0          0          0          0          0   handlers.o
        36          8          0          0          0         68   init.o
        18          0          0          0          0         76   isspace_o.o
         0          0          0          0          0          0   iusefp.o
        30          0          0          0          0         68   llshl.o
        36          0          0          0          0         68   llsshr.o
        32          0          0          0          0         68   llushr.o
        64          0          0          0          0         76   memmovea.o
        36          0          0          0          0        108   memseta.o
      2276         96          0          0          0        596   printfa.o
         4          0          0          0          0         68   putc.o
        40          8          0          0          0         84   scanf_char.o
         0          0          0          4          0          0   stdout.o
        18          0          0          0          0         68   strcpy.o
        32          0          0          0          0         76   strpbrk.o
        32          0          0          0          0         68   strrchr.o
        12          0          0          0          0         68   tolower.o
        44          0          0          0          0         80   uidiv.o
        98          0          0          0          0         92   uldiv.o
        48          0          0          0          0         68   cdrcmple.o
       334          0          0          0          0        148   dadd.o
       222          0          0          0          0        100   ddiv.o
       186          0          0          0          0        176   depilogue.o
        48          0          0          0          0         68   dfixul.o
       228          0          0          0          0         96   dmul.o

    ----------------------------------------------------------------------
      5320        136        134          4          0       2968   Library Totals
         6          0          1          0          0          0   (incl. Padding)

    ----------------------------------------------------------------------

      Code (inc. data)   RO Data    RW Data    ZI Data      Debug   Library Name

      4248        136        133          4          0       2312   mc_w.l
      1066          0          0          0          0        656   mf_w.l

    ----------------------------------------------------------------------
      5320        136        134          4          0       2968   Library Totals

    ----------------------------------------------------------------------

==============================================================================


      Code (inc. data)   RO Data    RW Data    ZI Data      Debug   

     26528       2916       1224       1840      16344     739642   Grand Totals
     26528       2916       1224       1748      16344     739642   ELF Image Totals (compressed)
     26528       2916       1224       1748          0          0   ROM Totals

==============================================================================

    Total RO  Size (Code + RO Data)                27752 (  27.10kB)
    Total RW  Size (RW Data + ZI Data)             18184 (  17.76kB)
    Total ROM Size (Code + RO Data + RW Data)      29500 (  28.81kB)

==============================================================================

